****************************************
Report : qor
Design : cv32e40p_top
Version: O-2018.06-SP1
Date   : Tue Jul  1 13:07:21 2025
****************************************


Scenario           'func_fast_Cmax'
Timing Path Group  'clk_i'
----------------------------------------
Levels of Logic:                     21
Critical Path Length:              4.40
Critical Path Slack:               0.59
Critical Path Clk Period:          5.00
Total Negative Slack:              0.00
No. of Violating Paths:               0
Worst Hold Violation:              0.00
Total Hold Violation:              0.00
No. of Hold Violations:               0
----------------------------------------

Scenario           'func_fast_Cmin'
Timing Path Group  'clk_i'
----------------------------------------
Levels of Logic:                     21
Critical Path Length:              4.38
Critical Path Slack:               0.61
Critical Path Clk Period:          5.00
Total Negative Slack:              0.00
No. of Violating Paths:               0
Worst Hold Violation:              0.00
Total Hold Violation:              0.00
No. of Hold Violations:               0
----------------------------------------

Scenario           'func_slow_Cmax'
Timing Path Group  'clk_i'
----------------------------------------
Levels of Logic:                     21
Critical Path Length:              4.98
Critical Path Slack:               0.03
Critical Path Clk Period:          5.00
Total Negative Slack:              0.00
No. of Violating Paths:               0
Worst Hold Violation:              0.00
Total Hold Violation:              0.00
No. of Hold Violations:               0
----------------------------------------

Scenario           'func_slow_Cmin'
Timing Path Group  'clk_i'
----------------------------------------
Levels of Logic:                     21
Critical Path Length:              4.92
Critical Path Slack:               0.09
Critical Path Clk Period:          5.00
Total Negative Slack:              0.00
No. of Violating Paths:               0
Worst Hold Violation:              0.00
Total Hold Violation:              0.00
No. of Hold Violations:               0
----------------------------------------

Scenario           'test_fast_Cmax'
Timing Path Group  'clk_i'
----------------------------------------
Levels of Logic:                     21
Critical Path Length:              4.40
Critical Path Slack:               0.59
Critical Path Clk Period:          5.00
Total Negative Slack:              0.00
No. of Violating Paths:               0
Worst Hold Violation:              0.00
Total Hold Violation:              0.00
No. of Hold Violations:               0
----------------------------------------

Scenario           'test_fast_Cmin'
Timing Path Group  'clk_i'
----------------------------------------
Levels of Logic:                     21
Critical Path Length:              4.38
Critical Path Slack:               0.61
Critical Path Clk Period:          5.00
Total Negative Slack:              0.00
No. of Violating Paths:               0
Worst Hold Violation:              0.00
Total Hold Violation:              0.00
No. of Hold Violations:               0
----------------------------------------

Scenario           'test_slow_Cmax'
Timing Path Group  'clk_i'
----------------------------------------
Levels of Logic:                     21
Critical Path Length:              4.98
Critical Path Slack:               0.03
Critical Path Clk Period:          5.00
Total Negative Slack:              0.00
No. of Violating Paths:               0
Worst Hold Violation:              0.00
Total Hold Violation:              0.00
No. of Hold Violations:               0
----------------------------------------

Scenario           'test_slow_Cmin'
Timing Path Group  'clk_i'
----------------------------------------
Levels of Logic:                     21
Critical Path Length:              4.92
Critical Path Slack:               0.09
Critical Path Clk Period:          5.00
Total Negative Slack:              0.00
No. of Violating Paths:               0
Worst Hold Violation:              0.00
Total Hold Violation:              0.00
No. of Hold Violations:               0
----------------------------------------


Cell Count
----------------------------------------
Hierarchical Cell Count:             72
Hierarchical Port Count:          13670
Leaf Cell Count:                  24705
Buf/Inv Cell Count:                4157
Buf Cell Count:                     340
Inv Cell Count:                    3817
CT Buf/Inv Cell Count:                0
Combinational Cell Count:         22446
Sequential Cell Count:             2259
Macro Count:                          0
----------------------------------------


Area
----------------------------------------
Combinational Area:            13006.49
Noncombinational Area:          3010.36
Buf/Inv Area:                   1017.60
Total Buffer Area:               126.18
Total Inverter Area:             891.42
Macro/Black Box Area:              0.00
Net Area:                             0
Net XLength:                       0.00
Net YLength:                       0.00
----------------------------------------
Cell Area (netlist):                          16016.86
Cell Area (netlist and physical only):        18079.33
Net Length:                        0.00


Design Rules
----------------------------------------
Total Number of Nets:             27012
Nets with Violations:                 0
Max Trans Violations:                 0
Max Cap Violations:                   0
----------------------------------------

1
