#@ # 
#@ # Running icc2_shell Version O-2018.06-SP1 for linux64 -- Jul 17, 2018
#@ # Date:   Sat Mar 15 20:18:49 2025
#@ # Run by: ICer@IC_EDA
#@ 

gui_set_pref_value -category {SelectByNamePalette} -key {ObjectType} -value {Logical Cells}
open_lib ndm/mips_16
|
list_blocks
open_block mip16_route.design
gui_set_pref_value -category {showRelativeLocationConstraints} -key {macroOffsetX} -value {0.001}
gui_set_pref_value -category {showRelativeLocationConstraints} -key {macroOffsetY} -value {0.001}
link_block
win_set_filter -visible -class cell -filter {hard_macro_margin hard_margin route_blockage_margin soft_margin}
win_set_filter -visible -class placement_blockage -filter {wiring} -layer {0-72}
win_set_filter -expand_cell_types {soft_macro  }
win_set_select_class -visible {cell port bound routing_blockage shaping_blockage pg_region pin_blockage block_shielding topology_node topology_edge core_area die_area edit_group shape via terminal fill_cell placement_blockage }
win_set_filter -class cell -filter {cell_array hard_macro_margin hard_margin route_blockage_margin soft_margin}
win_set_filter -class placement_blockage -filter {wiring} -layer {0-72}
win_set_select_class {cell port bound routing_blockage shaping_blockage pg_region pin_blockage topology_node topology_edge edit_group shape via placement_blockage }
gui_zoom -window [gui_get_current_window -types Layout -view] -factor 2 -at_point {324.635 257.829}
gui_zoom -window [gui_get_current_window -types Layout -view] -factor 2 -at_point {324.754 257.947}
gui_zoom -window [gui_get_current_window -types Layout -view] -factor 2 -at_point {322.989 225.421}
create_stdcell_filler -lib_cell $std_fillers
connect_pg_net -net "VDD" [get_pins -hierarchical "*/VDD*"]
connect_pg_net -net "VSS" [get_pins -hierarchical "*/VSS"]
## std filler
set pnr_std_fillers " */SAEDRVT14_FILL_ECO_18   */SAEDRVT14_FILL_ECO_15 */SAEDRVT14_FILL_ECO_12 */SAEDRVT14_FILL_ECO_9   */SAEDRVT14_FILL_ECO_2 */SAEDRVT14_FILL_ECO_1    */SAEDRVT14_FILL_NNWIV1Y2_2 */SAEDRVT14_FILL_NNWIV1Y2_3 */SAEDRVT14_FILL_NNWIY2_2 */SAEDRVT14_FILL_NNWIY2_3 */SAEDRVT14_FILL_NNWSPACERY2_7 */SAEDRVT14_FILL_NNWVDDBRKY2_3 */SAEDRVT14_FILLP2 */SAEDRVT14_FILLP3 */SAEDRVT14_FILL_SPACER_7 */SAEDRVT14_FILL_Y2_3 "
set std_fillers "  */SAEDRVT14_DCAP_PV1ECO_18   "
#foreach filler $pnr_std_fillers { lappend std_fillers "*/${filler}" }
create_stdcell_filler -lib_cell $std_fillers
gui_set_setting -window [gui_get_current_window -types Layout -mru] -setting showLayer_NWELL -value false
gui_set_setting -window [gui_get_current_window -types Layout -mru] -setting showLayer_LVTIMP -value false
gui_set_setting -window [gui_get_current_window -types Layout -mru] -setting showLayer_PO -value false
gui_set_setting -window [gui_get_current_window -types Layout -mru] -setting showLayer_M1 -value false
gui_set_setting -window [gui_get_current_window -types Layout -mru] -setting showLayer_M1DMY -value false
gui_set_setting -window [gui_get_current_window -types Layout -mru] -setting showLayer_VIA1 -value false
gui_set_setting -window [gui_get_current_window -types Layout -mru] -setting showLayer_M2 -value false
gui_set_setting -window [gui_get_current_window -types Layout -mru] -setting showLayer_M2DMY -value false
gui_set_setting -window [gui_get_current_window -types Layout -mru] -setting showLayer_VIA2 -value false
gui_set_setting -window [gui_get_current_window -types Layout -mru] -setting showLayer_M3 -value false
gui_set_setting -window [gui_get_current_window -types Layout -mru] -setting showLayer_M3DMY -value false
gui_set_setting -window [gui_get_current_window -types Layout -mru] -setting showLayer_VIA3 -value false
gui_set_setting -window [gui_get_current_window -types Layout -mru] -setting showLayer_M4 -value false
gui_set_setting -window [gui_get_current_window -types Layout -mru] -setting showLayer_M4DMY -value false
gui_set_setting -window [gui_get_current_window -types Layout -mru] -setting showLayer_VIA4 -value false
gui_set_setting -window [gui_get_current_window -types Layout -mru] -setting showLayer_M5 -value false
gui_set_setting -window [gui_get_current_window -types Layout -mru] -setting showLayer_M5DMY -value false
gui_set_setting -window [gui_get_current_window -types Layout -mru] -setting showLayer_VIA5 -value false
gui_set_setting -window [gui_get_current_window -types Layout -mru] -setting showLayer_M6 -value false
gui_set_setting -window [gui_get_current_window -types Layout -mru] -setting showLayer_M6DMY -value false
gui_set_setting -window [gui_get_current_window -types Layout -mru] -setting showLayer_VIA6 -value false
gui_set_setting -window [gui_get_current_window -types Layout -mru] -setting showLayer_M7 -value false
gui_set_setting -window [gui_get_current_window -types Layout -mru] -setting showLayer_M7DMY -value false
gui_set_setting -window [gui_get_current_window -types Layout -mru] -setting showLayer_VIA7 -value false
gui_set_setting -window [gui_get_current_window -types Layout -mru] -setting showLayer_M8 -value false
gui_set_setting -window [gui_get_current_window -types Layout -mru] -setting showLayer_M8DMY -value false
gui_set_setting -window [gui_get_current_window -types Layout -mru] -setting showLayer_VIA8 -value false
gui_set_setting -window [gui_get_current_window -types Layout -mru] -setting showLayer_M9 -value false
gui_set_setting -window [gui_get_current_window -types Layout -mru] -setting showLayer_M9DMY -value false
gui_set_setting -window [gui_get_current_window -types Layout -mru] -setting showLayer_VIARDL -value false
gui_set_setting -window [gui_get_current_window -types Layout -mru] -setting showLayer_MRDL -value false
gui_set_setting -window [gui_get_current_window -types Layout -mru] -setting showLayer_DIFF -value false
gui_set_setting -window [gui_get_current_window -types Layout -mru] -setting showLayer_BJTDMY -value false
gui_set_setting -window [gui_get_current_window -types Layout -mru] -setting showLayer_CPO -value false
gui_set_setting -window [gui_get_current_window -types Layout -mru] -setting showLayer_CTM1 -value false
gui_set_setting -window [gui_get_current_window -types Layout -mru] -setting showLayer_DIFF_15 -value false
gui_set_setting -window [gui_get_current_window -types Layout -mru] -setting showLayer_DIFF_25 -value false
gui_set_setting -window [gui_get_current_window -types Layout -mru] -setting showLayer_DIOD -value false
gui_set_setting -window [gui_get_current_window -types Layout -mru] -setting showLayer_DNW -value false
gui_set_setting -window [gui_get_current_window -types Layout -mru] -setting showLayer_ESD -value false
gui_set_setting -window [gui_get_current_window -types Layout -mru] -setting showLayer_FIN -value false
gui_set_setting -window [gui_get_current_window -types Layout -mru] -setting showLayer_HOTNWL -value false
gui_set_setting -window [gui_get_current_window -types Layout -mru] -setting showLayer_HVTIMP -value false
gui_set_setting -window [gui_get_current_window -types Layout -mru] -setting showLayer_IP -value false
gui_set_setting -window [gui_get_current_window -types Layout -mru] -setting showLayer_LOGO -value false
gui_set_setting -window [gui_get_current_window -types Layout -mru] -setting showLayer_M1PIN -value false
gui_set_setting -window [gui_get_current_window -types Layout -mru] -setting showLayer_M2PIN -value false
gui_set_setting -window [gui_get_current_window -types Layout -mru] -setting showLayer_M3PIN -value false
gui_set_setting -window [gui_get_current_window -types Layout -mru] -setting showLayer_M4PIN -value false
gui_set_setting -window [gui_get_current_window -types Layout -mru] -setting showLayer_M5PIN -value false
gui_set_setting -window [gui_get_current_window -types Layout -mru] -setting showLayer_M6PIN -value false
gui_set_setting -window [gui_get_current_window -types Layout -mru] -setting showLayer_M7PIN -value false
gui_set_setting -window [gui_get_current_window -types Layout -mru] -setting showLayer_M8PIN -value false
gui_set_setting -window [gui_get_current_window -types Layout -mru] -setting showLayer_M9PIN -value false
gui_set_setting -window [gui_get_current_window -types Layout -mru] -setting showLayer_MRPIN -value false
gui_set_setting -window [gui_get_current_window -types Layout -mru] -setting showLayer_NIMP -value false
gui_set_setting -window [gui_get_current_window -types Layout -mru] -setting showLayer_PAD -value false
gui_set_setting -window [gui_get_current_window -types Layout -mru] -setting showLayer_PIMP -value false
gui_set_setting -window [gui_get_current_window -types Layout -mru] -setting showLayer_RM1 -value false
gui_set_setting -window [gui_get_current_window -types Layout -mru] -setting showLayer_RM2 -value false
gui_set_setting -window [gui_get_current_window -types Layout -mru] -setting showLayer_RM3 -value false
gui_set_setting -window [gui_get_current_window -types Layout -mru] -setting showLayer_RM4 -value false
gui_set_setting -window [gui_get_current_window -types Layout -mru] -setting showLayer_RM5 -value false
gui_set_setting -window [gui_get_current_window -types Layout -mru] -setting showLayer_RM6 -value false
gui_set_setting -window [gui_get_current_window -types Layout -mru] -setting showLayer_RM7 -value false
gui_set_setting -window [gui_get_current_window -types Layout -mru] -setting showLayer_RM8 -value false
gui_set_setting -window [gui_get_current_window -types Layout -mru] -setting showLayer_RM9 -value false
gui_set_setting -window [gui_get_current_window -types Layout -mru] -setting showLayer_RMARK -value false
gui_set_setting -window [gui_get_current_window -types Layout -mru] -setting showLayer_RNW -value false
gui_set_setting -window [gui_get_current_window -types Layout -mru] -setting showLayer_SBLK -value false
gui_set_setting -window [gui_get_current_window -types Layout -mru] -setting showLayer_VIA0 -value false
gui_set_setting -window [gui_get_current_window -types Layout -mru] -setting showLayer_prBoundary -value false
gui_set_setting -window [gui_get_current_window -types Layout -mru] -setting showLayer_UNASSIGNED -value false
win_set_filter -visible -class routing_blockage -layer {0-72}
win_set_filter -visible -class shape -filter {} -layer {0-72}
win_set_filter -visible -class via -filter {} -layer {0-72}
win_set_filter -visible -class terminal -filter {}  -layer {0-72}
win_set_filter -class routing_blockage -layer {0-72}
win_set_filter -class shape -filter {} -layer {0-72}
win_set_filter -class via -filter {} -layer {0-72}
gui_zoom -window [gui_get_current_window -types Layout -view] -factor 0.5 -at_point {335.974 231.347}
gui_zoom -window [gui_get_current_window -types Layout -view] -factor 0.5 -at_point {335.848 231.473}
gui_zoom -window [gui_get_current_window -types Layout -view] -factor 0.5 -at_point {335.848 231.725}
gui_zoom -window [gui_get_current_window -types Layout -view] -factor 2 -at_point {349.968 186.340}
gui_zoom -window [gui_get_current_window -types Layout -view] -factor 2 -at_point {349.968 186.340}
gui_zoom -window [gui_get_current_window -types Layout -view] -factor 2 -at_point {349.968 186.340}
gui_zoom -window [gui_get_current_window -types Layout -view] -factor 2 -at_point {325.511 175.120}
gui_zoom -window [gui_get_current_window -types Layout -view] -factor 0.5 -at_point {325.484 175.146}
gui_zoom -window [gui_get_current_window -types Layout -view] -factor 0.5 -at_point {325.511 175.120}
gui_zoom -window [gui_get_current_window -types Layout -view] -factor 0.5 -at_point {325.511 175.246}
gui_zoom -window [gui_get_current_window -types Layout -view] -factor 0.5 -at_point {325.763 175.246}
gui_zoom -window [gui_get_current_window -types Layout -view] -factor 2 -at_point {111.949 206.511}
gui_zoom -window [gui_get_current_window -types Layout -view] -factor 2 -at_point {111.949 206.511}
remove_stdcell_fillers_with_violation
#######
create_stdcell_filler -lib_cell $pnr_std_fillers
gui_zoom -window [gui_get_current_window -types Layout -view] -factor 2 -at_point {111.445 198.443}
gui_zoom -window [gui_get_current_window -types Layout -view] -factor 2 -at_point {111.445 198.443}
gui_zoom -window [gui_get_current_window -types Layout -view] -factor 2 -at_point {111.434 198.437}
gui_zoom -window [gui_get_current_window -types Layout -view] -factor 2 -at_point {111.390 198.432}
help *spacing_rule*
remove_placement_spacing_rules *
remove_placement_spacing_rules -all
create_stdcell_filler -lib_cell $pnr_std_fillers
gui_zoom -window [gui_get_current_window -types Layout -view] -factor 0.5 -at_point {117.030 200.689}
gui_zoom -window [gui_get_current_window -types Layout -view] -factor 0.5 -at_point {117.045 200.677}
gui_zoom -window [gui_get_current_window -types Layout -view] -factor 0.5 -at_point {117.026 200.668}
gui_zoom -window [gui_get_current_window -types Layout -view] -factor 0.5 -at_point {116.992 200.712}
gui_zoom -window [gui_get_current_window -types Layout -view] -factor 0.5 -at_point {116.992 200.712}
gui_zoom -window [gui_get_current_window -types Layout -view] -factor 0.5 -at_point {116.992 200.964}
gui_zoom -window [gui_get_current_window -types Layout -view] -factor 0.5 -at_point {116.992 201.468}
gui_zoom -window [gui_get_current_window -types Layout -view] -factor 2 -at_point {469.986 270.050}
gui_zoom -window [gui_get_current_window -types Layout -view] -factor 2 -at_point {460.909 251.896}
gui_zoom -window [gui_get_current_window -types Layout -view] -factor 2 -at_point {460.909 251.392}
gui_zoom -window [gui_get_current_window -types Layout -view] -factor 2 -at_point {466.456 242.567}
gui_zoom -window [gui_get_current_window -types Layout -view] -factor 2 -at_point {466.204 242.693}
gui_zoom -window [gui_get_current_window -types Layout -view] -factor 2 -at_point {466.321 242.696}
gui_zoom -window [gui_get_current_window -types Layout -view] -factor 2 -at_point {466.311 242.699}
gui_zoom -window [gui_get_current_window -types Layout -view] -factor 0.5 -at_point {462.989 242.505}
gui_zoom -window [gui_get_current_window -view] -full
gui_zoom -window [gui_get_current_window -types Layout -view] -factor 2 -at_point {497.912 107.516}
gui_zoom -window [gui_get_current_window -types Layout -view] -factor 2 -at_point {497.721 107.673}
gui_zoom -window [gui_get_current_window -view] -rect {{432.922 122.297} {442.251 116.750}}
gui_zoom -window [gui_get_current_window -view] -full
gui_zoom -window [gui_get_current_window -types Layout -view] -factor 2 -at_point {308.977 148.225}
gui_zoom -window [gui_get_current_window -types Layout -view] -factor 2 -at_point {372.156 162.135}
gui_zoom -window [gui_get_current_window -types Layout -view] -factor 2 -at_point {372.156 162.135}
gui_zoom -window [gui_get_current_window -types Layout -view] -factor 2 -at_point {372.156 162.135}
gui_zoom -window [gui_get_current_window -types Layout -view] -factor 2 -at_point {372.138 162.111}
gui_zoom -window [gui_get_current_window -types Layout -view] -factor 2 -at_point {372.149 162.183}
gui_zoom -window [gui_get_current_window -types Layout -view] -factor 2 -at_point {372.144 162.177}
gui_zoom -window [gui_get_current_window -view] -full
gui_zoom -window [gui_get_current_window -types Layout -view] -factor 2 -at_point {460.334 439.457}
gui_zoom -window [gui_get_current_window -types Layout -view] -factor 2 -at_point {460.405 439.487}
gui_zoom -window [gui_get_current_window -types Layout -view] -factor 2 -at_point {460.405 439.487}
gui_zoom -window [gui_get_current_window -view] -full
gui_zoom -window [gui_get_current_window -types Layout -view] -factor 2 -at_point {277.662 192.067}
gui_zoom -window [gui_get_current_window -types Layout -view] -factor 2 -at_point {275.335 200.460}
gui_zoom -window [gui_get_current_window -types Layout -view] -factor 2 -at_point {317.694 188.105}
gui_zoom -window [gui_get_current_window -types Layout -view] -factor 2 -at_point {302.440 181.297}
gui_zoom -window [gui_get_current_window -types Layout -view] -factor 2 -at_point {302.445 181.313}
gui_zoom -window [gui_get_current_window -types Layout -view] -factor 2 -at_point {302.448 181.298}
gui_zoom -window [gui_get_current_window -types Layout -view] -factor 0.5 -at_point {302.451 181.299}
gui_zoom -window [gui_get_current_window -types Layout -view] -factor 0.5 -at_point {302.435 181.289}
gui_zoom -window [gui_get_current_window -types Layout -view] -factor 0.5 -at_point {302.441 181.272}
gui_zoom -window [gui_get_current_window -types Layout -view] -factor 0.5 -at_point {307.105 180.036}
gui_zoom -window [gui_get_current_window -types Layout -view] -factor 0.5 -at_point {307.105 180.036}
gui_zoom -window [gui_get_current_window -types Layout -view] -factor 0.5 -at_point {307.105 179.784}
gui_zoom -window [gui_get_current_window -types Layout -view] -factor 0.5 -at_point {307.609 180.289}
gui_zoom -window [gui_get_current_window -view] -full
gui_zoom -window [gui_get_current_window -types Layout -view] -factor 2 -at_point {344.468 268.267}
gui_zoom -window [gui_get_current_window -types Layout -view] -factor 2 -at_point {344.421 268.033}
gui_zoom -window [gui_get_current_window -types Layout -view] -factor 2 -at_point {318.703 255.678}
gui_zoom -window [gui_get_current_window -types Layout -view] -factor 0.5 -at_point {325.763 257.947}
gui_zoom -window [gui_get_current_window -types Layout -view] -factor 0.5 -at_point {325.763 257.947}
gui_zoom -window [gui_get_current_window -types Layout -view] -factor 0.5 -at_point {325.763 257.947}
gui_zoom -window [gui_get_current_window -types Layout -view] -factor 0.5 -at_point {325.763 257.947}
gui_zoom -window [gui_get_current_window -view] -full
win_select_objects -slct_targets global -at {398.748 297.495} -radius 1.0438
gui_zoom -window [gui_get_current_window -types Layout -view] -factor 2 -at_point {396.660 295.407}
gui_zoom -window [gui_get_current_window -types Layout -view] -factor 2 -at_point {396.866 295.264}
gui_zoom -window [gui_get_current_window -types Layout -view] -factor 2 -at_point {396.866 295.264}
gui_zoom -window [gui_get_current_window -types Layout -view] -factor 2 -at_point {381.485 292.490}
gui_zoom -window [gui_get_current_window -types Layout -view] -factor 2 -at_point {381.455 292.494}
gui_zoom -window [gui_get_current_window -types Layout -view] -factor 2 -at_point {381.455 292.562}
gui_zoom -window [gui_get_current_window -types Layout -view] -factor 2 -at_point {381.455 292.568}
gui_zoom -window [gui_get_current_window -types Layout -view] -factor 2 -at_point {381.455 292.570}
gui_zoom -window [gui_get_current_window -types Layout -view] -factor 2 -at_point {381.457 292.571}
gui_zoom -window [gui_get_current_window -types Layout -view] -factor 0.5 -at_point {381.255 292.690}
gui_zoom -window [gui_get_current_window -types Layout -view] -factor 2 -at_point {381.186 292.851}
gui_zoom -window [gui_get_current_window -types Layout -view] -factor 0.5 -at_point {381.332 292.327}
gui_zoom -window [gui_get_current_window -types Layout -view] -factor 0.5 -at_point {381.338 292.328}
gui_zoom -window [gui_get_current_window -types Layout -view] -factor 0.5 -at_point {381.335 292.311}
gui_zoom -window [gui_get_current_window -types Layout -view] -factor 0.5 -at_point {381.332 292.304}
gui_zoom -window [gui_get_current_window -types Layout -view] -factor 0.5 -at_point {385.251 292.756}
gui_zoom -window [gui_get_current_window -types Layout -view] -factor 2 -at_point {387.130 295.027}
gui_zoom -window [gui_get_current_window -types Layout -view] -factor 2 -at_point {387.122 295.029}
gui_zoom -window [gui_get_current_window -types Layout -view] -factor 2 -at_point {387.116 295.024}
gui_show_man_page write_verilog
help exit
exit
