****************************************
Report : pvt
Design : cv32e40p_top
Version: O-2018.06-SP1
Date   : Tue Jul  1 12:10:06 2025
****************************************

--------------------------------------------------------------------------------
Information: Corner slow_Cmax: no PVT mismatches. (PVT-032)
--------------------------------------------------------------------------------



--------------------------------------------------------------------------------
Information: Corner slow_Cmin: no PVT mismatches. (PVT-032)
--------------------------------------------------------------------------------



--------------------------------------------------------------------------------
Information: Corner fast_Cmax: no PVT mismatches. (PVT-032)
--------------------------------------------------------------------------------



--------------------------------------------------------------------------------
Information: Corner fast_Cmin: no PVT mismatches. (PVT-032)
--------------------------------------------------------------------------------



1
