****************************************
Report : constraint
        -all_violators
Design : cv32e40p_top
Version: O-2018.06-SP1
Date   : Fri Jul  4 21:43:36 2025
****************************************

   late_timing
   -----------

Endpoint                         Path Delay     Path Required       CRP    Slack Group    Scenario
----------------------------------------------------------------------------------------------------------
No paths.

   early_timing
   -----------

Endpoint                         Path Delay     Path Required       CRP    Slack Group    Scenario
----------------------------------------------------------------------------------------------------------
No paths.

   Mode: func Corner: slow_Cmax
   Scenario: func_slow_Cmax
  ---------------------------------------------------------------------------
   Number of max_transition violation(s): 0

   Mode: func Corner: slow_Cmax
   Scenario: func_slow_Cmax
  ---------------------------------------------------------------------------
   Number of max_capacitance violation(s): 0


   Mode: func Corner: slow_Cmax
   Scenario: func_slow_Cmax
  ---------------------------------------------------------------------------
   Number of min_capacitance violation(s): 0

   Total number of violation(s): 0
1
