 
****************************************
Report : cell
Design : mips_16
Version: O-2018.06-SP1
Date   : Sat Mar 15 16:26:39 2025
****************************************

Attributes:
    b - black box (unknown)
    h - hierarchical
    n - noncombinational
    r - removable
    u - contains unmapped logic

Cell                      Reference       Library             Area  Attributes
--------------------------------------------------------------------------------
ALU_Control_unit          ALUControl                      3.774000  h
JRControl_unit            JR_Control                      1.642800  h
U107                      SAEDRVT14_AOI222_2
                                          saed14rvt_ss0p6v125c
                                                          0.843600  
U109                      SAEDRVT14_AOI222_2
                                          saed14rvt_ss0p6v125c
                                                          0.843600  
U111                      SAEDRVT14_AOI222_2
                                          saed14rvt_ss0p6v125c
                                                          0.843600  
U113                      SAEDRVT14_AOI222_2
                                          saed14rvt_ss0p6v125c
                                                          0.843600  
U115                      SAEDRVT14_AOI222_2
                                          saed14rvt_ss0p6v125c
                                                          0.843600  
U117                      SAEDRVT14_AOI222_2
                                          saed14rvt_ss0p6v125c
                                                          0.843600  
U119                      SAEDRVT14_AOI222_2
                                          saed14rvt_ss0p6v125c
                                                          0.843600  
U121                      SAEDRVT14_AOI222_2
                                          saed14rvt_ss0p6v125c
                                                          0.843600  
U123                      SAEDRVT14_AOI222_2
                                          saed14rvt_ss0p6v125c
                                                          0.843600  
U125                      SAEDRVT14_AOI222_2
                                          saed14rvt_ss0p6v125c
                                                          0.843600  
U127                      SAEDRVT14_AOI222_2
                                          saed14rvt_ss0p6v125c
                                                          0.843600  
U129                      SAEDRVT14_AOI222_2
                                          saed14rvt_ss0p6v125c
                                                          0.843600  
U131                      SAEDRVT14_AOI222_2
                                          saed14rvt_ss0p6v125c
                                                          0.843600  
U133                      SAEDRVT14_AOI222_2
                                          saed14rvt_ss0p6v125c
                                                          0.843600  
U135                      SAEDRVT14_AOI222_2
                                          saed14rvt_ss0p6v125c
                                                          0.843600  
U137                      SAEDRVT14_AOI222_2
                                          saed14rvt_ss0p6v125c
                                                          0.843600  
U139                      SAEDRVT14_NR2_4 saed14rvt_ss0p6v125c
                                                          0.488400  
U184                      SAEDRVT14_TIE0_V1_2
                                          saed14rvt_ss0p6v125c
                                                          0.488400  
U185                      SAEDRVT14_AN2_MM_2
                                          saed14rvt_ss0p6v125c
                                                          0.355200  
U186                      SAEDRVT14_AN2_MM_2
                                          saed14rvt_ss0p6v125c
                                                          0.355200  
U187                      SAEDRVT14_AN2_MM_2
                                          saed14rvt_ss0p6v125c
                                                          0.355200  
U188                      SAEDRVT14_AN2_MM_2
                                          saed14rvt_ss0p6v125c
                                                          0.355200  
U189                      SAEDRVT14_AN2_MM_2
                                          saed14rvt_ss0p6v125c
                                                          0.355200  
U190                      SAEDRVT14_AN2_MM_2
                                          saed14rvt_ss0p6v125c
                                                          0.355200  
U191                      SAEDRVT14_AN2_MM_2
                                          saed14rvt_ss0p6v125c
                                                          0.355200  
U192                      SAEDRVT14_AN2_MM_2
                                          saed14rvt_ss0p6v125c
                                                          0.355200  
U193                      SAEDRVT14_AN2_MM_2
                                          saed14rvt_ss0p6v125c
                                                          0.355200  
U194                      SAEDRVT14_AN2_MM_2
                                          saed14rvt_ss0p6v125c
                                                          0.355200  
U195                      SAEDRVT14_AN2_MM_2
                                          saed14rvt_ss0p6v125c
                                                          0.355200  
U196                      SAEDRVT14_AN2_MM_2
                                          saed14rvt_ss0p6v125c
                                                          0.355200  
U197                      SAEDRVT14_AN2_MM_2
                                          saed14rvt_ss0p6v125c
                                                          0.355200  
U198                      SAEDRVT14_AN2_MM_2
                                          saed14rvt_ss0p6v125c
                                                          0.355200  
U199                      SAEDRVT14_AN2_MM_2
                                          saed14rvt_ss0p6v125c
                                                          0.355200  
U200                      SAEDRVT14_AN2_MM_2
                                          saed14rvt_ss0p6v125c
                                                          0.355200  
U201                      SAEDRVT14_AN2_MM_2
                                          saed14rvt_ss0p6v125c
                                                          0.355200  
U202                      SAEDRVT14_AN2_MM_2
                                          saed14rvt_ss0p6v125c
                                                          0.355200  
U203                      SAEDRVT14_AN2_MM_2
                                          saed14rvt_ss0p6v125c
                                                          0.355200  
U204                      SAEDRVT14_AN2_MM_2
                                          saed14rvt_ss0p6v125c
                                                          0.355200  
U205                      SAEDRVT14_AN2_MM_2
                                          saed14rvt_ss0p6v125c
                                                          0.355200  
U206                      SAEDRVT14_AN2_MM_2
                                          saed14rvt_ss0p6v125c
                                                          0.355200  
U207                      SAEDRVT14_AN2_MM_2
                                          saed14rvt_ss0p6v125c
                                                          0.355200  
U208                      SAEDRVT14_INV_S_2
                                          saed14rvt_ss0p6v125c
                                                          0.222000  
U209                      SAEDRVT14_ND3_2 saed14rvt_ss0p6v125c
                                                          0.710400  
U210                      SAEDRVT14_AN2_MM_2
                                          saed14rvt_ss0p6v125c
                                                          0.355200  
U211                      SAEDRVT14_AN2_MM_2
                                          saed14rvt_ss0p6v125c
                                                          0.355200  
U212                      SAEDRVT14_AN2_MM_2
                                          saed14rvt_ss0p6v125c
                                                          0.355200  
U213                      SAEDRVT14_AN2_MM_2
                                          saed14rvt_ss0p6v125c
                                                          0.355200  
U214                      SAEDRVT14_AN2_MM_2
                                          saed14rvt_ss0p6v125c
                                                          0.355200  
U215                      SAEDRVT14_AN2_MM_2
                                          saed14rvt_ss0p6v125c
                                                          0.355200  
U216                      SAEDRVT14_AN2_MM_2
                                          saed14rvt_ss0p6v125c
                                                          0.355200  
U217                      SAEDRVT14_AN2_MM_2
                                          saed14rvt_ss0p6v125c
                                                          0.355200  
U218                      SAEDRVT14_AN2_MM_2
                                          saed14rvt_ss0p6v125c
                                                          0.355200  
U219                      SAEDRVT14_AO22_2
                                          saed14rvt_ss0p6v125c
                                                          0.754800  
U220                      SAEDRVT14_OR2_2 saed14rvt_ss0p6v125c
                                                          0.355200  
U221                      SAEDRVT14_AO22_2
                                          saed14rvt_ss0p6v125c
                                                          0.754800  
U222                      SAEDRVT14_OR2_2 saed14rvt_ss0p6v125c
                                                          0.355200  
U223                      SAEDRVT14_AO22_2
                                          saed14rvt_ss0p6v125c
                                                          0.754800  
U224                      SAEDRVT14_OR2_2 saed14rvt_ss0p6v125c
                                                          0.355200  
U225                      SAEDRVT14_AO22_2
                                          saed14rvt_ss0p6v125c
                                                          0.754800  
U226                      SAEDRVT14_OR2_2 saed14rvt_ss0p6v125c
                                                          0.355200  
U227                      SAEDRVT14_AO22_2
                                          saed14rvt_ss0p6v125c
                                                          0.754800  
U228                      SAEDRVT14_OR2_2 saed14rvt_ss0p6v125c
                                                          0.355200  
U229                      SAEDRVT14_AO22_2
                                          saed14rvt_ss0p6v125c
                                                          0.754800  
U230                      SAEDRVT14_OR2_2 saed14rvt_ss0p6v125c
                                                          0.355200  
U231                      SAEDRVT14_AO22_2
                                          saed14rvt_ss0p6v125c
                                                          0.754800  
U232                      SAEDRVT14_OR2_2 saed14rvt_ss0p6v125c
                                                          0.355200  
U233                      SAEDRVT14_AO22_2
                                          saed14rvt_ss0p6v125c
                                                          0.754800  
U234                      SAEDRVT14_OR2_2 saed14rvt_ss0p6v125c
                                                          0.355200  
U235                      SAEDRVT14_AO22_2
                                          saed14rvt_ss0p6v125c
                                                          0.754800  
U236                      SAEDRVT14_OR2_2 saed14rvt_ss0p6v125c
                                                          0.355200  
U237                      SAEDRVT14_AO22_2
                                          saed14rvt_ss0p6v125c
                                                          0.754800  
U238                      SAEDRVT14_OA21_MM_2
                                          saed14rvt_ss0p6v125c
                                                          0.444000  
U239                      SAEDRVT14_AN2_MM_2
                                          saed14rvt_ss0p6v125c
                                                          0.355200  
U240                      SAEDRVT14_AN2_MM_2
                                          saed14rvt_ss0p6v125c
                                                          0.355200  
U241                      SAEDRVT14_OR2_2 saed14rvt_ss0p6v125c
                                                          0.355200  
U242                      SAEDRVT14_AO22_2
                                          saed14rvt_ss0p6v125c
                                                          0.754800  
U243                      SAEDRVT14_OR2_2 saed14rvt_ss0p6v125c
                                                          0.355200  
U244                      SAEDRVT14_AO22_2
                                          saed14rvt_ss0p6v125c
                                                          0.754800  
U245                      SAEDRVT14_OR2_2 saed14rvt_ss0p6v125c
                                                          0.355200  
U246                      SAEDRVT14_AO22_2
                                          saed14rvt_ss0p6v125c
                                                          0.754800  
U247                      SAEDRVT14_OR2_2 saed14rvt_ss0p6v125c
                                                          0.355200  
U248                      SAEDRVT14_AO22_2
                                          saed14rvt_ss0p6v125c
                                                          0.754800  
U249                      SAEDRVT14_OR2_2 saed14rvt_ss0p6v125c
                                                          0.355200  
U250                      SAEDRVT14_AO22_2
                                          saed14rvt_ss0p6v125c
                                                          0.754800  
U251                      SAEDRVT14_EO2_2 saed14rvt_ss0p6v125c
                                                          0.666000  
U252                      SAEDRVT14_AN2_MM_2
                                          saed14rvt_ss0p6v125c
                                                          0.355200  
U253                      SAEDRVT14_AN2_MM_2
                                          saed14rvt_ss0p6v125c
                                                          0.355200  
U254                      SAEDRVT14_OR2_2 saed14rvt_ss0p6v125c
                                                          0.355200  
U255                      SAEDRVT14_AO22_2
                                          saed14rvt_ss0p6v125c
                                                          0.754800  
U256                      SAEDRVT14_OR2_2 saed14rvt_ss0p6v125c
                                                          0.355200  
U257                      SAEDRVT14_EO2_2 saed14rvt_ss0p6v125c
                                                          0.666000  
U258                      SAEDRVT14_AN2_MM_2
                                          saed14rvt_ss0p6v125c
                                                          0.355200  
U259                      SAEDRVT14_EO2_2 saed14rvt_ss0p6v125c
                                                          0.666000  
U260                      SAEDRVT14_AN2_MM_2
                                          saed14rvt_ss0p6v125c
                                                          0.355200  
U261                      SAEDRVT14_EO2_2 saed14rvt_ss0p6v125c
                                                          0.666000  
U262                      SAEDRVT14_AN2_MM_2
                                          saed14rvt_ss0p6v125c
                                                          0.355200  
U263                      SAEDRVT14_EO2_2 saed14rvt_ss0p6v125c
                                                          0.666000  
U264                      SAEDRVT14_AN2_MM_2
                                          saed14rvt_ss0p6v125c
                                                          0.355200  
U265                      SAEDRVT14_EO2_2 saed14rvt_ss0p6v125c
                                                          0.666000  
U266                      SAEDRVT14_AN2_MM_2
                                          saed14rvt_ss0p6v125c
                                                          0.355200  
U267                      SAEDRVT14_EO2_2 saed14rvt_ss0p6v125c
                                                          0.666000  
U268                      SAEDRVT14_AN2_MM_2
                                          saed14rvt_ss0p6v125c
                                                          0.355200  
U269                      SAEDRVT14_EO2_2 saed14rvt_ss0p6v125c
                                                          0.666000  
U270                      SAEDRVT14_AN2_MM_2
                                          saed14rvt_ss0p6v125c
                                                          0.355200  
U271                      SAEDRVT14_EO2_2 saed14rvt_ss0p6v125c
                                                          0.666000  
U272                      SAEDRVT14_AN2_MM_2
                                          saed14rvt_ss0p6v125c
                                                          0.355200  
U273                      SAEDRVT14_EO2_2 saed14rvt_ss0p6v125c
                                                          0.666000  
U274                      SAEDRVT14_AN2_MM_2
                                          saed14rvt_ss0p6v125c
                                                          0.355200  
U275                      SAEDRVT14_EO2_2 saed14rvt_ss0p6v125c
                                                          0.666000  
U276                      SAEDRVT14_AN2_MM_2
                                          saed14rvt_ss0p6v125c
                                                          0.355200  
U277                      SAEDRVT14_EO2_2 saed14rvt_ss0p6v125c
                                                          0.666000  
U278                      SAEDRVT14_AN2_MM_2
                                          saed14rvt_ss0p6v125c
                                                          0.355200  
U279                      SAEDRVT14_EO2_2 saed14rvt_ss0p6v125c
                                                          0.666000  
U280                      SAEDRVT14_AN2_MM_2
                                          saed14rvt_ss0p6v125c
                                                          0.355200  
U281                      SAEDRVT14_EO2_2 saed14rvt_ss0p6v125c
                                                          0.666000  
U282                      SAEDRVT14_AN2_MM_2
                                          saed14rvt_ss0p6v125c
                                                          0.355200  
U283                      SAEDRVT14_EO2_2 saed14rvt_ss0p6v125c
                                                          0.666000  
U284                      SAEDRVT14_INV_S_2
                                          saed14rvt_ss0p6v125c
                                                          0.222000  
U285                      SAEDRVT14_INV_S_2
                                          saed14rvt_ss0p6v125c
                                                          0.222000  
U286                      SAEDRVT14_AOI21_V1_4
                                          saed14rvt_ss0p6v125c
                                                          0.710400  
U287                      SAEDRVT14_INV_S_2
                                          saed14rvt_ss0p6v125c
                                                          0.222000  
U288                      SAEDRVT14_INV_S_2
                                          saed14rvt_ss0p6v125c
                                                          0.222000  
U289                      SAEDRVT14_INV_S_2
                                          saed14rvt_ss0p6v125c
                                                          0.222000  
U290                      SAEDRVT14_INV_S_2
                                          saed14rvt_ss0p6v125c
                                                          0.222000  
U291                      SAEDRVT14_INV_S_2
                                          saed14rvt_ss0p6v125c
                                                          0.222000  
U292                      SAEDRVT14_INV_S_2
                                          saed14rvt_ss0p6v125c
                                                          0.222000  
U293                      SAEDRVT14_INV_S_2
                                          saed14rvt_ss0p6v125c
                                                          0.222000  
U294                      SAEDRVT14_INV_S_2
                                          saed14rvt_ss0p6v125c
                                                          0.222000  
U295                      SAEDRVT14_INV_S_2
                                          saed14rvt_ss0p6v125c
                                                          0.222000  
U296                      SAEDRVT14_INV_S_2
                                          saed14rvt_ss0p6v125c
                                                          0.222000  
U297                      SAEDRVT14_INV_S_2
                                          saed14rvt_ss0p6v125c
                                                          0.222000  
U298                      SAEDRVT14_INV_S_2
                                          saed14rvt_ss0p6v125c
                                                          0.222000  
U299                      SAEDRVT14_INV_S_2
                                          saed14rvt_ss0p6v125c
                                                          0.222000  
U300                      SAEDRVT14_INV_S_2
                                          saed14rvt_ss0p6v125c
                                                          0.222000  
U301                      SAEDRVT14_INV_S_2
                                          saed14rvt_ss0p6v125c
                                                          0.222000  
U302                      SAEDRVT14_INV_S_2
                                          saed14rvt_ss0p6v125c
                                                          0.222000  
U303                      SAEDRVT14_INV_S_2
                                          saed14rvt_ss0p6v125c
                                                          0.222000  
U304                      SAEDRVT14_INV_S_2
                                          saed14rvt_ss0p6v125c
                                                          0.222000  
U305                      SAEDRVT14_INV_S_2
                                          saed14rvt_ss0p6v125c
                                                          0.222000  
U306                      SAEDRVT14_INV_S_2
                                          saed14rvt_ss0p6v125c
                                                          0.222000  
U307                      SAEDRVT14_INV_S_2
                                          saed14rvt_ss0p6v125c
                                                          0.222000  
U308                      SAEDRVT14_INV_S_2
                                          saed14rvt_ss0p6v125c
                                                          0.222000  
U309                      SAEDRVT14_INV_S_2
                                          saed14rvt_ss0p6v125c
                                                          0.222000  
U310                      SAEDRVT14_INV_S_2
                                          saed14rvt_ss0p6v125c
                                                          0.222000  
U311                      SAEDRVT14_INV_S_2
                                          saed14rvt_ss0p6v125c
                                                          0.222000  
alu_unit                  alu                             115.795201
                                                                    h
control_unit              control                         10.345200 h
datamem                   data_memory                     9808.049035
                                                                    h, n
instrucion_memory         instr_mem                       0.488400  h
pc_current_reg[0]         SAEDRVT14_FSDPRBQ_V2LP_2
                                          saed14rvt_ss0p6v125c
                                                          1.332000  n
pc_current_reg[1]         SAEDRVT14_FSDPRBQ_V2LP_2
                                          saed14rvt_ss0p6v125c
                                                          1.332000  n
pc_current_reg[2]         SAEDRVT14_FSDPRBQ_V2LP_2
                                          saed14rvt_ss0p6v125c
                                                          1.332000  n
pc_current_reg[3]         SAEDRVT14_FSDPRBQ_V2LP_2
                                          saed14rvt_ss0p6v125c
                                                          1.332000  n
pc_current_reg[4]         SAEDRVT14_FSDPRBQ_V2LP_2
                                          saed14rvt_ss0p6v125c
                                                          1.332000  n
pc_current_reg[5]         SAEDRVT14_FSDPRBQ_V2LP_2
                                          saed14rvt_ss0p6v125c
                                                          1.332000  n
pc_current_reg[6]         SAEDRVT14_FSDPRBQ_V2LP_2
                                          saed14rvt_ss0p6v125c
                                                          1.332000  n
pc_current_reg[7]         SAEDRVT14_FSDPRBQ_V2LP_2
                                          saed14rvt_ss0p6v125c
                                                          1.332000  n
pc_current_reg[8]         SAEDRVT14_FSDPRBQ_V2LP_2
                                          saed14rvt_ss0p6v125c
                                                          1.332000  n
pc_current_reg[9]         SAEDRVT14_FSDPRBQ_V2LP_2
                                          saed14rvt_ss0p6v125c
                                                          1.332000  n
pc_current_reg[10]        SAEDRVT14_FSDPRBQ_V2LP_2
                                          saed14rvt_ss0p6v125c
                                                          1.332000  n
pc_current_reg[11]        SAEDRVT14_FSDPRBQ_V2LP_2
                                          saed14rvt_ss0p6v125c
                                                          1.332000  n
pc_current_reg[12]        SAEDRVT14_FSDPRBQ_V2LP_2
                                          saed14rvt_ss0p6v125c
                                                          1.332000  n
pc_current_reg[13]        SAEDRVT14_FSDPRBQ_V2LP_2
                                          saed14rvt_ss0p6v125c
                                                          1.332000  n
pc_current_reg[14]        SAEDRVT14_FSDPRBQ_V2LP_2
                                          saed14rvt_ss0p6v125c
                                                          1.332000  n
pc_current_reg[15]        SAEDRVT14_FSDPRBQ_V2LP_2
                                          saed14rvt_ss0p6v125c
                                                          1.332000  n
reg_file                  register_file                   435.519607
                                                                    h, n
--------------------------------------------------------------------------------
Total 168 cells                                           10464.636243
1
