 
****************************************
Report : area
Design : cv32e40p_top
Version: O-2018.06-SP1
Date   : Sun Jul  6 23:28:27 2025
****************************************

Library(s) Used:

    saed14rvt_ss0p6v125c (File: /mnt/hgfs/saed14_pdk/stdcell_rvt/db_ccs/saed14rvt_ss0p6v125c.db)

Number of ports:                        11829
Number of nets:                         38686
Number of cells:                        27706
Number of combinational cells:          25373
Number of sequential cells:              2259
Number of macros/black boxes:               0
Number of buf/inv:                       7731
Number of references:                       5

Combinational area:              13578.674410
Buf/Inv area:                     1946.806794
Noncombinational area:            3008.810439
Macro/Black Box area:                0.000000
Net Interconnect area:           29303.262638

Total cell area:                 16587.484848
Total area:                      45890.747487

Hierarchical area distribution
------------------------------

                                  Global cell area            Local cell area
                                  -------------------  ----------------------------- 
Hierarchical cell                 Absolute    Percent  Combi-      Noncombi-  Black-
                                  Total       Total    national    national   boxes   Design
--------------------------------  ----------  -------  ----------  ---------  ------  --------------------------------------------------------------------------------------------------------------------------------------------------------------------------------------------------------------------------------------
cv32e40p_top                      16587.4848    100.0      1.7760     0.0000  0.0000  cv32e40p_top
U0_mux2X1                             0.8436      0.0      0.8436     0.0000  0.0000  mux2X1_0
U2_mux2X1                             0.8436      0.0      0.8436     0.0000  0.0000  mux2X1_1
core_i                            16584.0216    100.0     35.2536     0.0000  0.0000  cv32e40p_core_COREV_PULP0_COREV_CLUSTER0_FPU0_FPU_ADDMUL_LAT0_FPU_OTHERS_LAT0_ZFINX0_NUM_MHPMCOUNTERS1_test_1
core_i/cs_registers_i              1981.3056     11.9   1160.6160   615.5616  0.0000  cv32e40p_cs_registers_N_HWLP2_APU0_A_EXTENSION0_FPU0_ZFINX0_PULP_SECURE0_USE_PMP0_N_PMP_ENTRIES16_NUM_MHPMCOUNTERS1_COREV_PULP0_COREV_CLUSTER0_DEBUG_TRIGGER_EN1_test_1
core_i/cs_registers_i/add_1387       58.6968      0.4     58.6968     0.0000  0.0000  cv32e40p_cs_registers_N_HWLP2_APU0_A_EXTENSION0_FPU0_ZFINX0_PULP_SECURE0_USE_PMP0_N_PMP_ENTRIES16_NUM_MHPMCOUNTERS1_COREV_PULP0_COREV_CLUSTER0_DEBUG_TRIGGER_EN1_DW01_inc_2
core_i/cs_registers_i/add_1387_G3    58.6968      0.4     58.6968     0.0000  0.0000  cv32e40p_cs_registers_N_HWLP2_APU0_A_EXTENSION0_FPU0_ZFINX0_PULP_SECURE0_USE_PMP0_N_PMP_ENTRIES16_NUM_MHPMCOUNTERS1_COREV_PULP0_COREV_CLUSTER0_DEBUG_TRIGGER_EN1_DW01_inc_1
core_i/cs_registers_i/add_1387_G4    58.6968      0.4     58.6968     0.0000  0.0000  cv32e40p_cs_registers_N_HWLP2_APU0_A_EXTENSION0_FPU0_ZFINX0_PULP_SECURE0_USE_PMP0_N_PMP_ENTRIES16_NUM_MHPMCOUNTERS1_COREV_PULP0_COREV_CLUSTER0_DEBUG_TRIGGER_EN1_DW01_inc_0
core_i/cs_registers_i/eq_1307        29.0376      0.2     29.0376     0.0000  0.0000  cv32e40p_cs_registers_N_HWLP2_APU0_A_EXTENSION0_FPU0_ZFINX0_PULP_SECURE0_USE_PMP0_N_PMP_ENTRIES16_NUM_MHPMCOUNTERS1_COREV_PULP0_COREV_CLUSTER0_DEBUG_TRIGGER_EN1_DW01_cmp6_0
core_i/ex_stage_i                  6370.6896     38.4     96.8364     9.3240  0.0000  cv32e40p_ex_stage_COREV_PULP0_FPU0_APU_NARGS_CPU3_APU_WOP_CPU6_APU_NDSFLAGS_CPU15_APU_NUSFLAGS_CPU5_test_1
core_i/ex_stage_i/alu_i            2391.4728     14.4   1472.0376     0.0000  0.0000  cv32e40p_alu_test_1
core_i/ex_stage_i/alu_i/add_168      46.6644      0.3     46.6644     0.0000  0.0000  cv32e40p_alu_DW01_add_2
core_i/ex_stage_i/alu_i/add_186      41.6472      0.3     41.6472     0.0000  0.0000  cv32e40p_alu_DW01_add_1
core_i/ex_stage_i/alu_i/alu_div_i   555.2220      3.3    234.1212   142.5240  0.0000  cv32e40p_alu_div_test_1
core_i/ex_stage_i/alu_i/alu_div_i/add_109
                                     42.0468      0.3     42.0468     0.0000  0.0000  cv32e40p_alu_div_DW01_add_0
core_i/ex_stage_i/alu_i/alu_div_i/r76
                                     47.9964      0.3     47.9964     0.0000  0.0000  cv32e40p_alu_div_DW01_cmp6_0
core_i/ex_stage_i/alu_i/alu_div_i/sub_102
                                     39.3384      0.2     39.3384     0.0000  0.0000  cv32e40p_alu_div_DW01_sub_1
core_i/ex_stage_i/alu_i/alu_div_i/sub_109
                                     49.1952      0.3     49.1952     0.0000  0.0000  cv32e40p_alu_div_DW01_sub_0
core_i/ex_stage_i/alu_i/eq_343       29.0376      0.2     29.0376     0.0000  0.0000  cv32e40p_alu_DW01_cmp6_4
core_i/ex_stage_i/alu_i/ff_one_i     31.8348      0.2     31.8348     0.0000  0.0000  cv32e40p_ff_one
core_i/ex_stage_i/alu_i/popcnt_i     56.6988      0.3     56.6988     0.0000  0.0000  cv32e40p_popcnt
core_i/ex_stage_i/alu_i/sll_812      29.1264      0.2     29.1264     0.0000  0.0000  cv32e40p_alu_DW01_ash_1
core_i/ex_stage_i/alu_i/sll_813     129.2040      0.8    129.2040     0.0000  0.0000  cv32e40p_alu_DW01_ash_0
core_i/ex_stage_i/mult_i           3873.0564     23.3    436.4076     5.3280  0.0000  cv32e40p_mult_test_1
core_i/ex_stage_i/mult_i/add_0_root_add_0_root_add_111_2
                                     44.9772      0.3     44.9772     0.0000  0.0000  cv32e40p_mult_DW01_add_15
core_i/ex_stage_i/mult_i/add_0_root_add_0_root_add_224_2
                                     42.0468      0.3     42.0468     0.0000  0.0000  cv32e40p_mult_DW01_add_8
core_i/ex_stage_i/mult_i/add_0_root_add_0_root_add_271_4
                                     42.0468      0.3     42.0468     0.0000  0.0000  cv32e40p_mult_DW01_add_0
core_i/ex_stage_i/mult_i/add_0_root_add_0_root_add_305_2
                                     42.0468      0.3     42.0468     0.0000  0.0000  cv32e40p_mult_DW01_add_11
core_i/ex_stage_i/mult_i/add_1_root_add_0_root_add_111_2
                                     43.6896      0.3     43.6896     0.0000  0.0000  cv32e40p_mult_DW01_add_16
core_i/ex_stage_i/mult_i/add_1_root_add_0_root_add_224_2
                                     42.0468      0.3     42.0468     0.0000  0.0000  cv32e40p_mult_DW01_add_10
core_i/ex_stage_i/mult_i/add_1_root_add_0_root_add_271_4
                                     42.0468      0.3     42.0468     0.0000  0.0000  cv32e40p_mult_DW01_add_1
core_i/ex_stage_i/mult_i/add_1_root_add_0_root_add_305_2
                                     42.0468      0.3     42.0468     0.0000  0.0000  cv32e40p_mult_DW01_add_12
core_i/ex_stage_i/mult_i/add_2_root_add_271_4
                                     26.0628      0.2     26.0628     0.0000  0.0000  cv32e40p_mult_DW01_add_3
core_i/ex_stage_i/mult_i/add_3_root_add_271_4
                                     24.7308      0.1     24.7308     0.0000  0.0000  cv32e40p_mult_DW01_add_2
core_i/ex_stage_i/mult_i/mult_110   516.1056      3.1    463.0920     0.0000  0.0000  cv32e40p_mult_DW02_mult_7
core_i/ex_stage_i/mult_i/mult_110/FS_1
                                     53.0136      0.3     53.0136     0.0000  0.0000  cv32e40p_mult_DW01_add_17
core_i/ex_stage_i/mult_i/mult_224   853.3680      5.1    853.3680     0.0000  0.0000  cv32e40p_mult_DW02_mult_4
core_i/ex_stage_i/mult_i/mult_266   153.5352      0.9    128.1384     0.0000  0.0000  cv32e40p_mult_DW02_mult_0
core_i/ex_stage_i/mult_i/mult_266/FS_1
                                     25.3968      0.2     25.3968     0.0000  0.0000  cv32e40p_mult_DW01_add_4
core_i/ex_stage_i/mult_i/mult_267   153.5352      0.9    128.1384     0.0000  0.0000  cv32e40p_mult_DW02_mult_1
core_i/ex_stage_i/mult_i/mult_267/FS_1
                                     25.3968      0.2     25.3968     0.0000  0.0000  cv32e40p_mult_DW01_add_5
core_i/ex_stage_i/mult_i/mult_268   153.5352      0.9    128.1384     0.0000  0.0000  cv32e40p_mult_DW02_mult_2
core_i/ex_stage_i/mult_i/mult_268/FS_1
                                     25.3968      0.2     25.3968     0.0000  0.0000  cv32e40p_mult_DW01_add_6
core_i/ex_stage_i/mult_i/mult_269   153.5352      0.9    128.1384     0.0000  0.0000  cv32e40p_mult_DW02_mult_3
core_i/ex_stage_i/mult_i/mult_269/FS_1
                                     25.3968      0.2     25.3968     0.0000  0.0000  cv32e40p_mult_DW01_add_7
core_i/ex_stage_i/mult_i/mult_299   511.1328      3.1    463.8024     0.0000  0.0000  cv32e40p_mult_DW02_mult_5
core_i/ex_stage_i/mult_i/mult_299/FS_1
                                     47.3304      0.3     47.3304     0.0000  0.0000  cv32e40p_mult_DW01_add_13
core_i/ex_stage_i/mult_i/mult_300   516.1056      3.1    468.7752     0.0000  0.0000  cv32e40p_mult_DW02_mult_6
core_i/ex_stage_i/mult_i/mult_300/FS_1
                                     47.3304      0.3     47.3304     0.0000  0.0000  cv32e40p_mult_DW01_add_14
core_i/ex_stage_i/mult_i/sll_98      28.7268      0.2     28.7268     0.0000  0.0000  cv32e40p_mult_DW01_ash_0
core_i/id_stage_i                  6275.1852     37.8    805.7712   366.3888  0.0000  cv32e40p_id_stage_COREV_PULP0_COREV_CLUSTER0_N_HWLP2_PULP_SECURE0_USE_PMP0_A_EXTENSION0_APU0_FPU0_FPU_ADDMUL_LAT0_FPU_OTHERS_LAT0_ZFINX0_APU_NARGS_CPU3_APU_WOP_CPU6_APU_NDSFLAGS_CPU15_APU_NUSFLAGS_CPU5_DEBUG_TRIGGER_EN1_test_1
core_i/id_stage_i/add_575            41.0256      0.2     41.0256     0.0000  0.0000  cv32e40p_id_stage_COREV_PULP0_COREV_CLUSTER0_N_HWLP2_PULP_SECURE0_USE_PMP0_A_EXTENSION0_APU0_FPU0_FPU_ADDMUL_LAT0_FPU_OTHERS_LAT0_ZFINX0_APU_NARGS_CPU3_APU_WOP_CPU6_APU_NDSFLAGS_CPU15_APU_NUSFLAGS_CPU5_DEBUG_TRIGGER_EN1_DW01_add_1
core_i/id_stage_i/add_576            41.0256      0.2     41.0256     0.0000  0.0000  cv32e40p_id_stage_COREV_PULP0_COREV_CLUSTER0_N_HWLP2_PULP_SECURE0_USE_PMP0_A_EXTENSION0_APU0_FPU0_FPU_ADDMUL_LAT0_FPU_OTHERS_LAT0_ZFINX0_APU_NARGS_CPU3_APU_WOP_CPU6_APU_NDSFLAGS_CPU15_APU_NUSFLAGS_CPU5_DEBUG_TRIGGER_EN1_DW01_add_0
core_i/id_stage_i/controller_i      243.3120      1.5    223.2876    20.0244  0.0000  cv32e40p_controller_COREV_CLUSTER0_COREV_PULP0_FPU0_test_1
core_i/id_stage_i/decoder_i         186.3912      1.1    186.3912     0.0000  0.0000  cv32e40p_decoder_COREV_PULP0_COREV_CLUSTER0_A_EXTENSION0_FPU0_FPU_ADDMUL_LAT0_FPU_OTHERS_LAT0_ZFINX0_PULP_SECURE0_USE_PMP0_APU_WOP_CPU6_DEBUG_TRIGGER_EN1
core_i/id_stage_i/int_controller_i
                                     85.1148      0.5     58.4748    26.6400  0.0000  cv32e40p_int_controller_PULP_SECURE0_test_1
core_i/id_stage_i/r153               42.0468      0.3     42.0468     0.0000  0.0000  cv32e40p_id_stage_COREV_PULP0_COREV_CLUSTER0_N_HWLP2_PULP_SECURE0_USE_PMP0_A_EXTENSION0_APU0_FPU0_FPU_ADDMUL_LAT0_FPU_OTHERS_LAT0_ZFINX0_APU_NARGS_CPU3_APU_WOP_CPU6_APU_NDSFLAGS_CPU15_APU_NUSFLAGS_CPU5_DEBUG_TRIGGER_EN1_DW01_add_2
core_i/id_stage_i/register_file_i  4464.1092     26.9   3142.7652  1321.3440  0.0000  cv32e40p_register_file_ADDR_WIDTH6_DATA_WIDTH32_FPU0_ZFINX0_test_1
core_i/if_stage_i                  1502.2296      9.1    241.7136    89.2440  0.0000  cv32e40p_if_stage_COREV_PULP0_PULP_OBI0_PULP_SECURE0_FPU0_ZFINX0_test_1
core_i/if_stage_i/add_167            29.7924      0.2     29.7924     0.0000  0.0000  cv32e40p_if_stage_COREV_PULP0_PULP_OBI0_PULP_SECURE0_FPU0_ZFINX0_DW01_add_0
core_i/if_stage_i/aligner_i         383.4384      2.3    209.3904   111.8880  0.0000  cv32e40p_aligner_test_1
core_i/if_stage_i/aligner_i/add_63
                                     31.4352      0.2     31.4352     0.0000  0.0000  cv32e40p_aligner_DW01_add_1
core_i/if_stage_i/aligner_i/add_64
                                     30.7248      0.2     30.7248     0.0000  0.0000  cv32e40p_aligner_DW01_add_0
core_i/if_stage_i/compressed_decoder_i
                                    117.7044      0.7    117.7044     0.0000  0.0000  cv32e40p_compressed_decoder_FPU0_ZFINX0
core_i/if_stage_i/prefetch_buffer_i
                                    640.3368      3.9     26.6400     0.0000  0.0000  cv32e40p_prefetch_buffer_PULP_OBI0_COREV_PULP0_test_1
core_i/if_stage_i/prefetch_buffer_i/fifo_i
                                    185.2812      1.1     94.7052    90.5760  0.0000  cv32e40p_fifo_0_32_2_test_1
core_i/if_stage_i/prefetch_buffer_i/instruction_obi_i
                                    238.5168      1.4    137.2848   101.2320  0.0000  cv32e40p_obi_interface_TRANS_STABLE0_test_1
core_i/if_stage_i/prefetch_buffer_i/prefetch_controller_i
                                    189.8988      1.1    110.5116    49.2840  0.0000  cv32e40p_prefetch_controller_PULP_OBI0_COREV_PULP0_DEPTH2_test_1
core_i/if_stage_i/prefetch_buffer_i/prefetch_controller_i/add_138
                                     30.1032      0.2     30.1032     0.0000  0.0000  cv32e40p_prefetch_controller_PULP_OBI0_COREV_PULP0_DEPTH2_DW01_add_0
core_i/load_store_unit_i            412.7868      2.5    267.9984    55.9440  0.0000  cv32e40p_load_store_unit_PULP_OBI0_test_1
core_i/load_store_unit_i/add_346_aco
                                     42.0468      0.3     42.0468     0.0000  0.0000  cv32e40p_load_store_unit_PULP_OBI0_DW01_add_0
core_i/load_store_unit_i/data_obi_i
                                     34.4988      0.2     34.4988     0.0000  0.0000  cv32e40p_obi_interface_TRANS_STABLE1
core_i/load_store_unit_i/mult_add_346_aco
                                     12.2988      0.1     12.2988     0.0000  0.0000  cv32e40p_load_store_unit_PULP_OBI0_DW02_mult_0
core_i/sleep_unit_i                   6.5712      0.0      2.7084     2.6640  0.0000  cv32e40p_sleep_unit_COREV_CLUSTER0_test_1
core_i/sleep_unit_i/core_clock_gate_i
                                      1.1988      0.0      0.3552     0.8436  0.0000  cv32e40p_clock_gate
--------------------------------  ----------  -------  ----------  ---------  ------  --------------------------------------------------------------------------------------------------------------------------------------------------------------------------------------------------------------------------------------
Total                                                  13578.6744  3008.8104  0.0000

1
