In mode: Internal_scan...
  Design has scan chains in this mode
  Design is scan routed
  Post-DFT DRC enabled

Information: Starting test design rule checking. (TEST-222)
  Loading test protocol
  ...basic checks...
  ...basic sequential cell checks...
  ...checking vector rules...
  ...checking clock rules...
  ...checking scan chain rules...
  ...checking scan compression rules...
  ...checking X-state rules...
  ...checking tristate rules...
  ...extracting scan details...

-----------------------------------------------------------------
  DRC Report

  Total violations: 0

-----------------------------------------------------------------


Test Design rule checking did not find violations

-----------------------------------------------------------------
  Sequential Cell Report

  1 out of 2259 sequential cells have violations

-----------------------------------------------------------------

SEQUENTIAL CELLS WITH VIOLATIONS
      *   1 cell is a clock gating cell
SEQUENTIAL CELLS WITHOUT VIOLATIONS
      *2258 cells are valid scan cells

Information: Test design rule checking completed. (TEST-123)
  Running test coverage estimation...
 200288 faults were added to fault list.
 0           74654  81301         1/0/0    53.40%      0.39
 0           18786  62514         2/0/0    64.17%      0.66
 0           11678  50823        10/0/1    70.86%      0.92
 0            7135  43679        16/0/3    74.96%      1.14
 0            4276  39386        27/0/3    77.42%      1.38
 0            3958  35415        38/0/4    79.69%      1.63
 0            3512  31888        49/0/4    81.71%      1.86
 0            2013  29855        66/0/4    82.87%      2.06
 0            1871  27966        79/0/6    83.96%      2.32
 0            1177  26768        96/1/8    84.64%      2.55
 0            1573  25166       115/1/9    85.56%      2.79
 0            1378  23769      131/1/10    86.36%      3.02
 0            1305  22440      146/1/10    87.12%      3.25
 0            1245  21161      165/1/10    87.85%      3.49
 0             897  20232      187/1/10    88.38%      3.73
 0             660  19546      205/1/11    88.77%      3.99
 0             650  18868      226/1/13    89.16%      4.24
 0             915  17925      246/1/13    89.70%      4.48
 0             423  17470      267/1/14    89.96%      4.77
 0             613  16815      298/1/16    90.33%      5.22
 0             410  16372      319/1/17    90.59%      5.48
 0             491  15852      340/1/19    90.88%      5.77
 0             300  15520      361/1/20    91.07%      6.03
 0             412  15062      390/1/20    91.33%      6.35
 0             525  14488      428/1/21    91.66%      6.71
 0             402  14055      452/1/21    91.91%      7.02
 0             416  13513      535/1/21    92.21%      7.40
 0             346  13131      559/1/21    92.43%      7.66
 0             265  12830      585/1/24    92.60%      7.97
 0             238  12493      648/1/30    92.79%      8.33
 0             214  12235      671/1/31    92.94%      8.61
 0             191  11964      710/1/31    93.09%      8.93
 0             156  11750      749/1/32    93.22%      9.21
 0             145  11473      826/1/41    93.37%      9.69
 0             124  11302      855/1/41    93.47%     10.11
 0             120  11142      885/1/42    93.56%     10.52
 0              77  11027      913/2/42    93.62%     10.86
 0             190  10750      977/2/45    93.78%     11.22
 0             171  10431     1092/2/46    93.96%     11.70
 0             131  10125     1226/2/48    94.13%     12.18
 0             139   9944     1254/2/50    94.23%     12.46
 0             110   9794     1283/2/51    94.32%     12.74
 0              92   9655     1318/2/52    94.40%     13.07
 0              69   9478     1378/2/53    94.50%     13.70
 0              95   9338     1411/2/53    94.58%     14.01
 0              82   9199     1448/2/56    94.66%     14.47
 0              90   9059     1481/2/56    94.74%     14.98
 0              60   8944     1515/2/57    94.80%     15.51
 0              88   8811     1547/2/57    94.88%     15.99
 0              63   8699     1580/2/58    94.94%     16.46
 0              73   8576     1610/2/59    95.01%     16.90
 0              67   8465     1642/2/59    95.07%     17.29
 0              84   8320     1680/2/59    95.16%     17.62
 0              73   8191     1712/2/59    95.23%     17.93
 0              68   8077     1741/2/60    95.29%     18.26
 0              61   7969     1773/2/62    95.36%     18.61
 0             104   7796     1826/2/62    95.45%     19.06
 0             103   7635     1860/2/62    95.55%     19.48
 0              87   7485     1908/2/78    95.63%     19.96
 0              58   7375     1944/2/86    95.69%     20.42
 0              56   7263    1982/2/101    95.76%     20.90
 0             167   6929    2074/8/103    95.94%     21.30
 0              47   6819    2123/8/104    96.01%     21.72
 0              50   6364    2386/8/106    96.26%     22.91
 0              72   6215    2440/8/130    96.35%     23.90
 0              58   6103    2475/8/130    96.41%     24.46
 0              51   6001    2511/8/132    96.47%     25.01
 0              72   5878    2546/8/135    96.54%     25.49
 0              77   5740   2587/10/135    96.62%     26.13
 0              57   5624   2623/11/136    96.69%     26.75
 0              48   5515   2660/11/137    96.75%     27.34
 0              37   4859   3037/11/142    97.12%     30.20
 0              52   4755   3072/11/142    97.19%     30.57
 0              70   4632   3110/11/142    97.26%     30.92
 0              83    780   5696/11/144    99.51%     55.07
 0              47    642   5758/11/146    99.60%     55.33
 0              44    251   5981/11/151    99.83%     57.08
 
            Pattern Summary Report
 -----------------------------------------------
 #internal patterns                           0
 -----------------------------------------------
 

     Uncollapsed Stuck Fault Summary Report
 -----------------------------------------------
 fault class                     code   #faults
 ------------------------------  ----  ---------
 Detected                         DT     165313
 Possibly detected                PT          0
 Undetectable                     UD      34698
 ATPG untestable                  AU         26
 Not detected                     ND        251
 -----------------------------------------------
 total faults                            200288
 test coverage                            99.83%
 -----------------------------------------------
  Information: The test coverage above may be inferior
               than the real test coverage with customized
               protocol and test simulation library.
1
