 
****************************************
Report : port
Design : cv32e40p_top
Version: O-2018.06-SP1
Date   : Sun Jul  6 23:28:58 2025
****************************************



Attributes:
    d - dont_touch_network

                       Pin      Wire     Max     Max     Connection
Port           Dir     Load     Load     Trans   Cap     Class      Attrs
--------------------------------------------------------------------------------
SE             in      0.0000   0.0000   --      90.65   --         
SI[0]          in      0.0000   0.0000   --      90.65   --         
SI[1]          in      0.0000   0.0000   --      90.65   --         
SI[2]          in      0.0000   0.0000   --      90.65   --         
SI[3]          in      0.0000   0.0000   --      90.65   --         
SI[4]          in      0.0000   0.0000   --      90.65   --         
boot_addr_i[0] in      0.0000   0.0000   --      90.65   --         
boot_addr_i[1] in      0.0000   0.0000   --      90.65   --         
boot_addr_i[2] in      0.0000   0.0000   --      90.65   --         
boot_addr_i[3] in      0.0000   0.0000   --      90.65   --         
boot_addr_i[4] in      0.0000   0.0000   --      90.65   --         
boot_addr_i[5] in      0.0000   0.0000   --      90.65   --         
boot_addr_i[6] in      0.0000   0.0000   --      90.65   --         
boot_addr_i[7] in      0.0000   0.0000   --      90.65   --         
boot_addr_i[8] in      0.0000   0.0000   --      90.65   --         
boot_addr_i[9] in      0.0000   0.0000   --      90.65   --         
boot_addr_i[10]
               in      0.0000   0.0000   --      90.65   --         
boot_addr_i[11]
               in      0.0000   0.0000   --      90.65   --         
boot_addr_i[12]
               in      0.0000   0.0000   --      90.65   --         
boot_addr_i[13]
               in      0.0000   0.0000   --      90.65   --         
boot_addr_i[14]
               in      0.0000   0.0000   --      90.65   --         
boot_addr_i[15]
               in      0.0000   0.0000   --      90.65   --         
boot_addr_i[16]
               in      0.0000   0.0000   --      90.65   --         
boot_addr_i[17]
               in      0.0000   0.0000   --      90.65   --         
boot_addr_i[18]
               in      0.0000   0.0000   --      90.65   --         
boot_addr_i[19]
               in      0.0000   0.0000   --      90.65   --         
boot_addr_i[20]
               in      0.0000   0.0000   --      90.65   --         
boot_addr_i[21]
               in      0.0000   0.0000   --      90.65   --         
boot_addr_i[22]
               in      0.0000   0.0000   --      90.65   --         
boot_addr_i[23]
               in      0.0000   0.0000   --      90.65   --         
boot_addr_i[24]
               in      0.0000   0.0000   --      90.65   --         
boot_addr_i[25]
               in      0.0000   0.0000   --      90.65   --         
boot_addr_i[26]
               in      0.0000   0.0000   --      90.65   --         
boot_addr_i[27]
               in      0.0000   0.0000   --      90.65   --         
boot_addr_i[28]
               in      0.0000   0.0000   --      90.65   --         
boot_addr_i[29]
               in      0.0000   0.0000   --      90.65   --         
boot_addr_i[30]
               in      0.0000   0.0000   --      90.65   --         
boot_addr_i[31]
               in      0.0000   0.0000   --      90.65   --         
clk_i          in      0.0000   0.0000   --      --      --         d
data_gnt_i     in      0.0000   0.0000   --      90.65   --         
data_rdata_i[0]
               in      0.0000   0.0000   --      90.65   --         
data_rdata_i[1]
               in      0.0000   0.0000   --      90.65   --         
data_rdata_i[2]
               in      0.0000   0.0000   --      90.65   --         
data_rdata_i[3]
               in      0.0000   0.0000   --      90.65   --         
data_rdata_i[4]
               in      0.0000   0.0000   --      90.65   --         
data_rdata_i[5]
               in      0.0000   0.0000   --      90.65   --         
data_rdata_i[6]
               in      0.0000   0.0000   --      90.65   --         
data_rdata_i[7]
               in      0.0000   0.0000   --      90.65   --         
data_rdata_i[8]
               in      0.0000   0.0000   --      90.65   --         
data_rdata_i[9]
               in      0.0000   0.0000   --      90.65   --         
data_rdata_i[10]
               in      0.0000   0.0000   --      90.65   --         
data_rdata_i[11]
               in      0.0000   0.0000   --      90.65   --         
data_rdata_i[12]
               in      0.0000   0.0000   --      90.65   --         
data_rdata_i[13]
               in      0.0000   0.0000   --      90.65   --         
data_rdata_i[14]
               in      0.0000   0.0000   --      90.65   --         
data_rdata_i[15]
               in      0.0000   0.0000   --      90.65   --         
data_rdata_i[16]
               in      0.0000   0.0000   --      90.65   --         
data_rdata_i[17]
               in      0.0000   0.0000   --      90.65   --         
data_rdata_i[18]
               in      0.0000   0.0000   --      90.65   --         
data_rdata_i[19]
               in      0.0000   0.0000   --      90.65   --         
data_rdata_i[20]
               in      0.0000   0.0000   --      90.65   --         
data_rdata_i[21]
               in      0.0000   0.0000   --      90.65   --         
data_rdata_i[22]
               in      0.0000   0.0000   --      90.65   --         
data_rdata_i[23]
               in      0.0000   0.0000   --      90.65   --         
data_rdata_i[24]
               in      0.0000   0.0000   --      90.65   --         
data_rdata_i[25]
               in      0.0000   0.0000   --      90.65   --         
data_rdata_i[26]
               in      0.0000   0.0000   --      90.65   --         
data_rdata_i[27]
               in      0.0000   0.0000   --      90.65   --         
data_rdata_i[28]
               in      0.0000   0.0000   --      90.65   --         
data_rdata_i[29]
               in      0.0000   0.0000   --      90.65   --         
data_rdata_i[30]
               in      0.0000   0.0000   --      90.65   --         
data_rdata_i[31]
               in      0.0000   0.0000   --      90.65   --         
data_rvalid_i  in      0.0000   0.0000   --      90.65   --         
debug_req_i    in      0.0000   0.0000   --      90.65   --         
dm_exception_addr_i[0]
               in      0.0000   0.0000   --      90.65   --         
dm_exception_addr_i[1]
               in      0.0000   0.0000   --      90.65   --         
dm_exception_addr_i[2]
               in      0.0000   0.0000   --      90.65   --         
dm_exception_addr_i[3]
               in      0.0000   0.0000   --      90.65   --         
dm_exception_addr_i[4]
               in      0.0000   0.0000   --      90.65   --         
dm_exception_addr_i[5]
               in      0.0000   0.0000   --      90.65   --         
dm_exception_addr_i[6]
               in      0.0000   0.0000   --      90.65   --         
dm_exception_addr_i[7]
               in      0.0000   0.0000   --      90.65   --         
dm_exception_addr_i[8]
               in      0.0000   0.0000   --      90.65   --         
dm_exception_addr_i[9]
               in      0.0000   0.0000   --      90.65   --         
dm_exception_addr_i[10]
               in      0.0000   0.0000   --      90.65   --         
dm_exception_addr_i[11]
               in      0.0000   0.0000   --      90.65   --         
dm_exception_addr_i[12]
               in      0.0000   0.0000   --      90.65   --         
dm_exception_addr_i[13]
               in      0.0000   0.0000   --      90.65   --         
dm_exception_addr_i[14]
               in      0.0000   0.0000   --      90.65   --         
dm_exception_addr_i[15]
               in      0.0000   0.0000   --      90.65   --         
dm_exception_addr_i[16]
               in      0.0000   0.0000   --      90.65   --         
dm_exception_addr_i[17]
               in      0.0000   0.0000   --      90.65   --         
dm_exception_addr_i[18]
               in      0.0000   0.0000   --      90.65   --         
dm_exception_addr_i[19]
               in      0.0000   0.0000   --      90.65   --         
dm_exception_addr_i[20]
               in      0.0000   0.0000   --      90.65   --         
dm_exception_addr_i[21]
               in      0.0000   0.0000   --      90.65   --         
dm_exception_addr_i[22]
               in      0.0000   0.0000   --      90.65   --         
dm_exception_addr_i[23]
               in      0.0000   0.0000   --      90.65   --         
dm_exception_addr_i[24]
               in      0.0000   0.0000   --      90.65   --         
dm_exception_addr_i[25]
               in      0.0000   0.0000   --      90.65   --         
dm_exception_addr_i[26]
               in      0.0000   0.0000   --      90.65   --         
dm_exception_addr_i[27]
               in      0.0000   0.0000   --      90.65   --         
dm_exception_addr_i[28]
               in      0.0000   0.0000   --      90.65   --         
dm_exception_addr_i[29]
               in      0.0000   0.0000   --      90.65   --         
dm_exception_addr_i[30]
               in      0.0000   0.0000   --      90.65   --         
dm_exception_addr_i[31]
               in      0.0000   0.0000   --      90.65   --         
dm_halt_addr_i[0]
               in      0.0000   0.0000   --      90.65   --         
dm_halt_addr_i[1]
               in      0.0000   0.0000   --      90.65   --         
dm_halt_addr_i[2]
               in      0.0000   0.0000   --      90.65   --         
dm_halt_addr_i[3]
               in      0.0000   0.0000   --      90.65   --         
dm_halt_addr_i[4]
               in      0.0000   0.0000   --      90.65   --         
dm_halt_addr_i[5]
               in      0.0000   0.0000   --      90.65   --         
dm_halt_addr_i[6]
               in      0.0000   0.0000   --      90.65   --         
dm_halt_addr_i[7]
               in      0.0000   0.0000   --      90.65   --         
dm_halt_addr_i[8]
               in      0.0000   0.0000   --      90.65   --         
dm_halt_addr_i[9]
               in      0.0000   0.0000   --      90.65   --         
dm_halt_addr_i[10]
               in      0.0000   0.0000   --      90.65   --         
dm_halt_addr_i[11]
               in      0.0000   0.0000   --      90.65   --         
dm_halt_addr_i[12]
               in      0.0000   0.0000   --      90.65   --         
dm_halt_addr_i[13]
               in      0.0000   0.0000   --      90.65   --         
dm_halt_addr_i[14]
               in      0.0000   0.0000   --      90.65   --         
dm_halt_addr_i[15]
               in      0.0000   0.0000   --      90.65   --         
dm_halt_addr_i[16]
               in      0.0000   0.0000   --      90.65   --         
dm_halt_addr_i[17]
               in      0.0000   0.0000   --      90.65   --         
dm_halt_addr_i[18]
               in      0.0000   0.0000   --      90.65   --         
dm_halt_addr_i[19]
               in      0.0000   0.0000   --      90.65   --         
dm_halt_addr_i[20]
               in      0.0000   0.0000   --      90.65   --         
dm_halt_addr_i[21]
               in      0.0000   0.0000   --      90.65   --         
dm_halt_addr_i[22]
               in      0.0000   0.0000   --      90.65   --         
dm_halt_addr_i[23]
               in      0.0000   0.0000   --      90.65   --         
dm_halt_addr_i[24]
               in      0.0000   0.0000   --      90.65   --         
dm_halt_addr_i[25]
               in      0.0000   0.0000   --      90.65   --         
dm_halt_addr_i[26]
               in      0.0000   0.0000   --      90.65   --         
dm_halt_addr_i[27]
               in      0.0000   0.0000   --      90.65   --         
dm_halt_addr_i[28]
               in      0.0000   0.0000   --      90.65   --         
dm_halt_addr_i[29]
               in      0.0000   0.0000   --      90.65   --         
dm_halt_addr_i[30]
               in      0.0000   0.0000   --      90.65   --         
dm_halt_addr_i[31]
               in      0.0000   0.0000   --      90.65   --         
fetch_enable_i in      0.0000   0.0000   --      90.65   --         
hart_id_i[0]   in      0.0000   0.0000   --      90.65   --         
hart_id_i[1]   in      0.0000   0.0000   --      90.65   --         
hart_id_i[2]   in      0.0000   0.0000   --      90.65   --         
hart_id_i[3]   in      0.0000   0.0000   --      90.65   --         
hart_id_i[4]   in      0.0000   0.0000   --      90.65   --         
hart_id_i[5]   in      0.0000   0.0000   --      90.65   --         
hart_id_i[6]   in      0.0000   0.0000   --      90.65   --         
hart_id_i[7]   in      0.0000   0.0000   --      90.65   --         
hart_id_i[8]   in      0.0000   0.0000   --      90.65   --         
hart_id_i[9]   in      0.0000   0.0000   --      90.65   --         
hart_id_i[10]  in      0.0000   0.0000   --      90.65   --         
hart_id_i[11]  in      0.0000   0.0000   --      90.65   --         
hart_id_i[12]  in      0.0000   0.0000   --      90.65   --         
hart_id_i[13]  in      0.0000   0.0000   --      90.65   --         
hart_id_i[14]  in      0.0000   0.0000   --      90.65   --         
hart_id_i[15]  in      0.0000   0.0000   --      90.65   --         
hart_id_i[16]  in      0.0000   0.0000   --      90.65   --         
hart_id_i[17]  in      0.0000   0.0000   --      90.65   --         
hart_id_i[18]  in      0.0000   0.0000   --      90.65   --         
hart_id_i[19]  in      0.0000   0.0000   --      90.65   --         
hart_id_i[20]  in      0.0000   0.0000   --      90.65   --         
hart_id_i[21]  in      0.0000   0.0000   --      90.65   --         
hart_id_i[22]  in      0.0000   0.0000   --      90.65   --         
hart_id_i[23]  in      0.0000   0.0000   --      90.65   --         
hart_id_i[24]  in      0.0000   0.0000   --      90.65   --         
hart_id_i[25]  in      0.0000   0.0000   --      90.65   --         
hart_id_i[26]  in      0.0000   0.0000   --      90.65   --         
hart_id_i[27]  in      0.0000   0.0000   --      90.65   --         
hart_id_i[28]  in      0.0000   0.0000   --      90.65   --         
hart_id_i[29]  in      0.0000   0.0000   --      90.65   --         
hart_id_i[30]  in      0.0000   0.0000   --      90.65   --         
hart_id_i[31]  in      0.0000   0.0000   --      90.65   --         
instr_gnt_i    in      0.0000   0.0000   --      90.65   --         
instr_rdata_i[0]
               in      0.0000   0.0000   --      90.65   --         
instr_rdata_i[1]
               in      0.0000   0.0000   --      90.65   --         
instr_rdata_i[2]
               in      0.0000   0.0000   --      90.65   --         
instr_rdata_i[3]
               in      0.0000   0.0000   --      90.65   --         
instr_rdata_i[4]
               in      0.0000   0.0000   --      90.65   --         
instr_rdata_i[5]
               in      0.0000   0.0000   --      90.65   --         
instr_rdata_i[6]
               in      0.0000   0.0000   --      90.65   --         
instr_rdata_i[7]
               in      0.0000   0.0000   --      90.65   --         
instr_rdata_i[8]
               in      0.0000   0.0000   --      90.65   --         
instr_rdata_i[9]
               in      0.0000   0.0000   --      90.65   --         
instr_rdata_i[10]
               in      0.0000   0.0000   --      90.65   --         
instr_rdata_i[11]
               in      0.0000   0.0000   --      90.65   --         
instr_rdata_i[12]
               in      0.0000   0.0000   --      90.65   --         
instr_rdata_i[13]
               in      0.0000   0.0000   --      90.65   --         
instr_rdata_i[14]
               in      0.0000   0.0000   --      90.65   --         
instr_rdata_i[15]
               in      0.0000   0.0000   --      90.65   --         
instr_rdata_i[16]
               in      0.0000   0.0000   --      90.65   --         
instr_rdata_i[17]
               in      0.0000   0.0000   --      90.65   --         
instr_rdata_i[18]
               in      0.0000   0.0000   --      90.65   --         
instr_rdata_i[19]
               in      0.0000   0.0000   --      90.65   --         
instr_rdata_i[20]
               in      0.0000   0.0000   --      90.65   --         
instr_rdata_i[21]
               in      0.0000   0.0000   --      90.65   --         
instr_rdata_i[22]
               in      0.0000   0.0000   --      90.65   --         
instr_rdata_i[23]
               in      0.0000   0.0000   --      90.65   --         
instr_rdata_i[24]
               in      0.0000   0.0000   --      90.65   --         
instr_rdata_i[25]
               in      0.0000   0.0000   --      90.65   --         
instr_rdata_i[26]
               in      0.0000   0.0000   --      90.65   --         
instr_rdata_i[27]
               in      0.0000   0.0000   --      90.65   --         
instr_rdata_i[28]
               in      0.0000   0.0000   --      90.65   --         
instr_rdata_i[29]
               in      0.0000   0.0000   --      90.65   --         
instr_rdata_i[30]
               in      0.0000   0.0000   --      90.65   --         
instr_rdata_i[31]
               in      0.0000   0.0000   --      90.65   --         
instr_rvalid_i in      0.0000   0.0000   --      90.65   --         
irq_i[0]       in      0.0000   0.0000   --      90.65   --         
irq_i[1]       in      0.0000   0.0000   --      90.65   --         
irq_i[2]       in      0.0000   0.0000   --      90.65   --         
irq_i[3]       in      0.0000   0.0000   --      90.65   --         
irq_i[4]       in      0.0000   0.0000   --      90.65   --         
irq_i[5]       in      0.0000   0.0000   --      90.65   --         
irq_i[6]       in      0.0000   0.0000   --      90.65   --         
irq_i[7]       in      0.0000   0.0000   --      90.65   --         
irq_i[8]       in      0.0000   0.0000   --      90.65   --         
irq_i[9]       in      0.0000   0.0000   --      90.65   --         
irq_i[10]      in      0.0000   0.0000   --      90.65   --         
irq_i[11]      in      0.0000   0.0000   --      90.65   --         
irq_i[12]      in      0.0000   0.0000   --      90.65   --         
irq_i[13]      in      0.0000   0.0000   --      90.65   --         
irq_i[14]      in      0.0000   0.0000   --      90.65   --         
irq_i[15]      in      0.0000   0.0000   --      90.65   --         
irq_i[16]      in      0.0000   0.0000   --      90.65   --         
irq_i[17]      in      0.0000   0.0000   --      90.65   --         
irq_i[18]      in      0.0000   0.0000   --      90.65   --         
irq_i[19]      in      0.0000   0.0000   --      90.65   --         
irq_i[20]      in      0.0000   0.0000   --      90.65   --         
irq_i[21]      in      0.0000   0.0000   --      90.65   --         
irq_i[22]      in      0.0000   0.0000   --      90.65   --         
irq_i[23]      in      0.0000   0.0000   --      90.65   --         
irq_i[24]      in      0.0000   0.0000   --      90.65   --         
irq_i[25]      in      0.0000   0.0000   --      90.65   --         
irq_i[26]      in      0.0000   0.0000   --      90.65   --         
irq_i[27]      in      0.0000   0.0000   --      90.65   --         
irq_i[28]      in      0.0000   0.0000   --      90.65   --         
irq_i[29]      in      0.0000   0.0000   --      90.65   --         
irq_i[30]      in      0.0000   0.0000   --      90.65   --         
irq_i[31]      in      0.0000   0.0000   --      90.65   --         
mtvec_addr_i[0]
               in      0.0000   0.0000   --      90.65   --         
mtvec_addr_i[1]
               in      0.0000   0.0000   --      90.65   --         
mtvec_addr_i[2]
               in      0.0000   0.0000   --      90.65   --         
mtvec_addr_i[3]
               in      0.0000   0.0000   --      90.65   --         
mtvec_addr_i[4]
               in      0.0000   0.0000   --      90.65   --         
mtvec_addr_i[5]
               in      0.0000   0.0000   --      90.65   --         
mtvec_addr_i[6]
               in      0.0000   0.0000   --      90.65   --         
mtvec_addr_i[7]
               in      0.0000   0.0000   --      90.65   --         
mtvec_addr_i[8]
               in      0.0000   0.0000   --      90.65   --         
mtvec_addr_i[9]
               in      0.0000   0.0000   --      90.65   --         
mtvec_addr_i[10]
               in      0.0000   0.0000   --      90.65   --         
mtvec_addr_i[11]
               in      0.0000   0.0000   --      90.65   --         
mtvec_addr_i[12]
               in      0.0000   0.0000   --      90.65   --         
mtvec_addr_i[13]
               in      0.0000   0.0000   --      90.65   --         
mtvec_addr_i[14]
               in      0.0000   0.0000   --      90.65   --         
mtvec_addr_i[15]
               in      0.0000   0.0000   --      90.65   --         
mtvec_addr_i[16]
               in      0.0000   0.0000   --      90.65   --         
mtvec_addr_i[17]
               in      0.0000   0.0000   --      90.65   --         
mtvec_addr_i[18]
               in      0.0000   0.0000   --      90.65   --         
mtvec_addr_i[19]
               in      0.0000   0.0000   --      90.65   --         
mtvec_addr_i[20]
               in      0.0000   0.0000   --      90.65   --         
mtvec_addr_i[21]
               in      0.0000   0.0000   --      90.65   --         
mtvec_addr_i[22]
               in      0.0000   0.0000   --      90.65   --         
mtvec_addr_i[23]
               in      0.0000   0.0000   --      90.65   --         
mtvec_addr_i[24]
               in      0.0000   0.0000   --      90.65   --         
mtvec_addr_i[25]
               in      0.0000   0.0000   --      90.65   --         
mtvec_addr_i[26]
               in      0.0000   0.0000   --      90.65   --         
mtvec_addr_i[27]
               in      0.0000   0.0000   --      90.65   --         
mtvec_addr_i[28]
               in      0.0000   0.0000   --      90.65   --         
mtvec_addr_i[29]
               in      0.0000   0.0000   --      90.65   --         
mtvec_addr_i[30]
               in      0.0000   0.0000   --      90.65   --         
mtvec_addr_i[31]
               in      0.0000   0.0000   --      90.65   --         
pulp_clock_en_i
               in      0.0000   0.0000   --      90.65   --         
rst_ni         in      0.0000   0.0000   --      --      --         d
scan_clk       in      0.0000   0.0000   --      --      --         d
scan_rst       in      0.0000   0.0000   --      --      --         d
test_mode      in      0.0000   0.0000   --      90.65   --         
SO[0]          out     0.5000   0.0000   --      --      --         
SO[1]          out     0.5000   0.0000   --      --      --         
SO[2]          out     0.5000   0.0000   --      --      --         
SO[3]          out     0.5000   0.0000   --      --      --         
SO[4]          out     0.5000   0.0000   --      --      --         
core_sleep_o   out     0.5000   0.0000   --      --      --         
data_addr_o[0] out     0.5000   0.0000   --      --      --         
data_addr_o[1] out     0.5000   0.0000   --      --      --         
data_addr_o[2] out     0.5000   0.0000   --      --      --         
data_addr_o[3] out     0.5000   0.0000   --      --      --         
data_addr_o[4] out     0.5000   0.0000   --      --      --         
data_addr_o[5] out     0.5000   0.0000   --      --      --         
data_addr_o[6] out     0.5000   0.0000   --      --      --         
data_addr_o[7] out     0.5000   0.0000   --      --      --         
data_addr_o[8] out     0.5000   0.0000   --      --      --         
data_addr_o[9] out     0.5000   0.0000   --      --      --         
data_addr_o[10]
               out     0.5000   0.0000   --      --      --         
data_addr_o[11]
               out     0.5000   0.0000   --      --      --         
data_addr_o[12]
               out     0.5000   0.0000   --      --      --         
data_addr_o[13]
               out     0.5000   0.0000   --      --      --         
data_addr_o[14]
               out     0.5000   0.0000   --      --      --         
data_addr_o[15]
               out     0.5000   0.0000   --      --      --         
data_addr_o[16]
               out     0.5000   0.0000   --      --      --         
data_addr_o[17]
               out     0.5000   0.0000   --      --      --         
data_addr_o[18]
               out     0.5000   0.0000   --      --      --         
data_addr_o[19]
               out     0.5000   0.0000   --      --      --         
data_addr_o[20]
               out     0.5000   0.0000   --      --      --         
data_addr_o[21]
               out     0.5000   0.0000   --      --      --         
data_addr_o[22]
               out     0.5000   0.0000   --      --      --         
data_addr_o[23]
               out     0.5000   0.0000   --      --      --         
data_addr_o[24]
               out     0.5000   0.0000   --      --      --         
data_addr_o[25]
               out     0.5000   0.0000   --      --      --         
data_addr_o[26]
               out     0.5000   0.0000   --      --      --         
data_addr_o[27]
               out     0.5000   0.0000   --      --      --         
data_addr_o[28]
               out     0.5000   0.0000   --      --      --         
data_addr_o[29]
               out     0.5000   0.0000   --      --      --         
data_addr_o[30]
               out     0.5000   0.0000   --      --      --         
data_addr_o[31]
               out     0.5000   0.0000   --      --      --         
data_be_o[0]   out     0.5000   0.0000   --      --      --         
data_be_o[1]   out     0.5000   0.0000   --      --      --         
data_be_o[2]   out     0.5000   0.0000   --      --      --         
data_be_o[3]   out     0.5000   0.0000   --      --      --         
data_req_o     out     0.5000   0.0000   --      --      --         
data_wdata_o[0]
               out     0.5000   0.0000   --      --      --         
data_wdata_o[1]
               out     0.5000   0.0000   --      --      --         
data_wdata_o[2]
               out     0.5000   0.0000   --      --      --         
data_wdata_o[3]
               out     0.5000   0.0000   --      --      --         
data_wdata_o[4]
               out     0.5000   0.0000   --      --      --         
data_wdata_o[5]
               out     0.5000   0.0000   --      --      --         
data_wdata_o[6]
               out     0.5000   0.0000   --      --      --         
data_wdata_o[7]
               out     0.5000   0.0000   --      --      --         
data_wdata_o[8]
               out     0.5000   0.0000   --      --      --         
data_wdata_o[9]
               out     0.5000   0.0000   --      --      --         
data_wdata_o[10]
               out     0.5000   0.0000   --      --      --         
data_wdata_o[11]
               out     0.5000   0.0000   --      --      --         
data_wdata_o[12]
               out     0.5000   0.0000   --      --      --         
data_wdata_o[13]
               out     0.5000   0.0000   --      --      --         
data_wdata_o[14]
               out     0.5000   0.0000   --      --      --         
data_wdata_o[15]
               out     0.5000   0.0000   --      --      --         
data_wdata_o[16]
               out     0.5000   0.0000   --      --      --         
data_wdata_o[17]
               out     0.5000   0.0000   --      --      --         
data_wdata_o[18]
               out     0.5000   0.0000   --      --      --         
data_wdata_o[19]
               out     0.5000   0.0000   --      --      --         
data_wdata_o[20]
               out     0.5000   0.0000   --      --      --         
data_wdata_o[21]
               out     0.5000   0.0000   --      --      --         
data_wdata_o[22]
               out     0.5000   0.0000   --      --      --         
data_wdata_o[23]
               out     0.5000   0.0000   --      --      --         
data_wdata_o[24]
               out     0.5000   0.0000   --      --      --         
data_wdata_o[25]
               out     0.5000   0.0000   --      --      --         
data_wdata_o[26]
               out     0.5000   0.0000   --      --      --         
data_wdata_o[27]
               out     0.5000   0.0000   --      --      --         
data_wdata_o[28]
               out     0.5000   0.0000   --      --      --         
data_wdata_o[29]
               out     0.5000   0.0000   --      --      --         
data_wdata_o[30]
               out     0.5000   0.0000   --      --      --         
data_wdata_o[31]
               out     0.5000   0.0000   --      --      --         
data_we_o      out     0.5000   0.0000   --      --      --         
debug_halted_o out     0.5000   0.0000   --      --      --         
debug_havereset_o
               out     0.5000   0.0000   --      --      --         
debug_running_o
               out     0.5000   0.0000   --      --      --         
instr_addr_o[0]
               out     0.5000   0.0000   --      --      --         
instr_addr_o[1]
               out     0.5000   0.0000   --      --      --         
instr_addr_o[2]
               out     0.5000   0.0000   --      --      --         
instr_addr_o[3]
               out     0.5000   0.0000   --      --      --         
instr_addr_o[4]
               out     0.5000   0.0000   --      --      --         
instr_addr_o[5]
               out     0.5000   0.0000   --      --      --         
instr_addr_o[6]
               out     0.5000   0.0000   --      --      --         
instr_addr_o[7]
               out     0.5000   0.0000   --      --      --         
instr_addr_o[8]
               out     0.5000   0.0000   --      --      --         
instr_addr_o[9]
               out     0.5000   0.0000   --      --      --         
instr_addr_o[10]
               out     0.5000   0.0000   --      --      --         
instr_addr_o[11]
               out     0.5000   0.0000   --      --      --         
instr_addr_o[12]
               out     0.5000   0.0000   --      --      --         
instr_addr_o[13]
               out     0.5000   0.0000   --      --      --         
instr_addr_o[14]
               out     0.5000   0.0000   --      --      --         
instr_addr_o[15]
               out     0.5000   0.0000   --      --      --         
instr_addr_o[16]
               out     0.5000   0.0000   --      --      --         
instr_addr_o[17]
               out     0.5000   0.0000   --      --      --         
instr_addr_o[18]
               out     0.5000   0.0000   --      --      --         
instr_addr_o[19]
               out     0.5000   0.0000   --      --      --         
instr_addr_o[20]
               out     0.5000   0.0000   --      --      --         
instr_addr_o[21]
               out     0.5000   0.0000   --      --      --         
instr_addr_o[22]
               out     0.5000   0.0000   --      --      --         
instr_addr_o[23]
               out     0.5000   0.0000   --      --      --         
instr_addr_o[24]
               out     0.5000   0.0000   --      --      --         
instr_addr_o[25]
               out     0.5000   0.0000   --      --      --         
instr_addr_o[26]
               out     0.5000   0.0000   --      --      --         
instr_addr_o[27]
               out     0.5000   0.0000   --      --      --         
instr_addr_o[28]
               out     0.5000   0.0000   --      --      --         
instr_addr_o[29]
               out     0.5000   0.0000   --      --      --         
instr_addr_o[30]
               out     0.5000   0.0000   --      --      --         
instr_addr_o[31]
               out     0.5000   0.0000   --      --      --         
instr_req_o    out     0.5000   0.0000   --      --      --         
irq_ack_o      out     0.5000   0.0000   --      --      --         
irq_id_o[0]    out     0.5000   0.0000   --      --      --         
irq_id_o[1]    out     0.5000   0.0000   --      --      --         
irq_id_o[2]    out     0.5000   0.0000   --      --      --         
irq_id_o[3]    out     0.5000   0.0000   --      --      --         
irq_id_o[4]    out     0.5000   0.0000   --      --      --         

1
