Information: Using automatic max wire load selection group 'predcaps'. (ENV-003)
Information: Using automatic min wire load selection group 'predcaps'. (ENV-003)
Warning: Some timing arcs have been disabled for breaking timing loops or because of constant propagation. Use the 'report_disable_timing' command to get the list of these disabled timing arcs. (PTE-003)
Warning: An extrapolation exceeding 80% of the library characterization range has been detected. The delay calculation accuracy may be affected. for the cell timing arc, (saed14rvt_ss0p6v125c/SAEDRVT14_BUF_20) CTS_cts_buf_281714274/A-->X (max positive_unate) [r/f slew = 0.000111012/0.000111098, lib_range = [0.003 0.133]/[0.003 0.133] (nS)] (RC-011)
Warning: An extrapolation exceeding 80% of the library characterization range has been detected. The delay calculation accuracy may be affected. for the cell timing arc, (saed14rvt_ss0p6v125c/SAEDRVT14_BUF_20) CTS_cts_buf_281714274/A-->X (min positive_unate) [r/f slew = 0.000111012/0.000111098, lib_range = [0.003 0.133]/[0.003 0.133] (nS)] (RC-011)
Warning: An extrapolation exceeding 10% of the library characterization range has been detected. The delay calculation accuracy may be affected. for the cell timing arc, (saed14rvt_ss0p6v125c/SAEDRVT14_INV_S_2) core_i/ex_stage_i/alu_i/U1933/A-->X (max negative_unate) [rise slew = 0.263568, lib_range = [0.003 0.133](nS)] (RC-011)
Warning: An extrapolation exceeding 10% of the library characterization range has been detected. The delay calculation accuracy may be affected. for the cell timing arc, (saed14rvt_ss0p6v125c/SAEDRVT14_INV_S_2) core_i/ex_stage_i/alu_i/U1933/A-->X (min negative_unate) [rise slew = 0.234075, lib_range = [0.003 0.133](nS)] (RC-011)
Warning: An extrapolation exceeding 10% of the library characterization range has been detected. The delay calculation accuracy may be affected. for the cell timing arc, (saed14rvt_ss0p6v125c/SAEDRVT14_AN2_MM_2) core_i/U130/A2-->X (max positive_unate) [fall slew = 0.263425, lib_range = [0.003 0.133](nS)] (RC-011)
Warning: An extrapolation exceeding 10% of the library characterization range has been detected. The delay calculation accuracy may be affected. for the cell timing arc, (saed14rvt_ss0p6v125c/SAEDRVT14_AN2_MM_2) core_i/U130/A2-->X (min positive_unate) [fall slew = 0.234049, lib_range = [0.003 0.133](nS)] (RC-011)
Warning: An extrapolation exceeding 10% of the library characterization range has been detected. The delay calculation accuracy may be affected. for the cell timing arc, (saed14rvt_ss0p6v125c/SAEDRVT14_AN2_MM_2) core_i/load_store_unit_i/mult_add_346_aco/U5/A2-->X (max positive_unate) [fall slew = 0.263608, lib_range = [0.003 0.133](nS)] (RC-011)
Warning: An extrapolation exceeding 10% of the library characterization range has been detected. The delay calculation accuracy may be affected. for the cell timing arc, (saed14rvt_ss0p6v125c/SAEDRVT14_AN2_MM_2) core_i/load_store_unit_i/mult_add_346_aco/U5/A2-->X (min positive_unate) [fall slew = 0.234114, lib_range = [0.003 0.133](nS)] (RC-011)
Warning: An extrapolation exceeding 10% of the library characterization range has been detected. The delay calculation accuracy may be affected. for the cell timing arc, (saed14rvt_ss0p6v125c/SAEDRVT14_OR2_2) core_i/ex_stage_i/alu_i/U2793/A1-->X (max positive_unate) [fall slew = 0.263518, lib_range = [0.003 0.133](nS)] (RC-011)
Warning: An extrapolation exceeding 10% of the library characterization range has been detected. The delay calculation accuracy may be affected. for the cell timing arc, (saed14rvt_ss0p6v125c/SAEDRVT14_OR2_2) core_i/ex_stage_i/alu_i/U2793/A1-->X (min positive_unate) [fall slew = 0.234027, lib_range = [0.003 0.133](nS)] (RC-011)
Warning: An extrapolation exceeding 10% of the library characterization range has been detected. The delay calculation accuracy may be affected. for the cell timing arc, (saed14rvt_ss0p6v125c/SAEDRVT14_AN2_MM_2) core_i/ex_stage_i/alu_i/U2798/A2-->X (max positive_unate) [fall slew = 0.263526, lib_range = [0.003 0.133](nS)] (RC-011)
Warning: An extrapolation exceeding 10% of the library characterization range has been detected. The delay calculation accuracy may be affected. for the cell timing arc, (saed14rvt_ss0p6v125c/SAEDRVT14_AN2_MM_2) core_i/ex_stage_i/alu_i/U2798/A2-->X (min positive_unate) [fall slew = 0.234024, lib_range = [0.003 0.133](nS)] (RC-011)
Warning: An extrapolation exceeding 10% of the library characterization range has been detected. The delay calculation accuracy may be affected. for the cell timing arc, (saed14rvt_ss0p6v125c/SAEDRVT14_AOI21_V1_4) core_i/ex_stage_i/alu_i/U850/A2-->X (max negative_unate) [rise slew = 0.263479, lib_range = [0.003 0.133](nS)] (RC-011)
Warning: An extrapolation exceeding 10% of the library characterization range has been detected. The delay calculation accuracy may be affected. for the cell timing arc, (saed14rvt_ss0p6v125c/SAEDRVT14_AOI21_V1_4) core_i/ex_stage_i/alu_i/U850/A2-->X (min negative_unate) [rise slew = 0.234046, lib_range = [0.003 0.133](nS)] (RC-011)
Warning: An extrapolation exceeding 10% of the library characterization range has been detected. The delay calculation accuracy may be affected. for the cell timing arc, (saed14rvt_ss0p6v125c/SAEDRVT14_AO22_2) core_i/ex_stage_i/alu_i/alu_div_i/U122/A1-->X (max positive_unate) [fall slew = 0.263611, lib_range = [0.003 0.133](nS)] (RC-011)
Warning: An extrapolation exceeding 10% of the library characterization range has been detected. The delay calculation accuracy may be affected. for the cell timing arc, (saed14rvt_ss0p6v125c/SAEDRVT14_AO22_2) core_i/ex_stage_i/alu_i/alu_div_i/U122/A1-->X (min positive_unate) [fall slew = 0.234119, lib_range = [0.003 0.133](nS)] (RC-011)
Warning: An extrapolation exceeding 10% of the library characterization range has been detected. The delay calculation accuracy may be affected. for the cell timing arc, (saed14rvt_ss0p6v125c/SAEDRVT14_AO22_2) core_i/ex_stage_i/alu_i/alu_div_i/U122/A1-->X (max positive_unate) [fall slew = 0.263611, lib_range = [0.003 0.133](nS)] (RC-011)
Warning: An extrapolation exceeding 10% of the library characterization range has been detected. The delay calculation accuracy may be affected. for the cell timing arc, (saed14rvt_ss0p6v125c/SAEDRVT14_AO22_2) core_i/ex_stage_i/alu_i/alu_div_i/U122/A1-->X (min positive_unate) [fall slew = 0.234119, lib_range = [0.003 0.133](nS)] (RC-011)
Warning: An extrapolation exceeding 10% of the library characterization range has been detected. The delay calculation accuracy may be affected. for the cell timing arc, (saed14rvt_ss0p6v125c/SAEDRVT14_AO22_2) core_i/ex_stage_i/alu_i/alu_div_i/U122/A1-->X (max positive_unate) [fall slew = 0.263611, lib_range = [0.003 0.133](nS)] (RC-011)
Warning: An extrapolation exceeding 10% of the library characterization range has been detected. The delay calculation accuracy may be affected. for the cell timing arc, (saed14rvt_ss0p6v125c/SAEDRVT14_AO22_2) core_i/ex_stage_i/alu_i/alu_div_i/U122/A1-->X (min positive_unate) [fall slew = 0.234119, lib_range = [0.003 0.133](nS)] (RC-011)
Warning: An extrapolation exceeding 10% of the library characterization range has been detected. The delay calculation accuracy may be affected. for the cell timing arc, (saed14rvt_ss0p6v125c/SAEDRVT14_AO22_2) core_i/ex_stage_i/alu_i/alu_div_i/U122/A1-->X (max positive_unate) [fall slew = 0.263611, lib_range = [0.003 0.133](nS)] (RC-011)
Warning: An extrapolation exceeding 10% of the library characterization range has been detected. The delay calculation accuracy may be affected. for the cell timing arc, (saed14rvt_ss0p6v125c/SAEDRVT14_AO22_2) core_i/ex_stage_i/alu_i/alu_div_i/U122/A1-->X (min positive_unate) [fall slew = 0.234119, lib_range = [0.003 0.133](nS)] (RC-011)
Warning: An extrapolation exceeding 10% of the library characterization range has been detected. The delay calculation accuracy may be affected. for the cell timing arc, (saed14rvt_ss0p6v125c/SAEDRVT14_AO22_2) core_i/ex_stage_i/alu_i/U214/A1-->X (max positive_unate) [fall slew = 0.263559, lib_range = [0.003 0.133](nS)] (RC-011)
Warning: An extrapolation exceeding 10% of the library characterization range has been detected. The delay calculation accuracy may be affected. for the cell timing arc, (saed14rvt_ss0p6v125c/SAEDRVT14_AO22_2) core_i/ex_stage_i/alu_i/U214/A1-->X (min positive_unate) [fall slew = 0.234066, lib_range = [0.003 0.133](nS)] (RC-011)
Warning: An extrapolation exceeding 10% of the library characterization range has been detected. The delay calculation accuracy may be affected. for the cell timing arc, (saed14rvt_ss0p6v125c/SAEDRVT14_AO22_2) core_i/ex_stage_i/alu_i/U214/A1-->X (max positive_unate) [fall slew = 0.263559, lib_range = [0.003 0.133](nS)] (RC-011)
Warning: An extrapolation exceeding 10% of the library characterization range has been detected. The delay calculation accuracy may be affected. for the cell timing arc, (saed14rvt_ss0p6v125c/SAEDRVT14_AO22_2) core_i/ex_stage_i/alu_i/U214/A1-->X (min positive_unate) [fall slew = 0.234066, lib_range = [0.003 0.133](nS)] (RC-011)
Warning: An extrapolation exceeding 10% of the library characterization range has been detected. The delay calculation accuracy may be affected. for the cell timing arc, (saed14rvt_ss0p6v125c/SAEDRVT14_AO22_2) core_i/id_stage_i/U1258/A1-->X (max positive_unate) [fall slew = 0.263381, lib_range = [0.003 0.133](nS)] (RC-011)
Warning: An extrapolation exceeding 10% of the library characterization range has been detected. The delay calculation accuracy may be affected. for the cell timing arc, (saed14rvt_ss0p6v125c/SAEDRVT14_AO22_2) core_i/id_stage_i/U1258/A1-->X (min positive_unate) [fall slew = 0.23407, lib_range = [0.003 0.133](nS)] (RC-011)
Warning: An extrapolation exceeding 10% of the library characterization range has been detected. The delay calculation accuracy may be affected. for the cell timing arc, (saed14rvt_ss0p6v125c/SAEDRVT14_AO22_2) core_i/id_stage_i/U1258/A1-->X (max positive_unate) [fall slew = 0.263381, lib_range = [0.003 0.133](nS)] (RC-011)
Warning: An extrapolation exceeding 10% of the library characterization range has been detected. The delay calculation accuracy may be affected. for the cell timing arc, (saed14rvt_ss0p6v125c/SAEDRVT14_AO22_2) core_i/id_stage_i/U1258/A1-->X (min positive_unate) [fall slew = 0.23407, lib_range = [0.003 0.133](nS)] (RC-011)
Warning: An extrapolation exceeding 10% of the library characterization range has been detected. The delay calculation accuracy may be affected. for the cell timing arc, (saed14rvt_ss0p6v125c/SAEDRVT14_AO22_2) core_i/id_stage_i/U1258/A1-->X (max positive_unate) [fall slew = 0.263381, lib_range = [0.003 0.133](nS)] (RC-011)
Warning: An extrapolation exceeding 10% of the library characterization range has been detected. The delay calculation accuracy may be affected. for the cell timing arc, (saed14rvt_ss0p6v125c/SAEDRVT14_AO22_2) core_i/id_stage_i/U1258/A1-->X (min positive_unate) [fall slew = 0.23407, lib_range = [0.003 0.133](nS)] (RC-011)
Warning: An extrapolation exceeding 10% of the library characterization range has been detected. The delay calculation accuracy may be affected. for the cell timing arc, (saed14rvt_ss0p6v125c/SAEDRVT14_AO22_2) core_i/id_stage_i/U1258/A1-->X (max positive_unate) [fall slew = 0.263381, lib_range = [0.003 0.133](nS)] (RC-011)
Warning: An extrapolation exceeding 10% of the library characterization range has been detected. The delay calculation accuracy may be affected. for the cell timing arc, (saed14rvt_ss0p6v125c/SAEDRVT14_AO22_2) core_i/id_stage_i/U1258/A1-->X (min positive_unate) [fall slew = 0.23407, lib_range = [0.003 0.133](nS)] (RC-011)
****************************************
Report : global_timing
	-format { narrow }
Design : cv32e40p_top
Version: O-2018.06-SP1
Date   : Sun Jul  6 22:18:10 2025
****************************************

No setup violations found.

No hold violations found.
1
