Loading db file '/mnt/hgfs/saed14_pdk/stdcell_rvt/db_ccs/saed14rvt_ss0p6v125c.db'
Information: Propagating switching activity (low effort zero delay simulation). (PWR-6)
Warning: Design has unannotated primary inputs. (PWR-414)
Warning: Design has unannotated sequential cell outputs. (PWR-415)
 
****************************************
Report : power
        -hier
        -analysis_effort low
Design : cv32e40p_top
Version: O-2018.06-SP1
Date   : Tue Jul  1 12:04:49 2025
****************************************


Library(s) Used:

    saed14rvt_ss0p6v125c (File: /mnt/hgfs/saed14_pdk/stdcell_rvt/db_ccs/saed14rvt_ss0p6v125c.db)


Operating Conditions: ss0p6v125c   Library: saed14rvt_ss0p6v125c
Wire Load Model Mode: top

Design        Wire Load Model            Library
------------------------------------------------
cv32e40p_top           35000             saed14rvt_ss0p6v125c


Global Operating Voltage = 0.6  
Power-specific unit information :
    Voltage Units = 1V
    Capacitance Units = 1.000000ff
    Time Units = 1ns
    Dynamic Power Units = 1uW    (derived from V,C,T units)
    Leakage Power Units = 1pW


--------------------------------------------------------------------------------
                                       Switch   Int      Leak     Total
Hierarchy                              Power    Power    Power    Power    %
--------------------------------------------------------------------------------
cv32e40p_top                             61.937  162.187 1.02e+08  325.894 100.0
  core_i (cv32e40p_core_COREV_PULP0_COREV_CLUSTER0_FPU0_FPU_ADDMUL_LAT0_FPU_OTHERS_LAT0_ZFINX0_NUM_MHPMCOUNTERS1)
                                         61.936  162.186 1.02e+08  325.892 100.0
    cs_registers_i (cv32e40p_cs_registers_N_HWLP2_APU0_A_EXTENSION0_FPU0_ZFINX0_PULP_SECURE0_USE_PMP0_N_PMP_ENTRIES16_NUM_MHPMCOUNTERS1_COREV_PULP0_COREV_CLUSTER0_DEBUG_TRIGGER_EN1)
                                          0.296   31.496 1.10e+07   42.778  13.1
      eq_1307 (cv32e40p_cs_registers_N_HWLP2_APU0_A_EXTENSION0_FPU0_ZFINX0_PULP_SECURE0_USE_PMP0_N_PMP_ENTRIES16_NUM_MHPMCOUNTERS1_COREV_PULP0_COREV_CLUSTER0_DEBUG_TRIGGER_EN1_DW01_cmp6_0)
                                       1.25e-02 5.20e-02 2.73e+05    0.338   0.1
      add_1387 (cv32e40p_cs_registers_N_HWLP2_APU0_A_EXTENSION0_FPU0_ZFINX0_PULP_SECURE0_USE_PMP0_N_PMP_ENTRIES16_NUM_MHPMCOUNTERS1_COREV_PULP0_COREV_CLUSTER0_DEBUG_TRIGGER_EN1_DW01_inc_2)
                                       1.77e-04 3.81e-04 4.14e+05    0.414   0.1
      add_1387_G3 (cv32e40p_cs_registers_N_HWLP2_APU0_A_EXTENSION0_FPU0_ZFINX0_PULP_SECURE0_USE_PMP0_N_PMP_ENTRIES16_NUM_MHPMCOUNTERS1_COREV_PULP0_COREV_CLUSTER0_DEBUG_TRIGGER_EN1_DW01_inc_1)
                                          0.000    0.000 4.14e+05    0.414   0.1
      add_1387_G4 (cv32e40p_cs_registers_N_HWLP2_APU0_A_EXTENSION0_FPU0_ZFINX0_PULP_SECURE0_USE_PMP0_N_PMP_ENTRIES16_NUM_MHPMCOUNTERS1_COREV_PULP0_COREV_CLUSTER0_DEBUG_TRIGGER_EN1_DW01_inc_0)
                                          0.000    0.000 4.14e+05    0.414   0.1
    load_store_unit_i (cv32e40p_load_store_unit_PULP_OBI0)
                                          1.222    4.060 3.07e+06    8.351   2.6
      add_346_aco (cv32e40p_load_store_unit_PULP_OBI0_DW01_add_0)
                                       2.91e-03 2.22e-02 3.37e+05    0.362   0.1
      mult_add_346_aco (cv32e40p_load_store_unit_PULP_OBI0_DW02_mult_0)
                                       3.16e-02 1.26e-02 8.30e+04    0.127   0.0
      data_obi_i (cv32e40p_obi_interface_TRANS_STABLE1)
                                          0.203    0.102 3.16e+05    0.621   0.2
    ex_stage_i (cv32e40p_ex_stage_COREV_PULP0_FPU0_APU_NARGS_CPU3_APU_WOP_CPU6_APU_NDSFLAGS_CPU15_APU_NUSFLAGS_CPU5)
                                          0.622    8.343 4.50e+07   53.978  16.6
      mult_i (cv32e40p_mult)           6.26e-04    0.268 2.88e+07   29.109   8.9
        add_0_root_add_0_root_add_271_4 (cv32e40p_mult_DW01_add_0)
                                          0.000    0.000 3.36e+05    0.336   0.1
        add_1_root_add_0_root_add_271_4 (cv32e40p_mult_DW01_add_1)
                                          0.000    0.000 3.36e+05    0.336   0.1
        add_3_root_add_271_4 (cv32e40p_mult_DW01_add_2)
                                          0.000    0.000 1.96e+05    0.196   0.1
        add_2_root_add_271_4 (cv32e40p_mult_DW01_add_3)
                                          0.000    0.000 2.07e+05    0.207   0.1
        mult_266 (cv32e40p_mult_DW02_mult_0)
                                          0.000    0.000 1.15e+06    1.152   0.4
        mult_267 (cv32e40p_mult_DW02_mult_1)
                                          0.000    0.000 1.15e+06    1.152   0.4
        mult_268 (cv32e40p_mult_DW02_mult_2)
                                          0.000    0.000 1.15e+06    1.152   0.4
        mult_269 (cv32e40p_mult_DW02_mult_3)
                                          0.000    0.000 1.15e+06    1.152   0.4
        add_0_root_add_0_root_add_224_2 (cv32e40p_mult_DW01_add_8)
                                          0.000    0.000 3.36e+05    0.336   0.1
        mult_224 (cv32e40p_mult_DW02_mult_4)
                                          0.000    0.000 6.41e+06    6.410   2.0
        add_1_root_add_0_root_add_224_2 (cv32e40p_mult_DW01_add_10)
                                          0.000    0.000 3.36e+05    0.336   0.1
        add_0_root_add_0_root_add_305_2 (cv32e40p_mult_DW01_add_11)
                                          0.000    0.000 3.36e+05    0.336   0.1
        add_1_root_add_0_root_add_305_2 (cv32e40p_mult_DW01_add_12)
                                          0.000    0.000 3.36e+05    0.336   0.1
        mult_299 (cv32e40p_mult_DW02_mult_5)
                                          0.000    0.000 3.85e+06    3.847   1.2
        mult_300 (cv32e40p_mult_DW02_mult_6)
                                          0.000    0.000 3.89e+06    3.893   1.2
        add_0_root_add_0_root_add_111_2 (cv32e40p_mult_DW01_add_15)
                                          0.000    0.000 3.63e+05    0.363   0.1
        add_1_root_add_0_root_add_111_2 (cv32e40p_mult_DW01_add_16)
                                          0.000    0.000 3.47e+05    0.347   0.1
        mult_110 (cv32e40p_mult_DW02_mult_7)
                                          0.000    0.000 3.89e+06    3.890   1.2
        sll_98 (cv32e40p_mult_DW01_ash_0)
                                          0.000    0.000 2.08e+05    0.208   0.1
      alu_i (cv32e40p_alu)                0.352    7.487 1.55e+07   23.300   7.1
        add_168 (cv32e40p_alu_DW01_add_2)
                                       8.76e-03 2.42e-02 3.76e+05    0.409   0.1
        sll_812 (cv32e40p_alu_DW01_ash_1)
                                          0.000    0.000 2.29e+05    0.229   0.1
        sll_813 (cv32e40p_alu_DW01_ash_0)
                                          0.000    0.000 9.26e+05    0.926   0.3
        add_186 (cv32e40p_alu_DW01_add_1)
                                       2.36e-03 1.95e-02 3.35e+05    0.357   0.1
        eq_343 (cv32e40p_alu_DW01_cmp6_4)
                                       2.65e-03 1.01e-02 1.94e+05    0.206   0.1
        alu_div_i (cv32e40p_alu_div)   2.19e-03    7.183 3.38e+06   10.564   3.2
          r76 (cv32e40p_alu_div_DW01_cmp6_0)
                                          0.000    0.000 3.72e+05    0.372   0.1
          sub_102 (cv32e40p_alu_div_DW01_sub_1)
                                          0.000    0.000 3.48e+05    0.348   0.1
          add_109 (cv32e40p_alu_div_DW01_add_0)
                                          0.000    0.000 3.36e+05    0.336   0.1
          sub_109 (cv32e40p_alu_div_DW01_sub_0)
                                          0.000    0.000 4.10e+05    0.410   0.1
        ff_one_i (cv32e40p_ff_one)        0.000    0.000 2.33e+05    0.233   0.1
        popcnt_i (cv32e40p_popcnt)     4.93e-03 1.07e-02 3.65e+05    0.380   0.1
    id_stage_i (cv32e40p_id_stage_COREV_PULP0_COREV_CLUSTER0_N_HWLP2_PULP_SECURE0_USE_PMP0_A_EXTENSION0_APU0_FPU0_FPU_ADDMUL_LAT0_FPU_OTHERS_LAT0_ZFINX0_APU_NARGS_CPU3_APU_WOP_CPU6_APU_NDSFLAGS_CPU15_APU_NUSFLAGS_CPU5_DEBUG_TRIGGER_EN1)
                                          3.455   90.000 3.45e+07  127.974  39.3
      r153 (cv32e40p_id_stage_COREV_PULP0_COREV_CLUSTER0_N_HWLP2_PULP_SECURE0_USE_PMP0_A_EXTENSION0_APU0_FPU0_FPU_ADDMUL_LAT0_FPU_OTHERS_LAT0_ZFINX0_APU_NARGS_CPU3_APU_WOP_CPU6_APU_NDSFLAGS_CPU15_APU_NUSFLAGS_CPU5_DEBUG_TRIGGER_EN1_DW01_add_2)
                                       1.21e-02    0.152 3.41e+05    0.505   0.2
      add_575 (cv32e40p_id_stage_COREV_PULP0_COREV_CLUSTER0_N_HWLP2_PULP_SECURE0_USE_PMP0_A_EXTENSION0_APU0_FPU0_FPU_ADDMUL_LAT0_FPU_OTHERS_LAT0_ZFINX0_APU_NARGS_CPU3_APU_WOP_CPU6_APU_NDSFLAGS_CPU15_APU_NUSFLAGS_CPU5_DEBUG_TRIGGER_EN1_DW01_add_1)
                                       2.13e-02    0.159 3.36e+05    0.516   0.2
      add_576 (cv32e40p_id_stage_COREV_PULP0_COREV_CLUSTER0_N_HWLP2_PULP_SECURE0_USE_PMP0_A_EXTENSION0_APU0_FPU0_FPU_ADDMUL_LAT0_FPU_OTHERS_LAT0_ZFINX0_APU_NARGS_CPU3_APU_WOP_CPU6_APU_NDSFLAGS_CPU15_APU_NUSFLAGS_CPU5_DEBUG_TRIGGER_EN1_DW01_add_0)
                                       2.16e-02    0.157 3.36e+05    0.515   0.2
      int_controller_i (cv32e40p_int_controller_PULP_SECURE0)
                                       5.42e-02    1.646 5.41e+05    2.241   0.7
      controller_i (cv32e40p_controller_COREV_CLUSTER0_COREV_PULP0_FPU0)
                                          0.528    1.528 1.70e+06    3.758   1.2
      decoder_i (cv32e40p_decoder_COREV_PULP0_COREV_CLUSTER0_A_EXTENSION0_FPU0_FPU_ADDMUL_LAT0_FPU_OTHERS_LAT0_ZFINX0_PULP_SECURE0_USE_PMP0_APU_WOP_CPU6_DEBUG_TRIGGER_EN1)
                                          0.340    0.244 1.33e+06    1.917   0.6
      register_file_i (cv32e40p_register_file_ADDR_WIDTH6_DATA_WIDTH32_FPU0_ZFINX0)
                                          1.781   67.098 2.31e+07   91.970  28.2
    if_stage_i (cv32e40p_if_stage_COREV_PULP0_PULP_OBI0_PULP_SECURE0_FPU0_ZFINX0)
                                          5.273   27.469 7.88e+06   40.625  12.5
      add_167 (cv32e40p_if_stage_COREV_PULP0_PULP_OBI0_PULP_SECURE0_FPU0_ZFINX0_DW01_add_0)
                                       6.87e-03 2.10e-02 1.95e+05    0.223   0.1
      compressed_decoder_i (cv32e40p_compressed_decoder_FPU0_ZFINX0)
                                          1.035    0.730 8.27e+05    2.592   0.8
      aligner_i (cv32e40p_aligner)        1.141    6.825 1.91e+06    9.875   3.0
        add_63 (cv32e40p_aligner_DW01_add_1)
                                       2.16e-02 5.51e-02 2.07e+05    0.284   0.1
        add_64 (cv32e40p_aligner_DW01_add_0)
                                       2.12e-02 5.29e-02 2.07e+05    0.282   0.1
      prefetch_buffer_i (cv32e40p_prefetch_buffer_PULP_OBI0_COREV_PULP0)
                                          1.994   14.230 3.44e+06   19.660   6.0
        instruction_obi_i (cv32e40p_obi_interface_TRANS_STABLE0)
                                          0.528    5.442 1.12e+06    7.092   2.2
        fifo_i (cv32e40p_fifo_0_32_2)     0.509    5.374 9.12e+05    6.794   2.1
        prefetch_controller_i (cv32e40p_prefetch_controller_PULP_OBI0_COREV_PULP0_DEPTH2)
                                          0.725    3.275 1.26e+06    5.261   1.6
          add_138 (cv32e40p_prefetch_controller_PULP_OBI0_COREV_PULP0_DEPTH2_DW01_add_0)
                                       5.56e-02 5.39e-02 1.97e+05    0.307   0.1
    sleep_unit_i (cv32e40p_sleep_unit_COREV_CLUSTER0)
                                         51.068    0.820 4.25e+04   51.930  15.9
      core_clock_gate_i (cv32e40p_clock_gate)
                                         51.056    0.565 7.75e+03   51.628  15.8
1
