 
****************************************
Report : qor
Design : cv32e40p_top
Version: O-2018.06-SP1
Date   : Tue Jul  1 12:04:21 2025
****************************************


  Timing Path Group 'clk_i'
  -----------------------------------
  Levels of Logic:              25.00
  Critical Path Length:          0.81
  Critical Path Slack:           0.16
  Critical Path Clk Period:      5.00
  Total Negative Slack:          0.00
  No. of Violating Paths:        0.00
  Worst Hold Violation:          0.00
  Total Hold Violation:          0.00
  No. of Hold Violations:        0.00
  -----------------------------------


  Cell Count
  -----------------------------------
  Hierarchical Cell Count:         72
  Hierarchical Port Count:      11364
  Leaf Cell Count:              27460
  Buf/Inv Cell Count:            7385
  Buf Cell Count:                1834
  Inv Cell Count:                5551
  CT Buf/Inv Cell Count:            0
  Combinational Cell Count:     25201
  Sequential Cell Count:         2259
  Macro Count:                      0
  -----------------------------------


  Area
  -----------------------------------
  Combinational Area:    13499.376005
  Noncombinational Area:  3009.254438
  Buf/Inv Area:           1802.417990
  Total Buffer Area:           570.10
  Total Inverter Area:        1232.32
  Macro/Black Box Area:      0.000000
  Net Area:              33687.780104
  -----------------------------------
  Cell Area:             16508.630443
  Design Area:           50196.410547


  Design Rules
  -----------------------------------
  Total Number of Nets:         29835
  Nets With Violations:             1
  Max Trans Violations:             0
  Max Cap Violations:               0
  Max Fanout Violations:            1
  -----------------------------------


  Hostname: IC_EDA

  Compile CPU Statistics
  -----------------------------------------
  Resource Sharing:                   64.93
  Logic Optimization:                358.15
  Mapping Optimization:              210.59
  -----------------------------------------
  Overall Compile Time:              727.29
  Overall Compile Wall Clock Time:   305.67

  --------------------------------------------------------------------

  Design  WNS: 0.00  TNS: 0.00  Number of Violating Paths: 0


  Design (Hold)  WNS: 0.00  TNS: 0.00  Number of Violating Paths: 0

  --------------------------------------------------------------------


1
