 
****************************************
Report : timing
        -path full
        -delay max
        -max_paths 10
Design : cv32e40p_top
Version: O-2018.06-SP1
Date   : Tue Jul  1 12:04:50 2025
****************************************

 # A fanout number of 1000 was used for high fanout net computations.

Operating Conditions: ss0p6v125c   Library: saed14rvt_ss0p6v125c
Wire Load Model Mode: top

  Startpoint: data_rvalid_i
              (input port clocked by clk_i)
  Endpoint: core_i/id_stage_i/alu_operand_a_ex_o_reg[1]
            (rising edge-triggered flip-flop clocked by clk_i)
  Path Group: clk_i
  Path Type: max

  Des/Clust/Port     Wire Load Model       Library
  ------------------------------------------------
  cv32e40p_top       35000                 saed14rvt_ss0p6v125c

  Point                                                   Incr       Path
  --------------------------------------------------------------------------
  clock clk_i (rise edge)                               0.0000     0.0000
  clock network delay (ideal)                           0.0000     0.0000
  input external delay                                  4.0000     4.0000 r
  data_rvalid_i (in)                                    0.0009     4.0009 r
  core_i/data_rvalid_i (cv32e40p_core_COREV_PULP0_COREV_CLUSTER0_FPU0_FPU_ADDMUL_LAT0_FPU_OTHERS_LAT0_ZFINX0_NUM_MHPMCOUNTERS1)
                                                        0.0000     4.0009 r
  core_i/load_store_unit_i/data_rvalid_i (cv32e40p_load_store_unit_PULP_OBI0)
                                                        0.0000     4.0009 r
  core_i/load_store_unit_i/data_obi_i/obi_rvalid_i (cv32e40p_obi_interface_TRANS_STABLE1)
                                                        0.0000     4.0009 r
  core_i/load_store_unit_i/data_obi_i/U101/X (SAEDRVT14_BUF_S_2)
                                                        0.0179     4.0188 r
  core_i/load_store_unit_i/data_obi_i/resp_valid_o (cv32e40p_obi_interface_TRANS_STABLE1)
                                                        0.0000     4.0188 r
  core_i/load_store_unit_i/U14/X (SAEDRVT14_INV_S_2)    0.0198     4.0386 f
  core_i/load_store_unit_i/U53/X (SAEDRVT14_BUF_S_2)    0.0332     4.0718 f
  core_i/load_store_unit_i/U17/X (SAEDRVT14_OAI21_V1_4)
                                                        0.0456     4.1174 r
  core_i/load_store_unit_i/lsu_ready_wb_o (cv32e40p_load_store_unit_PULP_OBI0)
                                                        0.0000     4.1174 r
  core_i/id_stage_i/wb_ready_i (cv32e40p_id_stage_COREV_PULP0_COREV_CLUSTER0_N_HWLP2_PULP_SECURE0_USE_PMP0_A_EXTENSION0_APU0_FPU0_FPU_ADDMUL_LAT0_FPU_OTHERS_LAT0_ZFINX0_APU_NARGS_CPU3_APU_WOP_CPU6_APU_NDSFLAGS_CPU15_APU_NUSFLAGS_CPU5_DEBUG_TRIGGER_EN1)
                                                        0.0000     4.1174 r
  core_i/id_stage_i/controller_i/wb_ready_i (cv32e40p_controller_COREV_CLUSTER0_COREV_PULP0_FPU0)
                                                        0.0000     4.1174 r
  core_i/id_stage_i/controller_i/U160/X (SAEDRVT14_NR2_4)
                                                        0.0357     4.1531 f
  core_i/id_stage_i/controller_i/U159/X (SAEDRVT14_OAI32_4)
                                                        0.0480     4.2012 r
  core_i/id_stage_i/controller_i/U45/X (SAEDRVT14_INV_S_2)
                                                        0.0189     4.2200 f
  core_i/id_stage_i/controller_i/load_stall_o (cv32e40p_controller_COREV_CLUSTER0_COREV_PULP0_FPU0)
                                                        0.0000     4.2200 f
  core_i/id_stage_i/U1339/X (SAEDRVT14_NR2_4)           0.0248     4.2449 r
  core_i/id_stage_i/U1337/X (SAEDRVT14_AN4_2)           0.0432     4.2881 r
  core_i/id_stage_i/U1962/X (SAEDRVT14_INV_S_2)         0.0256     4.3137 f
  core_i/id_stage_i/U938/X (SAEDRVT14_OR2_2)            0.0295     4.3432 f
  core_i/id_stage_i/U1334/X (SAEDRVT14_INV_S_2)         0.0188     4.3621 r
  core_i/id_stage_i/U814/X (SAEDRVT14_ND3_2)            0.0465     4.4086 f
  core_i/id_stage_i/U1961/X (SAEDRVT14_INV_S_2)         0.0350     4.4436 r
  core_i/id_stage_i/U815/X (SAEDRVT14_AN2_MM_2)         0.0409     4.4845 r
  core_i/id_stage_i/U804/X (SAEDRVT14_BUF_S_2)          0.0208     4.5053 r
  core_i/id_stage_i/U765/X (SAEDRVT14_BUF_S_2)          0.0267     4.5320 r
  core_i/id_stage_i/U1320/X (SAEDRVT14_AOI21_V1_4)      0.0465     4.5785 f
  core_i/id_stage_i/U929/X (SAEDRVT14_BUF_S_2)          0.0267     4.6052 f
  core_i/id_stage_i/U816/X (SAEDRVT14_OR2_2)            0.0300     4.6352 f
  core_i/id_stage_i/U813/X (SAEDRVT14_OAI22_3)          0.0420     4.6773 r
  core_i/id_stage_i/U792/X (SAEDRVT14_BUF_S_2)          0.0368     4.7141 r
  core_i/id_stage_i/U1761/X (SAEDRVT14_ND2_MM_2)        0.0363     4.7504 f
  core_i/id_stage_i/U1359/X (SAEDRVT14_AN2_MM_2)        0.0221     4.7724 f
  core_i/id_stage_i/U1174/X (SAEDRVT14_ND2_CDC_4)       0.0308     4.8032 r
  core_i/id_stage_i/alu_operand_a_ex_o_reg[1]/D (SAEDRVT14_FSDPRBQ_V2LP_2)
                                                        0.0046     4.8078 r
  data arrival time                                                4.8078

  clock clk_i (rise edge)                               5.0000     5.0000
  clock network delay (ideal)                           0.0000     5.0000
  core_i/id_stage_i/alu_operand_a_ex_o_reg[1]/CK (SAEDRVT14_FSDPRBQ_V2LP_2)
                                                        0.0000     5.0000 r
  library setup time                                   -0.0308     4.9692
  data required time                                               4.9692
  --------------------------------------------------------------------------
  data required time                                               4.9692
  data arrival time                                               -4.8078
  --------------------------------------------------------------------------
  slack (MET)                                                      0.1614


  Startpoint: data_rvalid_i
              (input port clocked by clk_i)
  Endpoint: core_i/id_stage_i/alu_operand_a_ex_o_reg[3]
            (rising edge-triggered flip-flop clocked by clk_i)
  Path Group: clk_i
  Path Type: max

  Des/Clust/Port     Wire Load Model       Library
  ------------------------------------------------
  cv32e40p_top       35000                 saed14rvt_ss0p6v125c

  Point                                                   Incr       Path
  --------------------------------------------------------------------------
  clock clk_i (rise edge)                               0.0000     0.0000
  clock network delay (ideal)                           0.0000     0.0000
  input external delay                                  4.0000     4.0000 r
  data_rvalid_i (in)                                    0.0009     4.0009 r
  core_i/data_rvalid_i (cv32e40p_core_COREV_PULP0_COREV_CLUSTER0_FPU0_FPU_ADDMUL_LAT0_FPU_OTHERS_LAT0_ZFINX0_NUM_MHPMCOUNTERS1)
                                                        0.0000     4.0009 r
  core_i/load_store_unit_i/data_rvalid_i (cv32e40p_load_store_unit_PULP_OBI0)
                                                        0.0000     4.0009 r
  core_i/load_store_unit_i/data_obi_i/obi_rvalid_i (cv32e40p_obi_interface_TRANS_STABLE1)
                                                        0.0000     4.0009 r
  core_i/load_store_unit_i/data_obi_i/U101/X (SAEDRVT14_BUF_S_2)
                                                        0.0179     4.0188 r
  core_i/load_store_unit_i/data_obi_i/resp_valid_o (cv32e40p_obi_interface_TRANS_STABLE1)
                                                        0.0000     4.0188 r
  core_i/load_store_unit_i/U14/X (SAEDRVT14_INV_S_2)    0.0198     4.0386 f
  core_i/load_store_unit_i/U53/X (SAEDRVT14_BUF_S_2)    0.0332     4.0718 f
  core_i/load_store_unit_i/U17/X (SAEDRVT14_OAI21_V1_4)
                                                        0.0456     4.1174 r
  core_i/load_store_unit_i/lsu_ready_wb_o (cv32e40p_load_store_unit_PULP_OBI0)
                                                        0.0000     4.1174 r
  core_i/id_stage_i/wb_ready_i (cv32e40p_id_stage_COREV_PULP0_COREV_CLUSTER0_N_HWLP2_PULP_SECURE0_USE_PMP0_A_EXTENSION0_APU0_FPU0_FPU_ADDMUL_LAT0_FPU_OTHERS_LAT0_ZFINX0_APU_NARGS_CPU3_APU_WOP_CPU6_APU_NDSFLAGS_CPU15_APU_NUSFLAGS_CPU5_DEBUG_TRIGGER_EN1)
                                                        0.0000     4.1174 r
  core_i/id_stage_i/controller_i/wb_ready_i (cv32e40p_controller_COREV_CLUSTER0_COREV_PULP0_FPU0)
                                                        0.0000     4.1174 r
  core_i/id_stage_i/controller_i/U160/X (SAEDRVT14_NR2_4)
                                                        0.0357     4.1531 f
  core_i/id_stage_i/controller_i/U159/X (SAEDRVT14_OAI32_4)
                                                        0.0480     4.2012 r
  core_i/id_stage_i/controller_i/U45/X (SAEDRVT14_INV_S_2)
                                                        0.0189     4.2200 f
  core_i/id_stage_i/controller_i/load_stall_o (cv32e40p_controller_COREV_CLUSTER0_COREV_PULP0_FPU0)
                                                        0.0000     4.2200 f
  core_i/id_stage_i/U1339/X (SAEDRVT14_NR2_4)           0.0248     4.2449 r
  core_i/id_stage_i/U1337/X (SAEDRVT14_AN4_2)           0.0432     4.2881 r
  core_i/id_stage_i/U1962/X (SAEDRVT14_INV_S_2)         0.0256     4.3137 f
  core_i/id_stage_i/U938/X (SAEDRVT14_OR2_2)            0.0295     4.3432 f
  core_i/id_stage_i/U1334/X (SAEDRVT14_INV_S_2)         0.0188     4.3621 r
  core_i/id_stage_i/U814/X (SAEDRVT14_ND3_2)            0.0465     4.4086 f
  core_i/id_stage_i/U1961/X (SAEDRVT14_INV_S_2)         0.0350     4.4436 r
  core_i/id_stage_i/U815/X (SAEDRVT14_AN2_MM_2)         0.0409     4.4845 r
  core_i/id_stage_i/U804/X (SAEDRVT14_BUF_S_2)          0.0208     4.5053 r
  core_i/id_stage_i/U765/X (SAEDRVT14_BUF_S_2)          0.0267     4.5320 r
  core_i/id_stage_i/U1320/X (SAEDRVT14_AOI21_V1_4)      0.0465     4.5785 f
  core_i/id_stage_i/U929/X (SAEDRVT14_BUF_S_2)          0.0267     4.6052 f
  core_i/id_stage_i/U816/X (SAEDRVT14_OR2_2)            0.0300     4.6352 f
  core_i/id_stage_i/U813/X (SAEDRVT14_OAI22_3)          0.0420     4.6773 r
  core_i/id_stage_i/U792/X (SAEDRVT14_BUF_S_2)          0.0368     4.7141 r
  core_i/id_stage_i/U1745/X (SAEDRVT14_ND2_MM_2)        0.0363     4.7504 f
  core_i/id_stage_i/U1357/X (SAEDRVT14_AN2_MM_2)        0.0221     4.7724 f
  core_i/id_stage_i/U1036/X (SAEDRVT14_ND2_CDC_4)       0.0308     4.8032 r
  core_i/id_stage_i/alu_operand_a_ex_o_reg[3]/D (SAEDRVT14_FSDPRBQ_V2LP_2)
                                                        0.0046     4.8078 r
  data arrival time                                                4.8078

  clock clk_i (rise edge)                               5.0000     5.0000
  clock network delay (ideal)                           0.0000     5.0000
  core_i/id_stage_i/alu_operand_a_ex_o_reg[3]/CK (SAEDRVT14_FSDPRBQ_V2LP_2)
                                                        0.0000     5.0000 r
  library setup time                                   -0.0308     4.9692
  data required time                                               4.9692
  --------------------------------------------------------------------------
  data required time                                               4.9692
  data arrival time                                               -4.8078
  --------------------------------------------------------------------------
  slack (MET)                                                      0.1614


  Startpoint: data_rvalid_i
              (input port clocked by clk_i)
  Endpoint: core_i/id_stage_i/alu_operand_a_ex_o_reg[2]
            (rising edge-triggered flip-flop clocked by clk_i)
  Path Group: clk_i
  Path Type: max

  Des/Clust/Port     Wire Load Model       Library
  ------------------------------------------------
  cv32e40p_top       35000                 saed14rvt_ss0p6v125c

  Point                                                   Incr       Path
  --------------------------------------------------------------------------
  clock clk_i (rise edge)                               0.0000     0.0000
  clock network delay (ideal)                           0.0000     0.0000
  input external delay                                  4.0000     4.0000 r
  data_rvalid_i (in)                                    0.0009     4.0009 r
  core_i/data_rvalid_i (cv32e40p_core_COREV_PULP0_COREV_CLUSTER0_FPU0_FPU_ADDMUL_LAT0_FPU_OTHERS_LAT0_ZFINX0_NUM_MHPMCOUNTERS1)
                                                        0.0000     4.0009 r
  core_i/load_store_unit_i/data_rvalid_i (cv32e40p_load_store_unit_PULP_OBI0)
                                                        0.0000     4.0009 r
  core_i/load_store_unit_i/data_obi_i/obi_rvalid_i (cv32e40p_obi_interface_TRANS_STABLE1)
                                                        0.0000     4.0009 r
  core_i/load_store_unit_i/data_obi_i/U101/X (SAEDRVT14_BUF_S_2)
                                                        0.0179     4.0188 r
  core_i/load_store_unit_i/data_obi_i/resp_valid_o (cv32e40p_obi_interface_TRANS_STABLE1)
                                                        0.0000     4.0188 r
  core_i/load_store_unit_i/U14/X (SAEDRVT14_INV_S_2)    0.0198     4.0386 f
  core_i/load_store_unit_i/U53/X (SAEDRVT14_BUF_S_2)    0.0332     4.0718 f
  core_i/load_store_unit_i/U17/X (SAEDRVT14_OAI21_V1_4)
                                                        0.0456     4.1174 r
  core_i/load_store_unit_i/lsu_ready_wb_o (cv32e40p_load_store_unit_PULP_OBI0)
                                                        0.0000     4.1174 r
  core_i/id_stage_i/wb_ready_i (cv32e40p_id_stage_COREV_PULP0_COREV_CLUSTER0_N_HWLP2_PULP_SECURE0_USE_PMP0_A_EXTENSION0_APU0_FPU0_FPU_ADDMUL_LAT0_FPU_OTHERS_LAT0_ZFINX0_APU_NARGS_CPU3_APU_WOP_CPU6_APU_NDSFLAGS_CPU15_APU_NUSFLAGS_CPU5_DEBUG_TRIGGER_EN1)
                                                        0.0000     4.1174 r
  core_i/id_stage_i/controller_i/wb_ready_i (cv32e40p_controller_COREV_CLUSTER0_COREV_PULP0_FPU0)
                                                        0.0000     4.1174 r
  core_i/id_stage_i/controller_i/U160/X (SAEDRVT14_NR2_4)
                                                        0.0357     4.1531 f
  core_i/id_stage_i/controller_i/U159/X (SAEDRVT14_OAI32_4)
                                                        0.0480     4.2012 r
  core_i/id_stage_i/controller_i/U45/X (SAEDRVT14_INV_S_2)
                                                        0.0189     4.2200 f
  core_i/id_stage_i/controller_i/load_stall_o (cv32e40p_controller_COREV_CLUSTER0_COREV_PULP0_FPU0)
                                                        0.0000     4.2200 f
  core_i/id_stage_i/U1339/X (SAEDRVT14_NR2_4)           0.0248     4.2449 r
  core_i/id_stage_i/U1337/X (SAEDRVT14_AN4_2)           0.0432     4.2881 r
  core_i/id_stage_i/U1962/X (SAEDRVT14_INV_S_2)         0.0256     4.3137 f
  core_i/id_stage_i/U938/X (SAEDRVT14_OR2_2)            0.0295     4.3432 f
  core_i/id_stage_i/U1334/X (SAEDRVT14_INV_S_2)         0.0188     4.3621 r
  core_i/id_stage_i/U814/X (SAEDRVT14_ND3_2)            0.0465     4.4086 f
  core_i/id_stage_i/U1961/X (SAEDRVT14_INV_S_2)         0.0350     4.4436 r
  core_i/id_stage_i/U815/X (SAEDRVT14_AN2_MM_2)         0.0409     4.4845 r
  core_i/id_stage_i/U804/X (SAEDRVT14_BUF_S_2)          0.0208     4.5053 r
  core_i/id_stage_i/U765/X (SAEDRVT14_BUF_S_2)          0.0267     4.5320 r
  core_i/id_stage_i/U1320/X (SAEDRVT14_AOI21_V1_4)      0.0465     4.5785 f
  core_i/id_stage_i/U929/X (SAEDRVT14_BUF_S_2)          0.0267     4.6052 f
  core_i/id_stage_i/U816/X (SAEDRVT14_OR2_2)            0.0300     4.6352 f
  core_i/id_stage_i/U813/X (SAEDRVT14_OAI22_3)          0.0420     4.6773 r
  core_i/id_stage_i/U792/X (SAEDRVT14_BUF_S_2)          0.0368     4.7141 r
  core_i/id_stage_i/U1749/X (SAEDRVT14_ND2_MM_2)        0.0363     4.7504 f
  core_i/id_stage_i/U1358/X (SAEDRVT14_AN2_MM_2)        0.0221     4.7724 f
  core_i/id_stage_i/U1065/X (SAEDRVT14_ND2_CDC_4)       0.0308     4.8032 r
  core_i/id_stage_i/alu_operand_a_ex_o_reg[2]/D (SAEDRVT14_FSDPRBQ_V2LP_2)
                                                        0.0046     4.8078 r
  data arrival time                                                4.8078

  clock clk_i (rise edge)                               5.0000     5.0000
  clock network delay (ideal)                           0.0000     5.0000
  core_i/id_stage_i/alu_operand_a_ex_o_reg[2]/CK (SAEDRVT14_FSDPRBQ_V2LP_2)
                                                        0.0000     5.0000 r
  library setup time                                   -0.0308     4.9692
  data required time                                               4.9692
  --------------------------------------------------------------------------
  data required time                                               4.9692
  data arrival time                                               -4.8078
  --------------------------------------------------------------------------
  slack (MET)                                                      0.1614


  Startpoint: data_rvalid_i
              (input port clocked by clk_i)
  Endpoint: core_i/id_stage_i/alu_operand_a_ex_o_reg[4]
            (rising edge-triggered flip-flop clocked by clk_i)
  Path Group: clk_i
  Path Type: max

  Des/Clust/Port     Wire Load Model       Library
  ------------------------------------------------
  cv32e40p_top       35000                 saed14rvt_ss0p6v125c

  Point                                                   Incr       Path
  --------------------------------------------------------------------------
  clock clk_i (rise edge)                               0.0000     0.0000
  clock network delay (ideal)                           0.0000     0.0000
  input external delay                                  4.0000     4.0000 r
  data_rvalid_i (in)                                    0.0009     4.0009 r
  core_i/data_rvalid_i (cv32e40p_core_COREV_PULP0_COREV_CLUSTER0_FPU0_FPU_ADDMUL_LAT0_FPU_OTHERS_LAT0_ZFINX0_NUM_MHPMCOUNTERS1)
                                                        0.0000     4.0009 r
  core_i/load_store_unit_i/data_rvalid_i (cv32e40p_load_store_unit_PULP_OBI0)
                                                        0.0000     4.0009 r
  core_i/load_store_unit_i/data_obi_i/obi_rvalid_i (cv32e40p_obi_interface_TRANS_STABLE1)
                                                        0.0000     4.0009 r
  core_i/load_store_unit_i/data_obi_i/U101/X (SAEDRVT14_BUF_S_2)
                                                        0.0179     4.0188 r
  core_i/load_store_unit_i/data_obi_i/resp_valid_o (cv32e40p_obi_interface_TRANS_STABLE1)
                                                        0.0000     4.0188 r
  core_i/load_store_unit_i/U14/X (SAEDRVT14_INV_S_2)    0.0198     4.0386 f
  core_i/load_store_unit_i/U53/X (SAEDRVT14_BUF_S_2)    0.0332     4.0718 f
  core_i/load_store_unit_i/U17/X (SAEDRVT14_OAI21_V1_4)
                                                        0.0456     4.1174 r
  core_i/load_store_unit_i/lsu_ready_wb_o (cv32e40p_load_store_unit_PULP_OBI0)
                                                        0.0000     4.1174 r
  core_i/id_stage_i/wb_ready_i (cv32e40p_id_stage_COREV_PULP0_COREV_CLUSTER0_N_HWLP2_PULP_SECURE0_USE_PMP0_A_EXTENSION0_APU0_FPU0_FPU_ADDMUL_LAT0_FPU_OTHERS_LAT0_ZFINX0_APU_NARGS_CPU3_APU_WOP_CPU6_APU_NDSFLAGS_CPU15_APU_NUSFLAGS_CPU5_DEBUG_TRIGGER_EN1)
                                                        0.0000     4.1174 r
  core_i/id_stage_i/controller_i/wb_ready_i (cv32e40p_controller_COREV_CLUSTER0_COREV_PULP0_FPU0)
                                                        0.0000     4.1174 r
  core_i/id_stage_i/controller_i/U160/X (SAEDRVT14_NR2_4)
                                                        0.0357     4.1531 f
  core_i/id_stage_i/controller_i/U159/X (SAEDRVT14_OAI32_4)
                                                        0.0480     4.2012 r
  core_i/id_stage_i/controller_i/U45/X (SAEDRVT14_INV_S_2)
                                                        0.0189     4.2200 f
  core_i/id_stage_i/controller_i/load_stall_o (cv32e40p_controller_COREV_CLUSTER0_COREV_PULP0_FPU0)
                                                        0.0000     4.2200 f
  core_i/id_stage_i/U1339/X (SAEDRVT14_NR2_4)           0.0248     4.2449 r
  core_i/id_stage_i/U1337/X (SAEDRVT14_AN4_2)           0.0432     4.2881 r
  core_i/id_stage_i/U1962/X (SAEDRVT14_INV_S_2)         0.0256     4.3137 f
  core_i/id_stage_i/U938/X (SAEDRVT14_OR2_2)            0.0295     4.3432 f
  core_i/id_stage_i/U1334/X (SAEDRVT14_INV_S_2)         0.0188     4.3621 r
  core_i/id_stage_i/U814/X (SAEDRVT14_ND3_2)            0.0465     4.4086 f
  core_i/id_stage_i/U1961/X (SAEDRVT14_INV_S_2)         0.0350     4.4436 r
  core_i/id_stage_i/U815/X (SAEDRVT14_AN2_MM_2)         0.0409     4.4845 r
  core_i/id_stage_i/U804/X (SAEDRVT14_BUF_S_2)          0.0208     4.5053 r
  core_i/id_stage_i/U765/X (SAEDRVT14_BUF_S_2)          0.0267     4.5320 r
  core_i/id_stage_i/U1320/X (SAEDRVT14_AOI21_V1_4)      0.0465     4.5785 f
  core_i/id_stage_i/U929/X (SAEDRVT14_BUF_S_2)          0.0267     4.6052 f
  core_i/id_stage_i/U816/X (SAEDRVT14_OR2_2)            0.0300     4.6352 f
  core_i/id_stage_i/U813/X (SAEDRVT14_OAI22_3)          0.0420     4.6773 r
  core_i/id_stage_i/U792/X (SAEDRVT14_BUF_S_2)          0.0368     4.7141 r
  core_i/id_stage_i/U1743/X (SAEDRVT14_ND2_MM_2)        0.0363     4.7504 f
  core_i/id_stage_i/U1368/X (SAEDRVT14_AN2_MM_2)        0.0221     4.7724 f
  core_i/id_stage_i/U1027/X (SAEDRVT14_ND2_CDC_4)       0.0308     4.8032 r
  core_i/id_stage_i/alu_operand_a_ex_o_reg[4]/D (SAEDRVT14_FSDPRBQ_V2LP_2)
                                                        0.0046     4.8078 r
  data arrival time                                                4.8078

  clock clk_i (rise edge)                               5.0000     5.0000
  clock network delay (ideal)                           0.0000     5.0000
  core_i/id_stage_i/alu_operand_a_ex_o_reg[4]/CK (SAEDRVT14_FSDPRBQ_V2LP_2)
                                                        0.0000     5.0000 r
  library setup time                                   -0.0308     4.9692
  data required time                                               4.9692
  --------------------------------------------------------------------------
  data required time                                               4.9692
  data arrival time                                               -4.8078
  --------------------------------------------------------------------------
  slack (MET)                                                      0.1614


  Startpoint: data_rvalid_i
              (input port clocked by clk_i)
  Endpoint: core_i/id_stage_i/alu_operand_a_ex_o_reg[0]
            (rising edge-triggered flip-flop clocked by clk_i)
  Path Group: clk_i
  Path Type: max

  Des/Clust/Port     Wire Load Model       Library
  ------------------------------------------------
  cv32e40p_top       35000                 saed14rvt_ss0p6v125c

  Point                                                   Incr       Path
  --------------------------------------------------------------------------
  clock clk_i (rise edge)                               0.0000     0.0000
  clock network delay (ideal)                           0.0000     0.0000
  input external delay                                  4.0000     4.0000 r
  data_rvalid_i (in)                                    0.0009     4.0009 r
  core_i/data_rvalid_i (cv32e40p_core_COREV_PULP0_COREV_CLUSTER0_FPU0_FPU_ADDMUL_LAT0_FPU_OTHERS_LAT0_ZFINX0_NUM_MHPMCOUNTERS1)
                                                        0.0000     4.0009 r
  core_i/load_store_unit_i/data_rvalid_i (cv32e40p_load_store_unit_PULP_OBI0)
                                                        0.0000     4.0009 r
  core_i/load_store_unit_i/data_obi_i/obi_rvalid_i (cv32e40p_obi_interface_TRANS_STABLE1)
                                                        0.0000     4.0009 r
  core_i/load_store_unit_i/data_obi_i/U101/X (SAEDRVT14_BUF_S_2)
                                                        0.0179     4.0188 r
  core_i/load_store_unit_i/data_obi_i/resp_valid_o (cv32e40p_obi_interface_TRANS_STABLE1)
                                                        0.0000     4.0188 r
  core_i/load_store_unit_i/U14/X (SAEDRVT14_INV_S_2)    0.0198     4.0386 f
  core_i/load_store_unit_i/U53/X (SAEDRVT14_BUF_S_2)    0.0332     4.0718 f
  core_i/load_store_unit_i/U17/X (SAEDRVT14_OAI21_V1_4)
                                                        0.0456     4.1174 r
  core_i/load_store_unit_i/lsu_ready_wb_o (cv32e40p_load_store_unit_PULP_OBI0)
                                                        0.0000     4.1174 r
  core_i/id_stage_i/wb_ready_i (cv32e40p_id_stage_COREV_PULP0_COREV_CLUSTER0_N_HWLP2_PULP_SECURE0_USE_PMP0_A_EXTENSION0_APU0_FPU0_FPU_ADDMUL_LAT0_FPU_OTHERS_LAT0_ZFINX0_APU_NARGS_CPU3_APU_WOP_CPU6_APU_NDSFLAGS_CPU15_APU_NUSFLAGS_CPU5_DEBUG_TRIGGER_EN1)
                                                        0.0000     4.1174 r
  core_i/id_stage_i/controller_i/wb_ready_i (cv32e40p_controller_COREV_CLUSTER0_COREV_PULP0_FPU0)
                                                        0.0000     4.1174 r
  core_i/id_stage_i/controller_i/U160/X (SAEDRVT14_NR2_4)
                                                        0.0357     4.1531 f
  core_i/id_stage_i/controller_i/U159/X (SAEDRVT14_OAI32_4)
                                                        0.0480     4.2012 r
  core_i/id_stage_i/controller_i/U45/X (SAEDRVT14_INV_S_2)
                                                        0.0189     4.2200 f
  core_i/id_stage_i/controller_i/load_stall_o (cv32e40p_controller_COREV_CLUSTER0_COREV_PULP0_FPU0)
                                                        0.0000     4.2200 f
  core_i/id_stage_i/U1339/X (SAEDRVT14_NR2_4)           0.0248     4.2449 r
  core_i/id_stage_i/U1337/X (SAEDRVT14_AN4_2)           0.0432     4.2881 r
  core_i/id_stage_i/U1962/X (SAEDRVT14_INV_S_2)         0.0256     4.3137 f
  core_i/id_stage_i/U938/X (SAEDRVT14_OR2_2)            0.0295     4.3432 f
  core_i/id_stage_i/U1334/X (SAEDRVT14_INV_S_2)         0.0188     4.3621 r
  core_i/id_stage_i/U814/X (SAEDRVT14_ND3_2)            0.0465     4.4086 f
  core_i/id_stage_i/U1961/X (SAEDRVT14_INV_S_2)         0.0350     4.4436 r
  core_i/id_stage_i/U815/X (SAEDRVT14_AN2_MM_2)         0.0409     4.4845 r
  core_i/id_stage_i/U804/X (SAEDRVT14_BUF_S_2)          0.0208     4.5053 r
  core_i/id_stage_i/U765/X (SAEDRVT14_BUF_S_2)          0.0267     4.5320 r
  core_i/id_stage_i/U1320/X (SAEDRVT14_AOI21_V1_4)      0.0465     4.5785 f
  core_i/id_stage_i/U929/X (SAEDRVT14_BUF_S_2)          0.0267     4.6052 f
  core_i/id_stage_i/U816/X (SAEDRVT14_OR2_2)            0.0300     4.6352 f
  core_i/id_stage_i/U813/X (SAEDRVT14_OAI22_3)          0.0420     4.6773 r
  core_i/id_stage_i/U792/X (SAEDRVT14_BUF_S_2)          0.0368     4.7141 r
  core_i/id_stage_i/U1773/X (SAEDRVT14_ND2_MM_2)        0.0363     4.7504 f
  core_i/id_stage_i/U1369/X (SAEDRVT14_AN2_MM_2)        0.0221     4.7724 f
  core_i/id_stage_i/U1283/X (SAEDRVT14_ND2_CDC_4)       0.0308     4.8032 r
  core_i/id_stage_i/alu_operand_a_ex_o_reg[0]/D (SAEDRVT14_FSDPRBQ_V2LP_2)
                                                        0.0046     4.8078 r
  data arrival time                                                4.8078

  clock clk_i (rise edge)                               5.0000     5.0000
  clock network delay (ideal)                           0.0000     5.0000
  core_i/id_stage_i/alu_operand_a_ex_o_reg[0]/CK (SAEDRVT14_FSDPRBQ_V2LP_2)
                                                        0.0000     5.0000 r
  library setup time                                   -0.0308     4.9692
  data required time                                               4.9692
  --------------------------------------------------------------------------
  data required time                                               4.9692
  data arrival time                                               -4.8078
  --------------------------------------------------------------------------
  slack (MET)                                                      0.1614


  Startpoint: data_rvalid_i
              (input port clocked by clk_i)
  Endpoint: core_i/id_stage_i/alu_operand_a_ex_o_reg[6]
            (rising edge-triggered flip-flop clocked by clk_i)
  Path Group: clk_i
  Path Type: max

  Des/Clust/Port     Wire Load Model       Library
  ------------------------------------------------
  cv32e40p_top       35000                 saed14rvt_ss0p6v125c

  Point                                                   Incr       Path
  --------------------------------------------------------------------------
  clock clk_i (rise edge)                               0.0000     0.0000
  clock network delay (ideal)                           0.0000     0.0000
  input external delay                                  4.0000     4.0000 r
  data_rvalid_i (in)                                    0.0009     4.0009 r
  core_i/data_rvalid_i (cv32e40p_core_COREV_PULP0_COREV_CLUSTER0_FPU0_FPU_ADDMUL_LAT0_FPU_OTHERS_LAT0_ZFINX0_NUM_MHPMCOUNTERS1)
                                                        0.0000     4.0009 r
  core_i/load_store_unit_i/data_rvalid_i (cv32e40p_load_store_unit_PULP_OBI0)
                                                        0.0000     4.0009 r
  core_i/load_store_unit_i/data_obi_i/obi_rvalid_i (cv32e40p_obi_interface_TRANS_STABLE1)
                                                        0.0000     4.0009 r
  core_i/load_store_unit_i/data_obi_i/U101/X (SAEDRVT14_BUF_S_2)
                                                        0.0179     4.0188 r
  core_i/load_store_unit_i/data_obi_i/resp_valid_o (cv32e40p_obi_interface_TRANS_STABLE1)
                                                        0.0000     4.0188 r
  core_i/load_store_unit_i/U14/X (SAEDRVT14_INV_S_2)    0.0198     4.0386 f
  core_i/load_store_unit_i/U53/X (SAEDRVT14_BUF_S_2)    0.0332     4.0718 f
  core_i/load_store_unit_i/U17/X (SAEDRVT14_OAI21_V1_4)
                                                        0.0456     4.1174 r
  core_i/load_store_unit_i/lsu_ready_wb_o (cv32e40p_load_store_unit_PULP_OBI0)
                                                        0.0000     4.1174 r
  core_i/id_stage_i/wb_ready_i (cv32e40p_id_stage_COREV_PULP0_COREV_CLUSTER0_N_HWLP2_PULP_SECURE0_USE_PMP0_A_EXTENSION0_APU0_FPU0_FPU_ADDMUL_LAT0_FPU_OTHERS_LAT0_ZFINX0_APU_NARGS_CPU3_APU_WOP_CPU6_APU_NDSFLAGS_CPU15_APU_NUSFLAGS_CPU5_DEBUG_TRIGGER_EN1)
                                                        0.0000     4.1174 r
  core_i/id_stage_i/controller_i/wb_ready_i (cv32e40p_controller_COREV_CLUSTER0_COREV_PULP0_FPU0)
                                                        0.0000     4.1174 r
  core_i/id_stage_i/controller_i/U160/X (SAEDRVT14_NR2_4)
                                                        0.0357     4.1531 f
  core_i/id_stage_i/controller_i/U159/X (SAEDRVT14_OAI32_4)
                                                        0.0480     4.2012 r
  core_i/id_stage_i/controller_i/U45/X (SAEDRVT14_INV_S_2)
                                                        0.0189     4.2200 f
  core_i/id_stage_i/controller_i/load_stall_o (cv32e40p_controller_COREV_CLUSTER0_COREV_PULP0_FPU0)
                                                        0.0000     4.2200 f
  core_i/id_stage_i/U1339/X (SAEDRVT14_NR2_4)           0.0248     4.2449 r
  core_i/id_stage_i/U1337/X (SAEDRVT14_AN4_2)           0.0432     4.2881 r
  core_i/id_stage_i/U1962/X (SAEDRVT14_INV_S_2)         0.0256     4.3137 f
  core_i/id_stage_i/U938/X (SAEDRVT14_OR2_2)            0.0295     4.3432 f
  core_i/id_stage_i/U1334/X (SAEDRVT14_INV_S_2)         0.0188     4.3621 r
  core_i/id_stage_i/U814/X (SAEDRVT14_ND3_2)            0.0465     4.4086 f
  core_i/id_stage_i/U1961/X (SAEDRVT14_INV_S_2)         0.0350     4.4436 r
  core_i/id_stage_i/U815/X (SAEDRVT14_AN2_MM_2)         0.0409     4.4845 r
  core_i/id_stage_i/U804/X (SAEDRVT14_BUF_S_2)          0.0208     4.5053 r
  core_i/id_stage_i/U765/X (SAEDRVT14_BUF_S_2)          0.0267     4.5320 r
  core_i/id_stage_i/U1320/X (SAEDRVT14_AOI21_V1_4)      0.0465     4.5785 f
  core_i/id_stage_i/U929/X (SAEDRVT14_BUF_S_2)          0.0267     4.6052 f
  core_i/id_stage_i/U816/X (SAEDRVT14_OR2_2)            0.0300     4.6352 f
  core_i/id_stage_i/U813/X (SAEDRVT14_OAI22_3)          0.0420     4.6773 r
  core_i/id_stage_i/U785/X (SAEDRVT14_BUF_S_2)          0.0396     4.7169 r
  core_i/id_stage_i/U1473/X (SAEDRVT14_AO22_2)          0.0540     4.7709 r
  core_i/id_stage_i/U1386/X (SAEDRVT14_OR2_2)           0.0211     4.7920 r
  core_i/id_stage_i/alu_operand_a_ex_o_reg[6]/D (SAEDRVT14_FSDPRBQ_V2LP_2)
                                                        0.0046     4.7966 r
  data arrival time                                                4.7966

  clock clk_i (rise edge)                               5.0000     5.0000
  clock network delay (ideal)                           0.0000     5.0000
  core_i/id_stage_i/alu_operand_a_ex_o_reg[6]/CK (SAEDRVT14_FSDPRBQ_V2LP_2)
                                                        0.0000     5.0000 r
  library setup time                                   -0.0307     4.9693
  data required time                                               4.9693
  --------------------------------------------------------------------------
  data required time                                               4.9693
  data arrival time                                               -4.7966
  --------------------------------------------------------------------------
  slack (MET)                                                      0.1727


  Startpoint: data_rvalid_i
              (input port clocked by clk_i)
  Endpoint: core_i/id_stage_i/alu_operand_a_ex_o_reg[5]
            (rising edge-triggered flip-flop clocked by clk_i)
  Path Group: clk_i
  Path Type: max

  Des/Clust/Port     Wire Load Model       Library
  ------------------------------------------------
  cv32e40p_top       35000                 saed14rvt_ss0p6v125c

  Point                                                   Incr       Path
  --------------------------------------------------------------------------
  clock clk_i (rise edge)                               0.0000     0.0000
  clock network delay (ideal)                           0.0000     0.0000
  input external delay                                  4.0000     4.0000 r
  data_rvalid_i (in)                                    0.0009     4.0009 r
  core_i/data_rvalid_i (cv32e40p_core_COREV_PULP0_COREV_CLUSTER0_FPU0_FPU_ADDMUL_LAT0_FPU_OTHERS_LAT0_ZFINX0_NUM_MHPMCOUNTERS1)
                                                        0.0000     4.0009 r
  core_i/load_store_unit_i/data_rvalid_i (cv32e40p_load_store_unit_PULP_OBI0)
                                                        0.0000     4.0009 r
  core_i/load_store_unit_i/data_obi_i/obi_rvalid_i (cv32e40p_obi_interface_TRANS_STABLE1)
                                                        0.0000     4.0009 r
  core_i/load_store_unit_i/data_obi_i/U101/X (SAEDRVT14_BUF_S_2)
                                                        0.0179     4.0188 r
  core_i/load_store_unit_i/data_obi_i/resp_valid_o (cv32e40p_obi_interface_TRANS_STABLE1)
                                                        0.0000     4.0188 r
  core_i/load_store_unit_i/U14/X (SAEDRVT14_INV_S_2)    0.0198     4.0386 f
  core_i/load_store_unit_i/U53/X (SAEDRVT14_BUF_S_2)    0.0332     4.0718 f
  core_i/load_store_unit_i/U17/X (SAEDRVT14_OAI21_V1_4)
                                                        0.0456     4.1174 r
  core_i/load_store_unit_i/lsu_ready_wb_o (cv32e40p_load_store_unit_PULP_OBI0)
                                                        0.0000     4.1174 r
  core_i/id_stage_i/wb_ready_i (cv32e40p_id_stage_COREV_PULP0_COREV_CLUSTER0_N_HWLP2_PULP_SECURE0_USE_PMP0_A_EXTENSION0_APU0_FPU0_FPU_ADDMUL_LAT0_FPU_OTHERS_LAT0_ZFINX0_APU_NARGS_CPU3_APU_WOP_CPU6_APU_NDSFLAGS_CPU15_APU_NUSFLAGS_CPU5_DEBUG_TRIGGER_EN1)
                                                        0.0000     4.1174 r
  core_i/id_stage_i/controller_i/wb_ready_i (cv32e40p_controller_COREV_CLUSTER0_COREV_PULP0_FPU0)
                                                        0.0000     4.1174 r
  core_i/id_stage_i/controller_i/U160/X (SAEDRVT14_NR2_4)
                                                        0.0357     4.1531 f
  core_i/id_stage_i/controller_i/U159/X (SAEDRVT14_OAI32_4)
                                                        0.0480     4.2012 r
  core_i/id_stage_i/controller_i/U45/X (SAEDRVT14_INV_S_2)
                                                        0.0189     4.2200 f
  core_i/id_stage_i/controller_i/load_stall_o (cv32e40p_controller_COREV_CLUSTER0_COREV_PULP0_FPU0)
                                                        0.0000     4.2200 f
  core_i/id_stage_i/U1339/X (SAEDRVT14_NR2_4)           0.0248     4.2449 r
  core_i/id_stage_i/U1337/X (SAEDRVT14_AN4_2)           0.0432     4.2881 r
  core_i/id_stage_i/U1962/X (SAEDRVT14_INV_S_2)         0.0256     4.3137 f
  core_i/id_stage_i/U938/X (SAEDRVT14_OR2_2)            0.0295     4.3432 f
  core_i/id_stage_i/U1334/X (SAEDRVT14_INV_S_2)         0.0188     4.3621 r
  core_i/id_stage_i/U814/X (SAEDRVT14_ND3_2)            0.0465     4.4086 f
  core_i/id_stage_i/U1961/X (SAEDRVT14_INV_S_2)         0.0350     4.4436 r
  core_i/id_stage_i/U815/X (SAEDRVT14_AN2_MM_2)         0.0409     4.4845 r
  core_i/id_stage_i/U804/X (SAEDRVT14_BUF_S_2)          0.0208     4.5053 r
  core_i/id_stage_i/U765/X (SAEDRVT14_BUF_S_2)          0.0267     4.5320 r
  core_i/id_stage_i/U1320/X (SAEDRVT14_AOI21_V1_4)      0.0465     4.5785 f
  core_i/id_stage_i/U929/X (SAEDRVT14_BUF_S_2)          0.0267     4.6052 f
  core_i/id_stage_i/U816/X (SAEDRVT14_OR2_2)            0.0300     4.6352 f
  core_i/id_stage_i/U813/X (SAEDRVT14_OAI22_3)          0.0420     4.6773 r
  core_i/id_stage_i/U785/X (SAEDRVT14_BUF_S_2)          0.0396     4.7169 r
  core_i/id_stage_i/U1414/X (SAEDRVT14_AO22_2)          0.0540     4.7709 r
  core_i/id_stage_i/U1413/X (SAEDRVT14_OR2_2)           0.0211     4.7920 r
  core_i/id_stage_i/alu_operand_a_ex_o_reg[5]/D (SAEDRVT14_FSDPRBQ_V2LP_2)
                                                        0.0046     4.7966 r
  data arrival time                                                4.7966

  clock clk_i (rise edge)                               5.0000     5.0000
  clock network delay (ideal)                           0.0000     5.0000
  core_i/id_stage_i/alu_operand_a_ex_o_reg[5]/CK (SAEDRVT14_FSDPRBQ_V2LP_2)
                                                        0.0000     5.0000 r
  library setup time                                   -0.0307     4.9693
  data required time                                               4.9693
  --------------------------------------------------------------------------
  data required time                                               4.9693
  data arrival time                                               -4.7966
  --------------------------------------------------------------------------
  slack (MET)                                                      0.1727


  Startpoint: data_rvalid_i
              (input port clocked by clk_i)
  Endpoint: core_i/id_stage_i/alu_operand_a_ex_o_reg[10]
            (rising edge-triggered flip-flop clocked by clk_i)
  Path Group: clk_i
  Path Type: max

  Des/Clust/Port     Wire Load Model       Library
  ------------------------------------------------
  cv32e40p_top       35000                 saed14rvt_ss0p6v125c

  Point                                                   Incr       Path
  --------------------------------------------------------------------------
  clock clk_i (rise edge)                               0.0000     0.0000
  clock network delay (ideal)                           0.0000     0.0000
  input external delay                                  4.0000     4.0000 r
  data_rvalid_i (in)                                    0.0009     4.0009 r
  core_i/data_rvalid_i (cv32e40p_core_COREV_PULP0_COREV_CLUSTER0_FPU0_FPU_ADDMUL_LAT0_FPU_OTHERS_LAT0_ZFINX0_NUM_MHPMCOUNTERS1)
                                                        0.0000     4.0009 r
  core_i/load_store_unit_i/data_rvalid_i (cv32e40p_load_store_unit_PULP_OBI0)
                                                        0.0000     4.0009 r
  core_i/load_store_unit_i/data_obi_i/obi_rvalid_i (cv32e40p_obi_interface_TRANS_STABLE1)
                                                        0.0000     4.0009 r
  core_i/load_store_unit_i/data_obi_i/U101/X (SAEDRVT14_BUF_S_2)
                                                        0.0179     4.0188 r
  core_i/load_store_unit_i/data_obi_i/resp_valid_o (cv32e40p_obi_interface_TRANS_STABLE1)
                                                        0.0000     4.0188 r
  core_i/load_store_unit_i/U14/X (SAEDRVT14_INV_S_2)    0.0198     4.0386 f
  core_i/load_store_unit_i/U53/X (SAEDRVT14_BUF_S_2)    0.0332     4.0718 f
  core_i/load_store_unit_i/U17/X (SAEDRVT14_OAI21_V1_4)
                                                        0.0456     4.1174 r
  core_i/load_store_unit_i/lsu_ready_wb_o (cv32e40p_load_store_unit_PULP_OBI0)
                                                        0.0000     4.1174 r
  core_i/id_stage_i/wb_ready_i (cv32e40p_id_stage_COREV_PULP0_COREV_CLUSTER0_N_HWLP2_PULP_SECURE0_USE_PMP0_A_EXTENSION0_APU0_FPU0_FPU_ADDMUL_LAT0_FPU_OTHERS_LAT0_ZFINX0_APU_NARGS_CPU3_APU_WOP_CPU6_APU_NDSFLAGS_CPU15_APU_NUSFLAGS_CPU5_DEBUG_TRIGGER_EN1)
                                                        0.0000     4.1174 r
  core_i/id_stage_i/controller_i/wb_ready_i (cv32e40p_controller_COREV_CLUSTER0_COREV_PULP0_FPU0)
                                                        0.0000     4.1174 r
  core_i/id_stage_i/controller_i/U160/X (SAEDRVT14_NR2_4)
                                                        0.0357     4.1531 f
  core_i/id_stage_i/controller_i/U159/X (SAEDRVT14_OAI32_4)
                                                        0.0480     4.2012 r
  core_i/id_stage_i/controller_i/U45/X (SAEDRVT14_INV_S_2)
                                                        0.0189     4.2200 f
  core_i/id_stage_i/controller_i/load_stall_o (cv32e40p_controller_COREV_CLUSTER0_COREV_PULP0_FPU0)
                                                        0.0000     4.2200 f
  core_i/id_stage_i/U1339/X (SAEDRVT14_NR2_4)           0.0248     4.2449 r
  core_i/id_stage_i/U1337/X (SAEDRVT14_AN4_2)           0.0432     4.2881 r
  core_i/id_stage_i/U1962/X (SAEDRVT14_INV_S_2)         0.0256     4.3137 f
  core_i/id_stage_i/U938/X (SAEDRVT14_OR2_2)            0.0295     4.3432 f
  core_i/id_stage_i/U1334/X (SAEDRVT14_INV_S_2)         0.0188     4.3621 r
  core_i/id_stage_i/U814/X (SAEDRVT14_ND3_2)            0.0465     4.4086 f
  core_i/id_stage_i/U1961/X (SAEDRVT14_INV_S_2)         0.0350     4.4436 r
  core_i/id_stage_i/U815/X (SAEDRVT14_AN2_MM_2)         0.0409     4.4845 r
  core_i/id_stage_i/U804/X (SAEDRVT14_BUF_S_2)          0.0208     4.5053 r
  core_i/id_stage_i/U765/X (SAEDRVT14_BUF_S_2)          0.0267     4.5320 r
  core_i/id_stage_i/U1320/X (SAEDRVT14_AOI21_V1_4)      0.0465     4.5785 f
  core_i/id_stage_i/U929/X (SAEDRVT14_BUF_S_2)          0.0267     4.6052 f
  core_i/id_stage_i/U816/X (SAEDRVT14_OR2_2)            0.0300     4.6352 f
  core_i/id_stage_i/U813/X (SAEDRVT14_OAI22_3)          0.0420     4.6773 r
  core_i/id_stage_i/U784/X (SAEDRVT14_BUF_S_2)          0.0396     4.7169 r
  core_i/id_stage_i/U1396/X (SAEDRVT14_AO22_2)          0.0540     4.7709 r
  core_i/id_stage_i/U1395/X (SAEDRVT14_OR2_2)           0.0211     4.7920 r
  core_i/id_stage_i/alu_operand_a_ex_o_reg[10]/D (SAEDRVT14_FSDPRBQ_V2LP_2)
                                                        0.0046     4.7966 r
  data arrival time                                                4.7966

  clock clk_i (rise edge)                               5.0000     5.0000
  clock network delay (ideal)                           0.0000     5.0000
  core_i/id_stage_i/alu_operand_a_ex_o_reg[10]/CK (SAEDRVT14_FSDPRBQ_V2LP_2)
                                                        0.0000     5.0000 r
  library setup time                                   -0.0307     4.9693
  data required time                                               4.9693
  --------------------------------------------------------------------------
  data required time                                               4.9693
  data arrival time                                               -4.7966
  --------------------------------------------------------------------------
  slack (MET)                                                      0.1727


  Startpoint: data_rvalid_i
              (input port clocked by clk_i)
  Endpoint: core_i/id_stage_i/alu_operand_a_ex_o_reg[15]
            (rising edge-triggered flip-flop clocked by clk_i)
  Path Group: clk_i
  Path Type: max

  Des/Clust/Port     Wire Load Model       Library
  ------------------------------------------------
  cv32e40p_top       35000                 saed14rvt_ss0p6v125c

  Point                                                   Incr       Path
  --------------------------------------------------------------------------
  clock clk_i (rise edge)                               0.0000     0.0000
  clock network delay (ideal)                           0.0000     0.0000
  input external delay                                  4.0000     4.0000 r
  data_rvalid_i (in)                                    0.0009     4.0009 r
  core_i/data_rvalid_i (cv32e40p_core_COREV_PULP0_COREV_CLUSTER0_FPU0_FPU_ADDMUL_LAT0_FPU_OTHERS_LAT0_ZFINX0_NUM_MHPMCOUNTERS1)
                                                        0.0000     4.0009 r
  core_i/load_store_unit_i/data_rvalid_i (cv32e40p_load_store_unit_PULP_OBI0)
                                                        0.0000     4.0009 r
  core_i/load_store_unit_i/data_obi_i/obi_rvalid_i (cv32e40p_obi_interface_TRANS_STABLE1)
                                                        0.0000     4.0009 r
  core_i/load_store_unit_i/data_obi_i/U101/X (SAEDRVT14_BUF_S_2)
                                                        0.0179     4.0188 r
  core_i/load_store_unit_i/data_obi_i/resp_valid_o (cv32e40p_obi_interface_TRANS_STABLE1)
                                                        0.0000     4.0188 r
  core_i/load_store_unit_i/U14/X (SAEDRVT14_INV_S_2)    0.0198     4.0386 f
  core_i/load_store_unit_i/U53/X (SAEDRVT14_BUF_S_2)    0.0332     4.0718 f
  core_i/load_store_unit_i/U17/X (SAEDRVT14_OAI21_V1_4)
                                                        0.0456     4.1174 r
  core_i/load_store_unit_i/lsu_ready_wb_o (cv32e40p_load_store_unit_PULP_OBI0)
                                                        0.0000     4.1174 r
  core_i/id_stage_i/wb_ready_i (cv32e40p_id_stage_COREV_PULP0_COREV_CLUSTER0_N_HWLP2_PULP_SECURE0_USE_PMP0_A_EXTENSION0_APU0_FPU0_FPU_ADDMUL_LAT0_FPU_OTHERS_LAT0_ZFINX0_APU_NARGS_CPU3_APU_WOP_CPU6_APU_NDSFLAGS_CPU15_APU_NUSFLAGS_CPU5_DEBUG_TRIGGER_EN1)
                                                        0.0000     4.1174 r
  core_i/id_stage_i/controller_i/wb_ready_i (cv32e40p_controller_COREV_CLUSTER0_COREV_PULP0_FPU0)
                                                        0.0000     4.1174 r
  core_i/id_stage_i/controller_i/U160/X (SAEDRVT14_NR2_4)
                                                        0.0357     4.1531 f
  core_i/id_stage_i/controller_i/U159/X (SAEDRVT14_OAI32_4)
                                                        0.0480     4.2012 r
  core_i/id_stage_i/controller_i/U45/X (SAEDRVT14_INV_S_2)
                                                        0.0189     4.2200 f
  core_i/id_stage_i/controller_i/load_stall_o (cv32e40p_controller_COREV_CLUSTER0_COREV_PULP0_FPU0)
                                                        0.0000     4.2200 f
  core_i/id_stage_i/U1339/X (SAEDRVT14_NR2_4)           0.0248     4.2449 r
  core_i/id_stage_i/U1337/X (SAEDRVT14_AN4_2)           0.0432     4.2881 r
  core_i/id_stage_i/U1962/X (SAEDRVT14_INV_S_2)         0.0256     4.3137 f
  core_i/id_stage_i/U938/X (SAEDRVT14_OR2_2)            0.0295     4.3432 f
  core_i/id_stage_i/U1334/X (SAEDRVT14_INV_S_2)         0.0188     4.3621 r
  core_i/id_stage_i/U814/X (SAEDRVT14_ND3_2)            0.0465     4.4086 f
  core_i/id_stage_i/U1961/X (SAEDRVT14_INV_S_2)         0.0350     4.4436 r
  core_i/id_stage_i/U815/X (SAEDRVT14_AN2_MM_2)         0.0409     4.4845 r
  core_i/id_stage_i/U804/X (SAEDRVT14_BUF_S_2)          0.0208     4.5053 r
  core_i/id_stage_i/U765/X (SAEDRVT14_BUF_S_2)          0.0267     4.5320 r
  core_i/id_stage_i/U1320/X (SAEDRVT14_AOI21_V1_4)      0.0465     4.5785 f
  core_i/id_stage_i/U929/X (SAEDRVT14_BUF_S_2)          0.0267     4.6052 f
  core_i/id_stage_i/U816/X (SAEDRVT14_OR2_2)            0.0300     4.6352 f
  core_i/id_stage_i/U813/X (SAEDRVT14_OAI22_3)          0.0420     4.6773 r
  core_i/id_stage_i/U784/X (SAEDRVT14_BUF_S_2)          0.0396     4.7169 r
  core_i/id_stage_i/U1394/X (SAEDRVT14_AO22_2)          0.0540     4.7709 r
  core_i/id_stage_i/U1393/X (SAEDRVT14_OR2_2)           0.0211     4.7919 r
  core_i/id_stage_i/alu_operand_a_ex_o_reg[15]/D (SAEDRVT14_FSDPRBQ_V2LP_2)
                                                        0.0046     4.7966 r
  data arrival time                                                4.7966

  clock clk_i (rise edge)                               5.0000     5.0000
  clock network delay (ideal)                           0.0000     5.0000
  core_i/id_stage_i/alu_operand_a_ex_o_reg[15]/CK (SAEDRVT14_FSDPRBQ_V2LP_2)
                                                        0.0000     5.0000 r
  library setup time                                   -0.0307     4.9693
  data required time                                               4.9693
  --------------------------------------------------------------------------
  data required time                                               4.9693
  data arrival time                                               -4.7966
  --------------------------------------------------------------------------
  slack (MET)                                                      0.1727


  Startpoint: data_rvalid_i
              (input port clocked by clk_i)
  Endpoint: core_i/id_stage_i/alu_operand_a_ex_o_reg[12]
            (rising edge-triggered flip-flop clocked by clk_i)
  Path Group: clk_i
  Path Type: max

  Des/Clust/Port     Wire Load Model       Library
  ------------------------------------------------
  cv32e40p_top       35000                 saed14rvt_ss0p6v125c

  Point                                                   Incr       Path
  --------------------------------------------------------------------------
  clock clk_i (rise edge)                               0.0000     0.0000
  clock network delay (ideal)                           0.0000     0.0000
  input external delay                                  4.0000     4.0000 r
  data_rvalid_i (in)                                    0.0009     4.0009 r
  core_i/data_rvalid_i (cv32e40p_core_COREV_PULP0_COREV_CLUSTER0_FPU0_FPU_ADDMUL_LAT0_FPU_OTHERS_LAT0_ZFINX0_NUM_MHPMCOUNTERS1)
                                                        0.0000     4.0009 r
  core_i/load_store_unit_i/data_rvalid_i (cv32e40p_load_store_unit_PULP_OBI0)
                                                        0.0000     4.0009 r
  core_i/load_store_unit_i/data_obi_i/obi_rvalid_i (cv32e40p_obi_interface_TRANS_STABLE1)
                                                        0.0000     4.0009 r
  core_i/load_store_unit_i/data_obi_i/U101/X (SAEDRVT14_BUF_S_2)
                                                        0.0179     4.0188 r
  core_i/load_store_unit_i/data_obi_i/resp_valid_o (cv32e40p_obi_interface_TRANS_STABLE1)
                                                        0.0000     4.0188 r
  core_i/load_store_unit_i/U14/X (SAEDRVT14_INV_S_2)    0.0198     4.0386 f
  core_i/load_store_unit_i/U53/X (SAEDRVT14_BUF_S_2)    0.0332     4.0718 f
  core_i/load_store_unit_i/U17/X (SAEDRVT14_OAI21_V1_4)
                                                        0.0456     4.1174 r
  core_i/load_store_unit_i/lsu_ready_wb_o (cv32e40p_load_store_unit_PULP_OBI0)
                                                        0.0000     4.1174 r
  core_i/id_stage_i/wb_ready_i (cv32e40p_id_stage_COREV_PULP0_COREV_CLUSTER0_N_HWLP2_PULP_SECURE0_USE_PMP0_A_EXTENSION0_APU0_FPU0_FPU_ADDMUL_LAT0_FPU_OTHERS_LAT0_ZFINX0_APU_NARGS_CPU3_APU_WOP_CPU6_APU_NDSFLAGS_CPU15_APU_NUSFLAGS_CPU5_DEBUG_TRIGGER_EN1)
                                                        0.0000     4.1174 r
  core_i/id_stage_i/controller_i/wb_ready_i (cv32e40p_controller_COREV_CLUSTER0_COREV_PULP0_FPU0)
                                                        0.0000     4.1174 r
  core_i/id_stage_i/controller_i/U160/X (SAEDRVT14_NR2_4)
                                                        0.0357     4.1531 f
  core_i/id_stage_i/controller_i/U159/X (SAEDRVT14_OAI32_4)
                                                        0.0480     4.2012 r
  core_i/id_stage_i/controller_i/U45/X (SAEDRVT14_INV_S_2)
                                                        0.0189     4.2200 f
  core_i/id_stage_i/controller_i/load_stall_o (cv32e40p_controller_COREV_CLUSTER0_COREV_PULP0_FPU0)
                                                        0.0000     4.2200 f
  core_i/id_stage_i/U1339/X (SAEDRVT14_NR2_4)           0.0248     4.2449 r
  core_i/id_stage_i/U1337/X (SAEDRVT14_AN4_2)           0.0432     4.2881 r
  core_i/id_stage_i/U1962/X (SAEDRVT14_INV_S_2)         0.0256     4.3137 f
  core_i/id_stage_i/U938/X (SAEDRVT14_OR2_2)            0.0295     4.3432 f
  core_i/id_stage_i/U1334/X (SAEDRVT14_INV_S_2)         0.0188     4.3621 r
  core_i/id_stage_i/U814/X (SAEDRVT14_ND3_2)            0.0465     4.4086 f
  core_i/id_stage_i/U1961/X (SAEDRVT14_INV_S_2)         0.0350     4.4436 r
  core_i/id_stage_i/U815/X (SAEDRVT14_AN2_MM_2)         0.0409     4.4845 r
  core_i/id_stage_i/U804/X (SAEDRVT14_BUF_S_2)          0.0208     4.5053 r
  core_i/id_stage_i/U765/X (SAEDRVT14_BUF_S_2)          0.0267     4.5320 r
  core_i/id_stage_i/U1320/X (SAEDRVT14_AOI21_V1_4)      0.0465     4.5785 f
  core_i/id_stage_i/U929/X (SAEDRVT14_BUF_S_2)          0.0267     4.6052 f
  core_i/id_stage_i/U816/X (SAEDRVT14_OR2_2)            0.0300     4.6352 f
  core_i/id_stage_i/U813/X (SAEDRVT14_OAI22_3)          0.0420     4.6773 r
  core_i/id_stage_i/U784/X (SAEDRVT14_BUF_S_2)          0.0396     4.7169 r
  core_i/id_stage_i/U1388/X (SAEDRVT14_AO22_2)          0.0540     4.7709 r
  core_i/id_stage_i/U1387/X (SAEDRVT14_OR2_2)           0.0211     4.7919 r
  core_i/id_stage_i/alu_operand_a_ex_o_reg[12]/D (SAEDRVT14_FSDPRBQ_V2LP_2)
                                                        0.0046     4.7966 r
  data arrival time                                                4.7966

  clock clk_i (rise edge)                               5.0000     5.0000
  clock network delay (ideal)                           0.0000     5.0000
  core_i/id_stage_i/alu_operand_a_ex_o_reg[12]/CK (SAEDRVT14_FSDPRBQ_V2LP_2)
                                                        0.0000     5.0000 r
  library setup time                                   -0.0307     4.9693
  data required time                                               4.9693
  --------------------------------------------------------------------------
  data required time                                               4.9693
  data arrival time                                               -4.7966
  --------------------------------------------------------------------------
  slack (MET)                                                      0.1727


1
