Information: Using automatic max wire load selection group 'predcaps'. (ENV-003)
Information: Using automatic min wire load selection group 'predcaps'. (ENV-003)
Warning: Some timing arcs have been disabled for breaking timing loops or because of constant propagation. Use the 'report_disable_timing' command to get the list of these disabled timing arcs. (PTE-003)
Warning: An extrapolation exceeding 10% of the library characterization range has been detected. The delay calculation accuracy may be affected. for the cell timing arc, (saed14rvt_ss0p6v125c/SAEDRVT14_INV_S_2) core_i/ex_stage_i/alu_i/U1933/A-->X (max negative_unate) [r/f slew = 0.495266/0.172814, lib_range = [0.003 0.133]/[0.003 0.133] (nS)] (RC-011)
Warning: An extrapolation exceeding 10% of the library characterization range has been detected. The delay calculation accuracy may be affected. for the cell timing arc, (saed14rvt_ss0p6v125c/SAEDRVT14_INV_S_2) core_i/ex_stage_i/alu_i/U1933/A-->X (min negative_unate) [r/f slew = 0.400293/0.163825, lib_range = [0.003 0.133]/[0.003 0.133] (nS)] (RC-011)
Warning: An extrapolation exceeding 10% of the library characterization range has been detected. The delay calculation accuracy may be affected. for the cell timing arc, (saed14rvt_ss0p6v125c/SAEDRVT14_AN2_MM_2) core_i/U130/A2-->X (max positive_unate) [r/f slew = 0.172599/0.495108, lib_range = [0.003 0.133]/[0.003 0.133] (nS)] (RC-011)
Warning: An extrapolation exceeding 10% of the library characterization range has been detected. The delay calculation accuracy may be affected. for the cell timing arc, (saed14rvt_ss0p6v125c/SAEDRVT14_AN2_MM_2) core_i/U130/A2-->X (min positive_unate) [r/f slew = 0.163826/0.400238, lib_range = [0.003 0.133]/[0.003 0.133] (nS)] (RC-011)
Warning: An extrapolation exceeding 10% of the library characterization range has been detected. The delay calculation accuracy may be affected. for the cell timing arc, (saed14rvt_ss0p6v125c/SAEDRVT14_AN2_MM_2) core_i/load_store_unit_i/mult_add_346_aco/U5/A2-->X (max positive_unate) [r/f slew = 0.172842/0.495314, lib_range = [0.003 0.133]/[0.003 0.133] (nS)] (RC-011)
Warning: An extrapolation exceeding 10% of the library characterization range has been detected. The delay calculation accuracy may be affected. for the cell timing arc, (saed14rvt_ss0p6v125c/SAEDRVT14_AN2_MM_2) core_i/load_store_unit_i/mult_add_346_aco/U5/A2-->X (min positive_unate) [r/f slew = 0.163826/0.400317, lib_range = [0.003 0.133]/[0.003 0.133] (nS)] (RC-011)
Warning: An extrapolation exceeding 10% of the library characterization range has been detected. The delay calculation accuracy may be affected. for the cell timing arc, (saed14rvt_ss0p6v125c/SAEDRVT14_OR2_2) core_i/ex_stage_i/alu_i/U2793/A1-->X (max positive_unate) [r/f slew = 0.172774/0.495181, lib_range = [0.003 0.133]/[0.003 0.133] (nS)] (RC-011)
Warning: An extrapolation exceeding 10% of the library characterization range has been detected. The delay calculation accuracy may be affected. for the cell timing arc, (saed14rvt_ss0p6v125c/SAEDRVT14_OR2_2) core_i/ex_stage_i/alu_i/U2793/A1-->X (min positive_unate) [r/f slew = 0.16381/0.40028, lib_range = [0.003 0.133]/[0.003 0.133] (nS)] (RC-011)
Warning: An extrapolation exceeding 10% of the library characterization range has been detected. The delay calculation accuracy may be affected. for the cell timing arc, (saed14rvt_ss0p6v125c/SAEDRVT14_AN2_MM_2) core_i/ex_stage_i/alu_i/U2798/A2-->X (max positive_unate) [r/f slew = 0.172781/0.495191, lib_range = [0.003 0.133]/[0.003 0.133] (nS)] (RC-011)
Warning: An extrapolation exceeding 10% of the library characterization range has been detected. The delay calculation accuracy may be affected. for the cell timing arc, (saed14rvt_ss0p6v125c/SAEDRVT14_AN2_MM_2) core_i/ex_stage_i/alu_i/U2798/A2-->X (min positive_unate) [r/f slew = 0.163804/0.40028, lib_range = [0.003 0.133]/[0.003 0.133] (nS)] (RC-011)
Warning: An extrapolation exceeding 10% of the library characterization range has been detected. The delay calculation accuracy may be affected. for the cell timing arc, (saed14rvt_ss0p6v125c/SAEDRVT14_AOI21_V1_4) core_i/ex_stage_i/alu_i/U850/A2-->X (max negative_unate) [r/f slew = 0.495131/0.172727, lib_range = [0.003 0.133]/[0.003 0.133] (nS)] (RC-011)
Warning: An extrapolation exceeding 10% of the library characterization range has been detected. The delay calculation accuracy may be affected. for the cell timing arc, (saed14rvt_ss0p6v125c/SAEDRVT14_AOI21_V1_4) core_i/ex_stage_i/alu_i/U850/A2-->X (min negative_unate) [r/f slew = 0.400269/0.163833, lib_range = [0.003 0.133]/[0.003 0.133] (nS)] (RC-011)
Warning: An extrapolation exceeding 10% of the library characterization range has been detected. The delay calculation accuracy may be affected. for the cell timing arc, (saed14rvt_ss0p6v125c/SAEDRVT14_AO22_2) core_i/ex_stage_i/alu_i/alu_div_i/U122/A1-->X (max positive_unate) [r/f slew = 0.172854/0.49532, lib_range = [0.003 0.133]/[0.003 0.133] (nS)] (RC-011)
Warning: An extrapolation exceeding 10% of the library characterization range has been detected. The delay calculation accuracy may be affected. for the cell timing arc, (saed14rvt_ss0p6v125c/SAEDRVT14_AO22_2) core_i/ex_stage_i/alu_i/alu_div_i/U122/A1-->X (min positive_unate) [r/f slew = 0.163824/0.400319, lib_range = [0.003 0.133]/[0.003 0.133] (nS)] (RC-011)
Warning: An extrapolation exceeding 10% of the library characterization range has been detected. The delay calculation accuracy may be affected. for the cell timing arc, (saed14rvt_ss0p6v125c/SAEDRVT14_AO22_2) core_i/ex_stage_i/alu_i/alu_div_i/U122/A1-->X (max positive_unate) [r/f slew = 0.172854/0.49532, lib_range = [0.003 0.133]/[0.003 0.133] (nS)] (RC-011)
Warning: An extrapolation exceeding 10% of the library characterization range has been detected. The delay calculation accuracy may be affected. for the cell timing arc, (saed14rvt_ss0p6v125c/SAEDRVT14_AO22_2) core_i/ex_stage_i/alu_i/alu_div_i/U122/A1-->X (min positive_unate) [r/f slew = 0.163824/0.400319, lib_range = [0.003 0.133]/[0.003 0.133] (nS)] (RC-011)
Warning: An extrapolation exceeding 10% of the library characterization range has been detected. The delay calculation accuracy may be affected. for the cell timing arc, (saed14rvt_ss0p6v125c/SAEDRVT14_AO22_2) core_i/ex_stage_i/alu_i/alu_div_i/U122/A1-->X (max positive_unate) [r/f slew = 0.172854/0.49532, lib_range = [0.003 0.133]/[0.003 0.133] (nS)] (RC-011)
Warning: An extrapolation exceeding 10% of the library characterization range has been detected. The delay calculation accuracy may be affected. for the cell timing arc, (saed14rvt_ss0p6v125c/SAEDRVT14_AO22_2) core_i/ex_stage_i/alu_i/alu_div_i/U122/A1-->X (min positive_unate) [r/f slew = 0.163824/0.400319, lib_range = [0.003 0.133]/[0.003 0.133] (nS)] (RC-011)
Warning: An extrapolation exceeding 10% of the library characterization range has been detected. The delay calculation accuracy may be affected. for the cell timing arc, (saed14rvt_ss0p6v125c/SAEDRVT14_AO22_2) core_i/ex_stage_i/alu_i/alu_div_i/U122/A1-->X (max positive_unate) [r/f slew = 0.172854/0.49532, lib_range = [0.003 0.133]/[0.003 0.133] (nS)] (RC-011)
Warning: An extrapolation exceeding 10% of the library characterization range has been detected. The delay calculation accuracy may be affected. for the cell timing arc, (saed14rvt_ss0p6v125c/SAEDRVT14_AO22_2) core_i/ex_stage_i/alu_i/alu_div_i/U122/A1-->X (min positive_unate) [r/f slew = 0.163824/0.400319, lib_range = [0.003 0.133]/[0.003 0.133] (nS)] (RC-011)
Warning: An extrapolation exceeding 10% of the library characterization range has been detected. The delay calculation accuracy may be affected. for the cell timing arc, (saed14rvt_ss0p6v125c/SAEDRVT14_AO22_2) core_i/ex_stage_i/alu_i/U214/A1-->X (max positive_unate) [r/f slew = 0.172809/0.495253, lib_range = [0.003 0.133]/[0.003 0.133] (nS)] (RC-011)
Warning: An extrapolation exceeding 10% of the library characterization range has been detected. The delay calculation accuracy may be affected. for the cell timing arc, (saed14rvt_ss0p6v125c/SAEDRVT14_AO22_2) core_i/ex_stage_i/alu_i/U214/A1-->X (min positive_unate) [r/f slew = 0.163821/0.400288, lib_range = [0.003 0.133]/[0.003 0.133] (nS)] (RC-011)
Warning: An extrapolation exceeding 10% of the library characterization range has been detected. The delay calculation accuracy may be affected. for the cell timing arc, (saed14rvt_ss0p6v125c/SAEDRVT14_AO22_2) core_i/ex_stage_i/alu_i/U214/A1-->X (max positive_unate) [r/f slew = 0.172809/0.495253, lib_range = [0.003 0.133]/[0.003 0.133] (nS)] (RC-011)
Warning: An extrapolation exceeding 10% of the library characterization range has been detected. The delay calculation accuracy may be affected. for the cell timing arc, (saed14rvt_ss0p6v125c/SAEDRVT14_AO22_2) core_i/ex_stage_i/alu_i/U214/A1-->X (min positive_unate) [r/f slew = 0.163821/0.400288, lib_range = [0.003 0.133]/[0.003 0.133] (nS)] (RC-011)
Warning: An extrapolation exceeding 10% of the library characterization range has been detected. The delay calculation accuracy may be affected. for the cell timing arc, (saed14rvt_ss0p6v125c/SAEDRVT14_AO22_2) core_i/id_stage_i/U1258/A1-->X (max positive_unate) [r/f slew = 0.172548/0.495055, lib_range = [0.003 0.133]/[0.003 0.133] (nS)] (RC-011)
Warning: An extrapolation exceeding 10% of the library characterization range has been detected. The delay calculation accuracy may be affected. for the cell timing arc, (saed14rvt_ss0p6v125c/SAEDRVT14_AO22_2) core_i/id_stage_i/U1258/A1-->X (min positive_unate) [r/f slew = 0.163821/0.400225, lib_range = [0.003 0.133]/[0.003 0.133] (nS)] (RC-011)
Warning: An extrapolation exceeding 10% of the library characterization range has been detected. The delay calculation accuracy may be affected. for the cell timing arc, (saed14rvt_ss0p6v125c/SAEDRVT14_AO22_2) core_i/id_stage_i/U1258/A1-->X (max positive_unate) [r/f slew = 0.172548/0.495055, lib_range = [0.003 0.133]/[0.003 0.133] (nS)] (RC-011)
Warning: An extrapolation exceeding 10% of the library characterization range has been detected. The delay calculation accuracy may be affected. for the cell timing arc, (saed14rvt_ss0p6v125c/SAEDRVT14_AO22_2) core_i/id_stage_i/U1258/A1-->X (min positive_unate) [r/f slew = 0.163821/0.400225, lib_range = [0.003 0.133]/[0.003 0.133] (nS)] (RC-011)
Warning: An extrapolation exceeding 10% of the library characterization range has been detected. The delay calculation accuracy may be affected. for the cell timing arc, (saed14rvt_ss0p6v125c/SAEDRVT14_AO22_2) core_i/id_stage_i/U1258/A1-->X (max positive_unate) [r/f slew = 0.172548/0.495055, lib_range = [0.003 0.133]/[0.003 0.133] (nS)] (RC-011)
Warning: An extrapolation exceeding 10% of the library characterization range has been detected. The delay calculation accuracy may be affected. for the cell timing arc, (saed14rvt_ss0p6v125c/SAEDRVT14_AO22_2) core_i/id_stage_i/U1258/A1-->X (min positive_unate) [r/f slew = 0.163821/0.400225, lib_range = [0.003 0.133]/[0.003 0.133] (nS)] (RC-011)
Warning: An extrapolation exceeding 10% of the library characterization range has been detected. The delay calculation accuracy may be affected. for the cell timing arc, (saed14rvt_ss0p6v125c/SAEDRVT14_AO22_2) core_i/id_stage_i/U1258/A1-->X (max positive_unate) [r/f slew = 0.172548/0.495055, lib_range = [0.003 0.133]/[0.003 0.133] (nS)] (RC-011)
Warning: An extrapolation exceeding 10% of the library characterization range has been detected. The delay calculation accuracy may be affected. for the cell timing arc, (saed14rvt_ss0p6v125c/SAEDRVT14_AO22_2) core_i/id_stage_i/U1258/A1-->X (min positive_unate) [r/f slew = 0.163821/0.400225, lib_range = [0.003 0.133]/[0.003 0.133] (nS)] (RC-011)
****************************************
Report : global_timing
	-format { narrow }
Design : cv32e40p_top
Version: O-2018.06-SP1
Date   : Sun Jul  6 22:17:47 2025
****************************************

No setup violations found.

No hold violations found.
1
