
Start of Master/Slave Task Processing
-------------------------------------
Information: Checked out license 'PrimeTime' (PT-019)
Information: Checked out license 'PrimeTime' (PT-019)
Started    : Command execution in scenario 'func_fast_Cmin'
Information: Checked out license 'PrimeTime' (PT-019)
Started    : Command execution in scenario 'func_fast_Cmax'
Started    : Command execution in scenario 'func_slow_Cmax'
Started    : Command execution in scenario 'func_slow_Cmin'
Restoring  : User image for scenario 'func_fast_Cmin'
Restoring  : User image for scenario 'func_fast_Cmax'
Restoring  : User image for scenario 'func_slow_Cmax'
Restoring  : User image for scenario 'func_slow_Cmin'
Succeeded  : Command execution in scenario 'func_slow_Cmin'
Succeeded  : Command execution in scenario 'func_fast_Cmax'
Succeeded  : Command execution in scenario 'func_fast_Cmin'
Succeeded  : Command execution in scenario 'func_slow_Cmax'
-----------------------------------
End of Master/Slave Task Processing

****************************************
Report : constraint
	-all_violators
	-path slack_only
Design : multi_scenario design
Version: O-2018.06-SP1
Date   : Sun Jul  6 22:22:18 2025
****************************************

Scenarios: func_slow_Cmax func_slow_Cmin func_fast_Cmax func_fast_Cmin 






   min_capacitance

                                           Required       Actual
   Pin                      Scenario       Capacitance    Capacitance    Slack
   ---------------------------------------------------------------------------
   boot_addr_i[0]           func_fast_Cmax     0.15           0.00     -0.15  (VIOLATED)
   boot_addr_i[1]           func_fast_Cmax     0.15           0.00     -0.15  (VIOLATED)
   dm_exception_addr_i[0]   func_fast_Cmax     0.15           0.00     -0.15  (VIOLATED)
   dm_exception_addr_i[1]   func_fast_Cmax     0.15           0.00     -0.15  (VIOLATED)
   dm_halt_addr_i[0]        func_fast_Cmax     0.15           0.00     -0.15  (VIOLATED)
   dm_halt_addr_i[1]        func_fast_Cmax     0.15           0.00     -0.15  (VIOLATED)
   mtvec_addr_i[0]          func_fast_Cmax     0.15           0.00     -0.15  (VIOLATED)
   mtvec_addr_i[1]          func_fast_Cmax     0.15           0.00     -0.15  (VIOLATED)
   mtvec_addr_i[2]          func_fast_Cmax     0.15           0.00     -0.15  (VIOLATED)
   mtvec_addr_i[3]          func_fast_Cmax     0.15           0.00     -0.15  (VIOLATED)
   mtvec_addr_i[4]          func_fast_Cmax     0.15           0.00     -0.15  (VIOLATED)
   mtvec_addr_i[5]          func_fast_Cmax     0.15           0.00     -0.15  (VIOLATED)
   mtvec_addr_i[6]          func_fast_Cmax     0.15           0.00     -0.15  (VIOLATED)
   mtvec_addr_i[7]          func_fast_Cmax     0.15           0.00     -0.15  (VIOLATED)
   pulp_clock_en_i          func_fast_Cmax     0.15           0.00     -0.15  (VIOLATED)


1
